V/WindowManager( 1871): Layouts looping: WallpaperMayChange, mPendingLayoutChanges = 0x4
E/WindowManager( 1871): Performed 6 layouts in a row. Skipping
V/WindowManager( 1871): Layouts looping: On entry to LockedInner, mPendingLayoutChanges = 0x4
V/WindowManager( 1871): Layouts looping: loop number 4, mPendingLayoutChanges = 0x0
V/WindowManager( 1871): Layouts looping: after finishPostLayoutPolicyLw, mPendingLayoutChanges = 0x0
V/WindowManager( 1871): Layouts looping: wallpaper and commitFinishDrawingLocked true, mPendingLayoutChanges = 0x4
V/WindowManager( 1871): Layouts looping: WallpaperMayChange, mPendingLayoutChanges = 0x4
V/WindowManager( 1871): Layouts looping: On entry to LockedInner, mPendingLayoutChanges = 0x4
V/WindowManager( 1871): Layouts looping: loop number 5, mPendingLayoutChanges = 0x0
V/WindowManager( 1871): Layouts looping: after finishPostLayoutPolicyLw, mPendingLayoutChanges = 0x0
V/WindowManager( 1871): Layouts looping: wallpaper and commitFinishDrawingLocked true, mPendingLayoutChanges = 0x4
V/WindowManager( 1871): Layouts looping: WallpaperMayChange, mPendingLayoutChanges = 0x4
E/WindowManager( 1871): Performed 6 layouts in a row. Skipping
V/WindowManager( 1871): Layouts looping: On entry to LockedInner, mPendingLayoutChanges = 0x4
V/WindowManager( 1871): Layouts looping: loop number 4, mPendingLayoutChanges = 0x0
V/WindowManager( 1871): Layouts looping: after finishPostLayoutPolicyLw, mPendingLayoutChanges = 0x0
V/WindowManager( 1871): Layouts looping: wallpaper and commitFinishDrawingLocked true, mPendingLayoutChanges = 0x4
V/WindowManager( 1871): Layouts looping: WallpaperMayChange, mPendingLayoutChanges = 0x4
V/WindowManager( 1871): Layouts looping: On entry to LockedInner, mPendingLayoutChanges = 0x4
V/WindowManager( 1871): Layouts looping: loop number 5, mPendingLayoutChanges = 0x0
V/WindowManager( 1871): Layouts looping: after finishPostLayoutPolicyLw, mPendingLayoutChanges = 0x0
V/WindowManager( 1871): Layouts looping: wallpaper and commitFinishDrawingLocked true, mPendingLayoutChanges = 0x4
V/WindowManager( 1871): Layouts looping: WallpaperMayChange, mPendingLayoutChanges = 0x4
E/WindowManager( 1871): Performed 6 layouts in a row. Skipping
V/WindowManager( 1871): Layouts looping: On entry to LockedInner, mPendingLayoutChanges = 0x4
V/WindowManager( 1871): Layouts looping: loop number 4, mPendingLayoutChanges = 0x0
V/WindowManager( 1871): Layouts looping: after finishPostLayoutPolicyLw, mPendingLayoutChanges = 0x0
V/WindowManager( 1871): Layouts looping: wallpaper and commitFinishDrawingLocked true, mPendingLayoutChanges = 0x4
V/WindowManager( 1871): Layouts looping: WallpaperMayChange, mPendingLayoutChanges = 0x4
V/WindowManager( 1871): Layouts looping: On entry to LockedInner, mPendingLayoutChanges = 0x4
V/WindowManager( 1871): Layouts looping: loop number 5, mPendingLayoutChanges = 0x0
V/WindowManager( 1871): Layouts looping: after finishPostLayoutPolicyLw, mPendingLayoutChanges = 0x0
V/WindowManager( 1871): Layouts looping: wallpaper and commitFinishDrawingLocked true, mPendingLayoutChanges = 0x4
V/WindowManager( 1871): Layouts looping: WallpaperMayChange, mPendingLayoutChanges = 0x4
W/ActivityManager( 1871): Activity pause timeout for ActivityRecord{32e1ec1e u0 com.myapp.android.popularmovies/.MainActivity t458 f}
E/WindowManager( 1871): Performed 6 layouts in a row. Skipping
D/Event   ( 2241): No subscribers registered for event class com.yahoo.sensors.android.music.MusicController$MusicClient
D/Event   ( 2241): No subscribers registered for event class de.greenrobot.event.h
D/Event   ( 2241): No subscribers registered for event class com.yahoo.sensors.android.music.MusicController$MusicClient
D/Event   ( 2241): No subscribers registered for event class de.greenrobot.event.h
D/Event   ( 2241): No subscribers registered for event class com.yahoo.sensors.android.music.MusicController$MusicControlFlag
D/Event   ( 2241): No subscribers registered for event class de.greenrobot.event.h
I/ActivityManager( 1871): Killing 7692:com.amazon.mShop.android.shopping/u0a124 (adj 15): empty #17
D/WifiService( 1871): Client connection lost with reason: 4
I/ActivityManager( 1871): Start proc 10000:com.amazon.mShop.android.shopping/u0a124 for broadcast com.amazon.mShop.android.shopping/com.amazon.clouddrive.library.device.receivers.PackageReceiverProxy
I/ActivityManager( 1871): Killing 7759:com.socialnmobile.dictapps.notepad.color.note/u0a131 (adj 15): empty #17
W/ResourcesManager(10000): Asset path '/system/framework/com.google.android.maps.jar' does not exist or contains no resources.
I/DPLogger(10000): DPLogger - Name was too long. Truncating; original name: BaseMetricsServiceFactory, truncated name: BaseMetricsServiceFacto
I/DPLogger(10000): DPLogger - Name was too long. Truncating; original name: MetricsConfigurationParser, truncated name: MetricsConfigurationPar
I/MetricsConfigurationPar(10000): MetricsConfigurationParser - Picking configuration; Domain: prod, Build: user, isDebuggable: false
I/DPLogger(10000): DPLogger - Name was too long. Truncating; original name: TComm.HttpClientSrrManager, truncated name: TComm.HttpClientSrrMana
I/DPLogger(10000): DPLogger - Name was too long. Truncating; original name: AndroidDeviceInfoManager, truncated name: AndroidDeviceInfoManage
I/DPLogger(10000): DPLogger - Name was too long. Truncating; original name: Metrics:BoundedByteArrayQueue, truncated name: Metrics:BoundedByteArra
I/DPLogger(10000): DPLogger - Name was too long. Truncating; original name: Metrics:NonVolatileBoundedByteArrayQueue, truncated name: Metrics:NonVolatileBoun
I/DPLogger(10000): DPLogger - Name was too long. Truncating; original name: Metrics:BatchTransmitter, truncated name: Metrics:BatchTransmitte
I/DPLogger(10000): DPLogger - Name was too long. Truncating; original name: Metrics:ThreadPoolBatchTransmitter, truncated name: Metrics:ThreadPoolBatch
I/DPLogger(10000): DPLogger - Name was too long. Truncating; original name: PeriodicBatchTransmitter, truncated name: PeriodicBatchTransmitte
I/DPLogger(10000): DPLogger - Name was too long. Truncating; original name: Metrics:UrgentBatchTransmitter, truncated name: Metrics:UrgentBatchTran
W/BaseMetricsServiceFacto(10000): createMetricsService - Skipping batch pipeline setup for ; RESERVED_FOR_LOCATION_SERVICE:  because no configuration is provided.
W/BaseMetricsServiceFacto(10000): createMetricsService - Skipping batch pipeline setup for ; RESERVED_FOR_NON_ANONYMOUS_METRICS:  because no configuration is provided.
I/DPLogger(10000): DPLogger - Name was too long. Truncating; original name: MetricsBroadcastReceiver, truncated name: MetricsBroadcastReceive
I/Metrics:BatchTransmitte(10000): QueuePusher.sendBatches - Drained batch queue.; Number of HIGH queue batches sent: 0
I/Metrics:BatchTransmitte(10000): QueuePusher.sendBatches - Drained batch queue.; Number of NORMAL queue batches sent: 0
V/DexElementCompatibility(10000): ElementObjectFileFileDexFile is not the right one for this platform
V/DexElementCompatibility(10000): ElementObjectFileZipFileDexFile is not the right one for this platform
V/AmazonApplication(10000): Unable to execute setConfigCallbackForViewRoot on Android Platform5.1.1
I/com.amazon.mShop.android.shopping/com.amazon.identity.auth.device.api.MAPInit(10000): Initializing MAP (130050001 / MAPAndroidLib-1.0.906.4) for app com.amazon.mShop.android.shopping
V/DexElementCompatibility(10000): ElementObjectFileFileDexFile is not the right one for this platform
V/DexElementCompatibility(10000): ElementObjectFileZipFileDexFile is not the right one for this platform
D/WifiService( 1871): New client listening to asynchronous messages
W/com.amazon.dcp.settings.SettingsCache(10000): Permission to read device settings doesn't exist. This is normal on third-party devices.
I/com.amazon.dcp.settings.SettingsCache(10000): Always use default values for settings
I/DPLogger(10000): DPLogger - Name was too long. Truncating; original name: CrashDescriptorStorageUtil, truncated name: CrashDescriptorStorageU
I/CrashDescriptorStorageU(10000): loadFromSharedPreferences - No keys retrieved from shared preferences.;
I/com.amazon.device.crashmanager.CrashDetectionHelper(10000): Installing crash detector as default exception handler.
I/com.amazon.mShop.android.shopping/com.amazon.identity.auth.device.features.FeatureCache(10000): Caching feature IsolateApplication as false
I/com.amazon.device.crashmanager.CrashDetectionHelper(10000): Skipping crash report upload. WiFi/Ethernet is not connected AND upload over WAN is not allowed
I/com.amazon.mShop.android.shopping/com.amazon.identity.auth.device.features.FeatureCache(10000): Caching feature IsolateApplication as false
I/com.amazon.mShop.android.shopping/com.amazon.identity.auth.device.features.FeatureCache(10000): Caching feature IsolateApplication as false
I/com.amazon.mShop.android.shopping/com.amazon.identity.auth.device.utils.CentralApkUtils(10000): Cannot find amazon authenticator. returning null
I/com.amazon.mShop.android.shopping/com.amazon.identity.auth.device.utils.CentralApkUtils(10000): No central apk detected. This should be a 3P device.
I/com.amazon.mShop.android.shopping/com.amazon.identity.auth.device.features.FeatureCache(10000): Caching feature IsolateApplication as false
I/com.amazon.mShop.android.shopping/com.amazon.identity.auth.device.attribute.DeviceAttributeCache(10000): Setting device attribute CentralAPK to false
I/com.amazon.mShop.android.shopping/com.amazon.identity.auth.device.features.FeatureCache(10000): Caching feature IsolateApplication as false
W/ResourceType( 2061): No package identifier when getting value for resource number 0x00000000
W/PackageManager( 2061): Failure retrieving resources for com.myapp.android.popularmovies: Resource ID #0x0
I/com.amazon.mShop.android.shopping/com.amazon.identity.auth.device.features.FeatureCache(10000): Caching feature IsolateApplication as false
I/com.amazon.mShop.android.shopping/com.amazon.identity.auth.device.features.FeatureCache(10000): Caching feature IsolateApplication as false
I/ActivityManager( 1871): Start proc 10063:com.cleartrip.android/u0a159 for broadcast com.cleartrip.android/com.betaglide.betaglide_android.BGPackageReceiver
I/ActivityManager( 1871): Killing 7643:com.google.android.calendar/u0a43 (adj 15): empty #17
I/com.amazon.mShop.android.shopping/com.amazon.identity.auth.device.features.FeatureCache(10000): Caching feature IsolateApplication as false
I/MultiDex(10063): VM with version 2.1.0 has multidex support
I/MultiDex(10063): install
I/MultiDex(10063): VM has multidex support, MultiDex support library is disabled.
I/MultiDex(10063): install
I/MultiDex(10063): VM has multidex support, MultiDex support library is disabled.
D/Trip38Lib(10063): Trip38 sdk initiated with vNeALKQ2C2HkZpXieQZlFQUwATw76DZ1
I/ActivityManager( 1871): Killing 9397:com.google.android.apps.fitness/u0a58 (adj 15): empty #17
I/com.amazon.mShop.android.shopping/com.amazon.identity.auth.device.storage.DistributedDataStorage(10000): Am the latest application. Setting up alarm to clean database
I/com.amazon.mShop.android.shopping/com.amazon.identity.auth.device.features.FeatureCache(10000): Caching feature IsolateApplication as false
I/com.amazon.mShop.android.shopping/com.amazon.identity.auth.device.features.FeatureCache(10000): Caching feature IsolateApplication as false
I/com.amazon.mShop.android.shopping/com.amazon.identity.auth.device.features.FeatureCache(10000): Caching feature IsolateApplication as false
I/com.amazon.mShop.android.shopping/com.amazon.identity.auth.device.features.FeatureCache(10000): Caching feature IsolateApplication as false
I/com.amazon.mShop.android.shopping/com.amazon.identity.auth.device.features.FeatureCache(10000): Caching feature IsolateApplication as false
I/com.amazon.mShop.android.shopping/com.amazon.identity.auth.device.features.FeatureCache(10000): Caching feature IsolateApplication as false
I/com.amazon.mShop.android.shopping/com.amazon.identity.auth.device.features.FeatureCache(10000): Caching feature IsolateApplication as false
I/com.amazon.mShop.android.shopping/com.amazon.identity.auth.accounts.MultipleAccountPluginHolder(10000): Returning Default multiple profile settings
W/ActivityManager( 1871): getTasks: caller 10142 does not hold GET_TASKS; limiting output
D/BuaReceiver(30344): ====== got intent:Intent { act=android.intent.action.PACKAGE_ADDED dat=package:com.myapp.android.popularmovies flg=0x4000010 cmp=com.motorola.android.buacontactadapter/.BuaReceiver (has extras) }
I/ActivityManager( 1871): Start proc 10094:com.google.android.partnersetup/u0a19 for broadcast com.google.android.partnersetup/.RlzPingBroadcastReceiver
D/PackageBroadcastService( 2193): Received broadcast action=android.intent.action.PACKAGE_ADDED and uri=com.myapp.android.popularmovies
D/ChimeraCfgMgr( 2193): Loading module com.google.android.gms.games from APK com.google.android.play.games
D/ChimeraModuleLdr( 2193): Module APK com.google.android.play.games already loaded
D/ChimeraCfgMgr( 2193): Loading module com.google.android.gms.games from APK com.google.android.play.games
D/ChimeraModuleLdr( 2193): Module APK com.google.android.play.games already loaded
I/ActivityManager( 1871): Killing 7670:com.android.providers.calendar/u0a5 (adj 15): empty #17
I/ConfigFetchService( 2193): onStartCommand Intent { act=android.intent.action.PACKAGE_ADDED dat=package:com.myapp.android.popularmovies cmp=com.google.android.gms/.config.ConfigFetchService (has extras) }
I/ConfigFetchService( 2193): launchTask
I/ConfigFetchService( 2193): service connected
V/ConfigFetchTask( 2193): ConfigFetchTask getDeviceDataVersionInfo(): ABFEt1WntuOSFoup1xO2FieG8mfn_hlaiPt6nrFG_24AFqRzbVDmmmS6kiyOS8Y3UmlzzZxPKhR75kKsOLFrQ9FBUE7RZ_c6dJGw6fiVGSxDVpJZC3bhKGafp2pCdqGDclYBqkD662tmIIBJ48Tug0-4ih7jEkMmCQqJ1UTapdt3oqZ0p0MiqSAhnICmDdmdl9GWwLw8xMbDAEjM0WTvvyOABgEDr54iRF4cY_fMjcI2_Y1FgkTDOUg
D/ChimeraCfgMgr( 2193): Loading module com.google.android.gms.vision from APK com.google.android.gms
D/Vision  ( 2193): Received broadcast Intent { act=android.intent.action.PACKAGE_ADDED dat=package:com.myapp.android.popularmovies flg=0x4000010 cmp=com.google.android.gms/.vision.DependencyBroadcastReceiverProxy (has extras) }
D/Vision  ( 2193): Failed to find package metadata for com.myapp.android.popularmovies
D/Vision  ( 2193): No vision deps
I/GoogleURLConnFactory( 2193): Using platform SSLCertificateSocketFactory
D/ConfigFetchService( 2193): ConfigApi connection successful.
I/AppIncrementalLogger(23374): logEvent(): Logged 127 bytes in 46 ms
I/UpdateIcingCorporaServi(23374): Updating corpora: APPS=com.myapp.android.popularmovies, CONTACTS=MAYBE
W/ResourceType( 2241): No package identifier when getting value for resource number 0x00000000
W/PackageManager( 2241): Failure retrieving resources for com.myapp.android.popularmovies: Resource ID #0x0
W/ActivityManager( 1871): getTasks: caller 10142 does not hold GET_TASKS; limiting output
D/Event   ( 2241): No subscribers registered for event class com.tul.aviator.a.z
D/Event   ( 2241): No subscribers registered for event class de.greenrobot.event.h
I/ActivityManager( 1871): START u0 {flg=0x10800000 cmp=com.estrongs.android.pop/.app.InstallMonitorActivity (has extras)} from uid 10142 on display 0
V/WindowManager( 1871): addAppToken: AppWindowToken{2ab736d8 token=Token{383091bb ActivityRecord{278ace4a u0 com.estrongs.android.pop/.app.InstallMonitorActivity t459}}} to stack=1 task=459 at 0
D/WifiService( 1871): New client listening to asynchronous messages
I/ActivityManager( 1871): Start proc 10135:com.google.samples.apps.cardboarddemo/u0a154 for broadcast com.google.samples.apps.cardboarddemo/com.google.vr.cardboard.paperscope.windyday.WindyDayDemo$AssetExtractor
D/Event   ( 2241): No subscribers registered for event class com.yahoo.sensors.android.music.MusicController$MusicClient
D/Event   ( 2241): No subscribers registered for event class de.greenrobot.event.h
D/Event   ( 2241): No subscribers registered for event class com.yahoo.sensors.android.music.MusicController$MusicClient
D/Event   ( 2241): No subscribers registered for event class de.greenrobot.event.h
D/Event   ( 2241): No subscribers registered for event class com.yahoo.sensors.android.music.MusicController$MusicControlFlag
D/Event   ( 2241): No subscribers registered for event class de.greenrobot.event.h
D/BluetoothManagerService( 1871): Message: 20
D/BluetoothManagerService( 1871): Added callback: android.bluetooth.IBluetoothManagerCallback$Stub$Proxy@1dc17d33:true
D/BluetoothManagerService( 1871): checkIfCallerIsForegroundUser: valid=true callingUser=0 parentUser=-10000 foregroundUser=0
I/UpdateIcingCorporaServi(23374): UpdateCorporaTask done [took 162 ms] updated apps [took 162 ms] 
E/NetworkScheduler.SchedulerReceiver( 2479): Invalid parameter app
E/NetworkScheduler.SchedulerReceiver( 2479): Invalid package name : Perhaps you didn't include a PendingIntent in the extras?
D/ChimeraCfgMgr( 2193): Loading module com.google.android.gms.vision from APK com.google.android.gms
D/Vision  ( 2193): Received broadcast Intent { act=android.intent.action.PACKAGE_REPLACED dat=package:com.myapp.android.popularmovies flg=0x4000010 cmp=com.google.android.gms/.vision.DependencyBroadcastReceiverProxy (has extras) }
D/PackageBroadcastService( 2193): Received broadcast action=android.intent.action.PACKAGE_REPLACED and uri=com.myapp.android.popularmovies
D/Vision  ( 2193): Failed to find package metadata for com.myapp.android.popularmovies
D/Vision  ( 2193): No vision deps
I/ActivityManager( 1871): Start proc 10160:com.google.android.apps.cloudprint/u0a47 for broadcast com.google.android.apps.cloudprint/.printdialog.receivers.UpgradeBroadcastReceiver
I/Process ( 9914): Sending signal. PID: 9914 SIG: 9
W/InputMethodManagerService( 1871): Window already focused, ignoring focus gain of: com.android.internal.view.IInputMethodClient$Stub$Proxy@1f315fc6 attribute=null, token = android.os.BinderProxy@2b0cfa4d
W/Launcher( 9955): setApplicationContext called twice! old=com.google.android.velvet.VelvetApplication@39a590e new=com.google.android.velvet.VelvetApplication@39a590e
I/ActivityManager( 1871): Start proc 10184:com.google.android.apps.magazines/u0a74 for broadcast com.google.android.apps.magazines/com.google.apps.dots.android.app.receiver.FirstInstallNotificationReceiver
E/lowmemorykiller(  255): Error writing /proc/9914/oom_score_adj; errno=22
I/ActivityManager( 1871): Killing 9429:com.classdojo.android/u0a120 (adj 15): empty #17
I/ConfigFetchService( 2193): fetch service done; releasing wakelock
I/ConfigFetchService( 2193): stopping self
I/ActivityManager( 1871): Process com.myapp.android.popularmovies (pid 9914) has died
I/GAv4    (10184): Google Analytics 7.5.71 is starting up. To enable debug logging on a device run:
I/GAv4    (10184):   adb shell setprop log.tag.GAv4 DEBUG
I/GAv4    (10184):   adb logcat -s GAv4
W/GAv4    (10184): AnalyticsReceiver is not registered or is disabled. Register the receiver for reliable dispatching on non-Google Play devices. See http://goo.gl/8Rd3yj for instructions.
W/GAv4    (10184): CampaignTrackingReceiver is not registered, not exported or is disabled. Installation campaign tracking is not possible. See http://goo.gl/8Rd3yj for instructions.
W/GAv4    (10184): AnalyticsService not registered in the app manifest. Hits might not be delivered reliably. See http://goo.gl/8Rd3yj for instructions.
I/WebViewFactory(10184): Loading com.google.android.webview version 44.0.2403.90 (code 240309000)
I/LibraryLoader(10184): Time to load native libraries: 1 ms (timestamps 99-100)
I/LibraryLoader(10184): Expected native library version number "",actual native library version number ""
V/WebViewChromiumFactoryProvider(10184): Binding Chromium to main looper Looper (main, tid 1) {1f56c3ce}
I/LibraryLoader(10184): Expected native library version number "",actual native library version number ""
I/chromium(10184): [INFO:library_loader_hooks.cc(120)] Chromium logging enabled: level = 0, default verbosity = 0
I/BrowserStartupController(10184): Initializing chromium process, singleProcess=true
W/art     (10184): Attempt to remove local handle scope entry from IRT, ignoring
E/SysUtils(10184): ApplicationContext is null in ApplicationStatus
W/chromium(10184): [WARNING:resource_bundle.cc(285)] locale_file_path.empty()
E/libEGL  (10184): validate_display:255 error 3008 (EGL_BAD_DISPLAY)
E/libEGL  (10184): validate_display:255 error 3008 (EGL_BAD_DISPLAY)
I/Adreno  (10184): EGLInit: QTI Build: 01/29/15, 1bccc5d, I0ba6dce82d
W/AudioManagerAndroid(10184): Requires BLUETOOTH permission
I/art     ( 1871): Explicit concurrent mark sweep GC freed 26224(1434KB) AllocSpace objects, 3(48KB) LOS objects, 22% free, 54MB/70MB, paused 1.477ms total 92.305ms
I/NSApplication(10184): Starting up...
I/ActivityManager( 1871): Start proc 10246:com.amc/u0a105 for broadcast com.amc/com.xtify.sdk.wi.AlarmReceiver
W/ResourcesManager(10246): Asset path '/system/framework/com.google.android.maps.jar' does not exist or contains no resources.
E/XtifySDK 2.6.0 : AlarmReceiver(10246): listenerName is null
I/ActivityManager( 1871): Start proc 10269:com.ebay.mobile/u0a109 for broadcast com.ebay.mobile/.notifications.DeviceStartupReceiver
I/ActivityManager( 1871): Killing 9502:com.linkedin.android/u0a127 (adj 15): empty #17
I/Icing   ( 2193): Indexing 4C7E1FA2AE5D9E3171E3909F3BEBE55F7A473F9B from com.google.android.googlequicksearchbox
I/Icing   ( 2193): Indexing done 4C7E1FA2AE5D9E3171E3909F3BEBE55F7A473F9B
W/Settings(10063): Setting airplane_mode_on has moved from android.provider.Settings.System to android.provider.Settings.Global, returning read-only value.
W/Settings(10063): Setting airplane_mode_on has moved from android.provider.Settings.System to android.provider.Settings.Global, returning read-only value.
E/BroadcastReceiver( 4513): BroadcastReceiver trying to return result during a non-ordered broadcast
E/BroadcastReceiver( 4513): java.lang.RuntimeException: BroadcastReceiver trying to return result during a non-ordered broadcast
E/BroadcastReceiver( 4513): 	at android.content.BroadcastReceiver$PendingResult.checkSynchronousHint(BroadcastReceiver.java:445)
E/BroadcastReceiver( 4513): 	at android.content.BroadcastReceiver$PendingResult.setResultCode(BroadcastReceiver.java:267)
E/BroadcastReceiver( 4513): 	at com.urbanairship.push.GCMPushReceiver.onReceive(:55)
E/BroadcastReceiver( 4513): 	at android.app.ActivityThread.handleReceiver(ActivityThread.java:2609)
E/BroadcastReceiver( 4513): 	at android.app.ActivityThread.access$1700(ActivityThread.java:151)
E/BroadcastReceiver( 4513): 	at android.app.ActivityThread$H.handleMessage(ActivityThread.java:1380)
E/BroadcastReceiver( 4513): 	at android.os.Handler.dispatchMessage(Handler.java:102)
E/BroadcastReceiver( 4513): 	at android.os.Looper.loop(Looper.java:135)
E/BroadcastReceiver( 4513): 	at android.app.ActivityThread.main(ActivityThread.java:5254)
E/BroadcastReceiver( 4513): 	at java.lang.reflect.Method.invoke(Native Method)
E/BroadcastReceiver( 4513): 	at java.lang.reflect.Method.invoke(Method.java:372)
E/BroadcastReceiver( 4513): 	at com.android.internal.os.ZygoteInit$MethodAndArgsCaller.run(ZygoteInit.java:903)
E/BroadcastReceiver( 4513): 	at com.android.internal.os.ZygoteInit.main(ZygoteInit.java:698)
I/ActivityManager( 1871): Killing 9784:com.android.defcontainer/u0a9 (adj 15): empty #17
D/HeadsetStateMachine(14552): Disconnected process message: 10, size: 0
I/ActivityManager( 1871): Killing 9850:com.android.keychain/1000 (adj 15): empty #17
D/BtGatt.GattService(14552): stopScan() - queue size =1
D/BtGatt.GattService(14552): unregisterClient() - clientIf=5
D/BtGatt.GattService(14552): onScanFilterParamsConfigured() - clientIf=5, status=0, action=1, availableSpace=16
D/BtGatt.ScanManager(14552): callback done for clientIf - 5 status - 0
D/BtGatt.ScanManager(14552): stop scan
D/BtGatt.ScanManager(14552): configureRegularScanParams() - queue=0
D/BtGatt.ScanManager(14552): configureRegularScanParams() - ScanSetting Scan mode=-2147483648 mLastConfiguredScanSetting=0
D/BtGatt.ScanManager(14552): configureRegularScanParams() - queue emtpy, scan stopped
D/BtGatt.GattService(14552): registerClient() - UUID=74858fb2-90ae-4754-8f91-be09e0768246
D/BtGatt.GattService(14552): onClientRegistered() - UUID=74858fb2-90ae-4754-8f91-be09e0768246, clientIf=5
D/BluetoothLeScanner(23806): onClientRegistered() - status=0 clientIf=5
D/BtGatt.GattService(14552): start scan with filters
D/BtGatt.ScanManager(14552): handling starting scan
D/BtGatt.GattService(14552): onScanFilterEnableDisabled() - clientIf=5, status=0, action=1
D/BtGatt.ScanManager(14552): callback done for clientIf - 5 status - 0
D/BtGatt.ScanManager(14552): addFilterToController: 5
D/BtGatt.GattService(14552): onScanFilterConfig() - clientIf=5, action = 0 status = 0, filterType=5, availableSpace=47
D/BtGatt.ScanManager(14552): callback done for clientIf - 5 status - 0
D/BtGatt.GattService(14552): onScanFilterParamsConfigured() - clientIf=5, status=0, action=0, availableSpace=15
D/BtGatt.ScanManager(14552): callback done for clientIf - 5 status - 0
D/BtGatt.ScanManager(14552): addFilterToController: 5
D/BtGatt.GattService(14552): onScanFilterConfig() - clientIf=5, action = 0 status = 0, filterType=5, availableSpace=46
D/BtGatt.ScanManager(14552): callback done for clientIf - 5 status - 0
D/BtGatt.GattService(14552): onScanFilterParamsConfigured() - clientIf=5, status=0, action=0, availableSpace=14
D/BtGatt.ScanManager(14552): callback done for clientIf - 5 status - 0
D/BtGatt.ScanManager(14552): configureRegularScanParams() - queue=1
D/BtGatt.ScanManager(14552): configureRegularScanParams() - ScanSetting Scan mode=0 mLastConfiguredScanSetting=-2147483648
I/ConfigService( 2479): onDestroy
E/NetlinkEvent( 1504): NetlinkEvent::FindParam(): Parameter 'INTERFACE' not found
E/NetlinkEvent( 1504): NetlinkEvent::FindParam(): Parameter 'TIME_NS' not found
E/NetdConnector( 1871): Error handling '613 IfaceClass idle (null)': java.lang.NumberFormatException: Invalid int: "(null)"
I/InputReader( 1871): Reconfiguring input devices.  changes=0x00000010
W/ResourcesManager( 2241): Asset path '/system/framework/com.android.media.remotedisplay.jar' does not exist or contains no resources.
W/ResourcesManager( 2241): Asset path '/system/framework/com.android.location.provider.jar' does not exist or contains no resources.
I/ActivityManager( 1871): Start proc 10368:com.google.android.talk/u0a20 for broadcast com.google.android.talk/com.google.android.apps.hangouts.phone.PackageReplacedReceiver
D/Event   ( 2241): No subscribers registered for event class com.tul.aviator.a.z
D/Event   ( 2241): No subscribers registered for event class de.greenrobot.event.h
D/android.support.v7.widget.GridLayout( 2241): horizontal constraints: x6 - x0 > 1360, x6 - x5 < 226, x5 - x4 < 226, x4 - x3 < 226, x3 - x2 < 226, x2 - x1 < 226, x1 - x0 < 226 are inconsistent; permanently removing: x6 - x5 < 226. 
W/ResourcesManager(10368): Asset path '/system/framework/com.google.android.media.effects.jar' does not exist or contains no resources.
D/BackupManagerService( 1871): Received broadcast Intent { act=android.intent.action.PACKAGE_CHANGED dat=package:com.google.android.gms flg=0x4000010 (has extras) }
I/BackupManagerService( 1871): Unbinding ComponentInfo{com.google.android.gms/com.google.android.gms.backup.BackupTransportService}
I/BackupManagerService( 1871): Binding to transport host ComponentInfo{com.google.android.gms/com.google.android.gms.backup.BackupTransportService}
V/BackupManagerService( 1871): Connected to transport ComponentInfo{com.google.android.gms/com.google.android.gms.backup.BackupTransportService}
V/BackupManagerService( 1871): Registering transport com.google.android.gms/.backup.BackupTransportService::com.google.android.gms/.backup.BackupTransportService = com.android.internal.backup.IBackupTransport$Stub$Proxy@1dd5e7a0
V/GmsNetworkLocationProvi( 3062): DISABLE
I/GCoreNlp( 3062): shouldConfirmNlp, NLP off. Ensuring opt-in disabled
W/Launcher.Model( 9955): Nobody to tell about the new app.  Launcher is probably loading.
D/HeadsetStateMachine(14552): Disconnected process message: 10, size: 0
I/Babel   (10368): MmsConfig: mnc/mcc: 311/480
I/Babel   (10368): MmsConfig.loadMmsSettings
I/Babel   (10368): MmsConfig.loadDeviceMmsSettings from API: mUserAgent=nexus6, mUaProfUrl=http://uaprof.vtext.com/mot/nexus6/nexus6.xml
I/Babel   (10368): MmsConfig.loadFromDatabase
E/SQLiteLog(10368): (1) no such table: mmsconfig
I/Babel   (10368): MmsConfig: no mmsconfig table android.database.sqlite.SQLiteException: no such table: mmsconfig (code 1): , while compiling: SELECT key, value, type FROM mmsconfig WHERE numeric=?
I/Babel   (10368): MmsConfig.loadFromResources
E/Babel   (10368): canonicalizeMccMnc: invalid mccmnc nullnull
W/Babel   (10368): MmsConfig: invalid key=uaProfTagName or type=string
I/Babel   (10368): MmsConfig.loadMmsSettings: mUserAgent=nexus6, mUaProfUrl=http://uaprof.vtext.com/mot/nexus6/nexus6.xml
W/Settings(10368): Setting airplane_mode_on has moved from android.provider.Settings.System to android.provider.Settings.Global, returning read-only value.
I/Babel_StickerModule(10368): App launched.
I/Babel   (10368): TeleModule.launchCompleted
W/Telecom ( 1871): TelecomServiceImpl: null is not visible for the calling user
I/Babel   (10368): TeleModule.updateConnectionManagerRegistration, registration preference changed from false to false
I/Babel   (10368): TeleModule.updateIncomingCallRegistration, preferred account for incoming calls changed from: null to null
W/Telecom ( 1871): TelecomServiceImpl: null is not visible for the calling user
D/PackageBroadcastService( 2193): Received broadcast action=android.intent.action.PACKAGE_CHANGED and uri=com.google.android.gms
I/PackageBroadcastService( 2193): Null package name or gms related package.  Ignoreing.
I/UpdateIcingCorporaServi(23374): Updating corpora: APPS=com.google.android.gms, CONTACTS=MAYBE
W/Launcher( 9955): setApplicationContext called twice! old=com.google.android.velvet.VelvetApplication@39a590e new=com.google.android.velvet.VelvetApplication@39a590e
I/Icing   ( 2193): updateResources: need to parse f{com.google.android.gms}
I/UpdateIcingCorporaServi(23374): UpdateCorporaTask done [took 51 ms] updated apps [took 51 ms] 
W/VideoCapabilities(10368): Unrecognized profile 2130706433 for video/avc
I/VideoCapabilities(10368): Unsupported profile 4 for video/mp4v-es
I/Babel   (10368): Creating RTCS
I/Babel   (10368): Destroying RTCS
I/ActivityManager( 1871): Killing 9976:com.android.chrome:privileged_process1/u0a46 (adj 15): empty #17
W/ActivityManager( 1871): Scheduling restart of crashed service com.android.chrome/org.chromium.content.app.PrivilegedProcessService1 in 4000ms
I/ActivityManager( 1871): Start proc 10448:com.android.chrome:privileged_process1/u0a46 for service com.android.chrome/org.chromium.content.app.PrivilegedProcessService1
I/ChildProcessService(10448): Creating new ChildProcessService pid=10448
D/Finsky  ( 3800): [8120] AppStatesReplicator.handleContentSyncResponse: Completed 0 account content syncs with 0 successful.
D/Finsky  ( 3800): [1] 5.onFinished: Installation state replication succeeded.
I/ActivityManager( 1871): Killing 10094:com.google.android.partnersetup/u0a19 (adj 15): empty #17
I/Keyboard.Facilitator.LanguageModelFlusher( 2340): run()
I/Keyboard.Facilitator( 2340): flushDynamicLanguageModels()
I/ConfigService( 2479): onCreate
I/ConfigService( 2479): onDestroy
E/NetlinkEvent( 1504): NetlinkEvent::FindParam(): Parameter 'INTERFACE' not found
E/NetlinkEvent( 1504): NetlinkEvent::FindParam(): Parameter 'TIME_NS' not found
I/Exchange( 3433): Changes found in: 2
I/Exchange( 3433): Ping found changed folders for account 3
E/NetdConnector( 1871): Error handling '613 IfaceClass active (null)': java.lang.NumberFormatException: Invalid int: "(null)"
E/Exchange( 3433): unexpected collectiontype 0 in EasPing
I/Exchange( 3433): EasOperation requestSyncForMailboxes  Account {name=yogi@stratacache.com, type=com.google.android.gm.exchange}, Bundle[{__mailboxCount__=1, __mailboxId0__=62}]
I/Exchange( 3433): EasOperation requestSyncForMailboxes  Account {name=yogi@stratacache.com, type=com.google.android.gm.exchange}, Bundle[{__mailboxCount__=1, __mailboxId0__=62}]
I/Exchange( 3433): EasOperation requestSyncForMailboxes  Account {name=yogi@stratacache.com, type=com.google.android.gm.exchange}, Bundle[{__mailboxCount__=1, __mailboxId0__=62}]
I/Exchange( 3433): Ping task ending with status: 2
I/Exchange( 3433): PSS pingEnd for account 3
I/Exchange( 3433): PSS pingEnd, starting new ping acct:3.
I/Exchange( 3433): requestPing EasOperation Account {name=yogi@stratacache.com, type=com.google.android.gm.exchange}, Bundle[{force=true, __push_only__=true}]
I/Exchange( 3433): onPerformSync email: Bundle[{__mailboxCount__=1, __mailboxId0__=62}]
I/ActivityManager( 1871): Start proc 10684:com.android.providers.calendar/u0a5 for content provider com.android.providers.calendar/.CalendarProvider2
I/art     ( 1516): Explicit concurrent mark sweep GC freed 706(30KB) AllocSpace objects, 0(0B) LOS objects, 40% free, 21MB/36MB, paused 359us total 16.622ms
I/art     ( 1516): Explicit concurrent mark sweep GC freed 5(160B) AllocSpace objects, 0(0B) LOS objects, 40% free, 21MB/36MB, paused 351us total 15.895ms
I/Exchange( 3433): PSS syncStart for account acct:3
I/art     ( 1516): Explicit concurrent mark sweep GC freed 5(160B) AllocSpace objects, 0(0B) LOS objects, 40% free, 21MB/36MB, paused 334us total 13.813ms
W/ResourcesManager(10684): Asset path '/system/framework/android.test.runner.jar' does not exist or contains no resources.
I/CalendarProvider2(10684): Created com.android.providers.calendar.CalendarAlarmManager@373aa309(com.android.providers.calendar.CalendarProvider2@39a590e)
I/Exchange( 3433): onPerformSync calendar: Bundle[{__mailboxCount__=1, __mailboxId0__=62}]
I/Exchange( 3433): PSS syncStart for account acct:3
I/Exchange( 3433): PSS Sync needs to wait: Ping: no, Pending tasks: 2 acct: 3
D/Gmail   (31340): Insert: content://com.google.android.gm.email.provider/message
D/Gmail   (31340): Insert: content://com.google.android.gm.email.provider/body
I/CalendarProvider2(10684): Sending notification intent: Intent { act=android.intent.action.PROVIDER_CHANGED dat=content://com.android.calendar }
W/ContentResolver(10684): Failed to get type for: content://com.android.calendar (Unknown URL content://com.android.calendar)
I/ActivityManager( 1871): Start proc 10711:com.google.android.calendar/u0a43 for broadcast com.google.android.calendar/com.android.calendar.alerts.AlertReceiver
E/SQLiteLog(10711): (283) recovered 60 frames from WAL file /data/data/com.google.android.calendar/databases/timelydata.db-wal
I/Exchange( 3433): PSS syncEnd for account acct:3
I/Exchange( 3433): PSS Signalling a pending sync to proceed acct:3.
I/art     ( 1871): Explicit concurrent mark sweep GC freed 51761(2MB) AllocSpace objects, 7(1880KB) LOS objects, 23% free, 52MB/68MB, paused 1.701ms total 77.011ms
I/Exchange( 3433): onPerformSync contacts starting Bundle[{__mailboxCount__=1, __mailboxId0__=62}]
I/Exchange( 3433): PSS syncStart for account acct:3
I/Exchange( 3433): PSS Sync needs to wait: Ping: no, Pending tasks: 2 acct: 3
I/AnalyticsLogBase(10711): PlayLogger.onLoggerConnected
I/AnalyticsLogBase(10711): PlayLogger.onLoggerConnected
I/NotifUtils(31340): sendSetNewEmailIndicator account: 1083059200, folder: 70791782
I/NotifUtils(31340): Validating Notification, mapSize: 4 getAttention: true ignoreUnobtrusive: false
I/NotifUtils(31340): validateNotifications - cancelling -1122871935 for 1083059200 / -1103699138
I/NotifUtils(31340): sendSetNewEmailIndicator account: 1083059200, folder: 2055055122
I/NotifUtils(31340): Validating Notification, mapSize: 4 getAttention: true ignoreUnobtrusive: false
I/NotifUtils(31340): validateNotifications - cancelling -1122871936 for 1083059200 / -1425292080
I/NotifUtils(31340): sendSetNewEmailIndicator account: 1083059200, folder: 2573240
I/NotifUtils(31340): Validating Notification, mapSize: 4 getAttention: true ignoreUnobtrusive: false
I/NotifUtils(31340): Unseen count doesn't match cursor count.  unseen: 245 cursor count: 1
I/NotifUtils(31340): Notifications are disabled for this folder; not notifying
I/NotifUtils(31340): sendSetNewEmailIndicator account: 1083059200, folder: 81068824
I/NotifUtils(31340): Validating Notification, mapSize: 4 getAttention: true ignoreUnobtrusive: false
I/art     ( 1871): Explicit concurrent mark sweep GC freed 9452(476KB) AllocSpace objects, 0(0B) LOS objects, 23% free, 52MB/68MB, paused 1.402ms total 83.187ms
I/NotifUtils(31340): validateNotifications - cancelling -1122871907 for 1083059200 / 1148739720
I/art     (31340): Explicit concurrent mark sweep GC freed 19512(1397KB) AllocSpace objects, 2(111KB) LOS objects, 18% free, 35MB/43MB, paused 479us total 41.466ms
I/Exchange( 3433): PSS syncEnd for account acct:3
I/Exchange( 3433): PSS Signalling a pending sync to proceed acct:3.
I/ActivityManager( 1871): Killing 9876:com.google.android.apps.docs/u0a53 (adj 15): empty #17
I/NotifUtils(31340): sendSetNewEmailIndicator account: 1083059200, folder: 109578318
I/NotifUtils(31340): Validating Notification, mapSize: 4 getAttention: true ignoreUnobtrusive: false
I/Exchange( 3433): onPerformSync email: Bundle[{ignore_settings=true, force=true, ignore_backoff=true, __push_only__=true}]
I/NotifUtils(31340): validateNotifications - cancelling -1583714482 for 1083059200 / -363966625
I/Exchange( 3433): PSS pushModify acct:3
I/Exchange( 3433): PSS pushModify acct:3
I/Exchange( 3433): PSS syncs still in progress acct:3
I/Exchange( 3433): PSS syncEnd for account acct:3
I/Exchange( 3433): PSS last sync succeeded, starting new ping acct:3.
I/Exchange( 3433): Ping task starting for 3
I/GAV2    (10711): Thread[GAThread,5,main]: No campaign data found.
I/ActivityManager( 1871): Killing 10000:com.amazon.mShop.android.shopping/u0a124 (adj 15): empty #17
D/WifiService( 1871): Client connection lost with reason: 4
E/NetlinkEvent( 1504): NetlinkEvent::FindParam(): Parameter 'INTERFACE' not found
E/NetlinkEvent( 1504): NetlinkEvent::FindParam(): Parameter 'TIME_NS' not found
E/NetdConnector( 1871): Error handling '613 IfaceClass idle (null)': java.lang.NumberFormatException: Invalid int: "(null)"
I/NotifUtils(31340): sendSetNewEmailIndicator account: -162447056, folder: 70791782
I/NotifUtils(31340): Validating Notification, mapSize: 4 getAttention: true ignoreUnobtrusive: false
I/NotifUtils(31340): Unseen count doesn't match cursor count.  unseen: 2 cursor count: 1
I/NotifUtils(31340): Showing notification with unreadCount of 636 and unseenCount of 1
I/NotifUtils(31340): sendSetNewEmailIndicator account: -162447056, folder: 81068824
I/NotifUtils(31340): sendSetNewEmailIndicator account: -162447056, folder: 2573240
I/art     ( 1871): Explicit concurrent mark sweep GC freed 21761(912KB) AllocSpace objects, 1(16KB) LOS objects, 23% free, 52MB/68MB, paused 2.583ms total 73.832ms
I/NotifUtils(31340): sendSetNewEmailIndicator account: -162447056, folder: 2055055122
I/NotifUtils(31340): sendSetNewEmailIndicator account: -162447056, folder: -1921658915
I/NotifUtils(31340): sendSetNewEmailIndicator account: 2045912130, folder: 70791782
I/NotifUtils(31340): Account: -162447056 vibrate: true
I/NotifUtils(31340): New email in -162447056 vibrateWhen: true, playing notification: content://media/internal/audio/media/18
I/NotifUtils(31340): sendSetNewEmailIndicator account: 2045912130, folder: 2055055122
I/ValidateNoPeople( 1871): Validating: 0|com.google.android.gm|1862124379|null|10085
I/ValidateNoPeople( 1871): Executing: validation for: 0|com.google.android.gm|1862124379|null|10085
I/NotifUtils(31340): Validating Notification, mapSize: 4 getAttention: true ignoreUnobtrusive: false
I/NotifUtils(31340): sendSetNewEmailIndicator account: 2045912130, folder: 2320488
E/MediaPlayer( 2061): Should have subtitle controller already set
I/MediaFocusControl( 1871):  AudioFocus  requestAudioFocus() from android.media.AudioManager@3bc403f7 req=3flags=0x0
D/NuPlayerDriver( 1508): start(0xb40825e0)
I/GenericSource( 1508): start
D/NuPlayerDriver( 1508): reset(0xb4082580)
D/NuPlayerDriver( 1508): notifyResetComplete(0xb4082580)
E/MediaPlayer( 2061): Should have subtitle controller already set
D/audio_hw_primary( 1508): out_set_parameters: enter: usecase(1: low-latency-playback) kvpairs: routing=4194304
D/audio_hw_primary( 1508): select_devices: out_snd_device(4: speaker-safe) in_snd_device(0: none)
D/msm8974_platform( 1508): platform_send_audio_calibration: sending audio calibration for snd_device(4) acdb_id(15)
E/ACDB-LOADER( 1508): Error: ACDB AFE returned = -19
D/audio_hw_primary( 1508): enable_snd_device: snd_device(4: speaker-safe)
D/audio_hw_primary( 1508): enable_audio_route: apply and update mixer path: low-latency-playback speaker
I/NotifUtils(31340): validateNotifications - cancelling 1862124454 for -162447056 / 2506
I/NotifUtils(31340): Validating Notification, mapSize: 4 getAttention: true ignoreUnobtrusive: false
I/ValidateNoPeople( 1871): final affinity: 0.0
I/NotifUtils(31340): validateNotifications - cancelling 1862124448 for -162447056 / 2499
I/NotifUtils(31340): Validating Notification, mapSize: 4 getAttention: true ignoreUnobtrusive: false
I/NotifUtils(31340): sendSetNewEmailIndicator account: 2045912130, folder: 81068824
I/NotifUtils(31340): validateNotifications - cancelling 1862124449 for -162447056 / 2521
I/NotifUtils(31340): Validating Notification, mapSize: 4 getAttention: true ignoreUnobtrusive: false
I/art     ( 1871): Explicit concurrent mark sweep GC freed 6062(270KB) AllocSpace objects, 0(0B) LOS objects, 23% free, 52MB/68MB, paused 1.566ms total 73.542ms
I/NotifUtils(31340): validateNotifications - cancelling 1862124442 for -162447056 / 
I/NotifUtils(31340): Validating Notification, mapSize: 4 getAttention: true ignoreUnobtrusive: false
I/NotifUtils(31340): sendSetNewEmailIndicator account: 2045912130, folder: 2573240
I/NotifUtils(31340): Notifications are disabled for this folder; not notifying
I/NotifUtils(31340): Validating Notification, mapSize: 4 getAttention: true ignoreUnobtrusive: false
I/NotifUtils(31340): validateNotifications - cancelling 1601783227 for 2045912130 / -1651325008
I/NotifUtils(31340): Validating Notification, mapSize: 4 getAttention: true ignoreUnobtrusive: false
I/NotifUtils(31340): sendSetNewEmailIndicator account: 2045912130, folder: -1045251384
I/art     (31340): Explicit concurrent mark sweep GC freed 55441(3MB) AllocSpace objects, 22(789KB) LOS objects, 17% free, 38MB/46MB, paused 703us total 55.274ms
I/NotifUtils(31340): Notifications are disabled for this folder; not notifying
I/NotifUtils(31340): Validating Notification, mapSize: 4 getAttention: true ignoreUnobtrusive: false
I/NotifUtils(31340): validateNotifications - cancelling 1601782362 for 2045912130 / -1651324935
I/NotifUtils(31340): Validating Notification, mapSize: 4 getAttention: true ignoreUnobtrusive: false
I/NotifUtils(31340): validateNotifications - cancelling 1601782363 for 2045912130 / -1651324934
I/NotifUtils(31340): Validating Notification, mapSize: 4 getAttention: true ignoreUnobtrusive: false
I/NotifUtils(31340): validateNotifications - cancelling 1601782418 for 2045912130 / -363966625
D/skia    ( 2225): --- SkImageDecoder::Factory returned null
W/AssetUtil( 2225): loadBitmapAssetFromResources: failed to decode bitmap resource for package com.google.android.gm
D/skia    ( 2225): --- SkImageDecoder::Factory returned null
W/AssetUtil( 2225): loadBitmapAssetFromResources: failed to decode bitmap resource for package com.google.android.gm
V/DataItems( 2447): updated local seqId: node=d588bc22-7039-4405-b7f6-f4652fc1e5fc, seqId=639909
E/NetlinkEvent( 1504): NetlinkEvent::FindParam(): Parameter 'INTERFACE' not found
E/NetlinkEvent( 1504): NetlinkEvent::FindParam(): Parameter 'TIME_NS' not found
E/NetdConnector( 1871): Error handling '613 IfaceClass active (null)': java.lang.NumberFormatException: Invalid int: "(null)"
D/HeadsetStateMachine(14552): Disconnected process message: 10, size: 0
I/MediaFocusControl( 1871):  AudioFocus  abandonAudioFocus() from android.media.AudioManager@3bc403f7
D/CloudNode( 2447): handleSyncResponse: seqId 639909, syncTable={d588bc22-7039-4405-b7f6-f4652fc1e5fc=639909, cloud=21485}
D/CloudNode( 2447): setting mLastSentSeqId to 639909
D/audio_hw_primary( 1508): disable_audio_route: reset and update mixer path: low-latency-playback speaker
D/audio_hw_primary( 1508): disable_snd_device: snd_device(4: speaker-safe)
W/CalendarWidgetProvider(10711): Received lifeboat alarm: 22
E/NetlinkEvent( 1504): NetlinkEvent::FindParam(): Parameter 'INTERFACE' not found
E/NetlinkEvent( 1504): NetlinkEvent::FindParam(): Parameter 'TIME_NS' not found
E/NetdConnector( 1871): Error handling '613 IfaceClass idle (null)': java.lang.NumberFormatException: Invalid int: "(null)"
E/NetlinkEvent( 1504): NetlinkEvent::FindParam(): Parameter 'INTERFACE' not found
E/NetlinkEvent( 1504): NetlinkEvent::FindParam(): Parameter 'TIME_NS' not found
E/NetdConnector( 1871): Error handling '613 IfaceClass active (null)': java.lang.NumberFormatException: Invalid int: "(null)"
I/Exchange( 3433): Changes found in: 2
I/Exchange( 3433): Ping found changed folders for account 3
E/Exchange( 3433): unexpected collectiontype 0 in EasPing
I/Exchange( 3433): EasOperation requestSyncForMailboxes  Account {name=yogi@stratacache.com, type=com.google.android.gm.exchange}, Bundle[{__mailboxCount__=1, __mailboxId0__=62}]
I/Exchange( 3433): EasOperation requestSyncForMailboxes  Account {name=yogi@stratacache.com, type=com.google.android.gm.exchange}, Bundle[{__mailboxCount__=1, __mailboxId0__=62}]
I/Exchange( 3433): EasOperation requestSyncForMailboxes  Account {name=yogi@stratacache.com, type=com.google.android.gm.exchange}, Bundle[{__mailboxCount__=1, __mailboxId0__=62}]
I/Exchange( 3433): Ping task ending with status: 2
I/Exchange( 3433): PSS pingEnd for account 3
I/Exchange( 3433): PSS pingEnd, starting new ping acct:3.
I/Exchange( 3433): requestPing EasOperation Account {name=yogi@stratacache.com, type=com.google.android.gm.exchange}, Bundle[{force=true, __push_only__=true}]
I/Exchange( 3433): onPerformSync email: Bundle[{__mailboxCount__=1, __mailboxId0__=62}]
I/Exchange( 3433): onPerformSync calendar: Bundle[{__mailboxCount__=1, __mailboxId0__=62}]
I/Exchange( 3433): PSS syncStart for account acct:3
I/Exchange( 3433): PSS syncStart for account acct:3
I/Exchange( 3433): PSS Sync needs to wait: Ping: no, Pending tasks: 2 acct: 3
D/Gmail   (31340): Insert: content://com.google.android.gm.email.provider/message
D/Gmail   (31340): Insert: content://com.google.android.gm.email.provider/body
I/Exchange( 3433): PSS syncEnd for account acct:3
I/Exchange( 3433): PSS Signalling a pending sync to proceed acct:3.
I/Exchange( 3433): onPerformSync contacts starting Bundle[{__mailboxCount__=1, __mailboxId0__=62}]
I/art     ( 1871): Explicit concurrent mark sweep GC freed 20672(861KB) AllocSpace objects, 5(80KB) LOS objects, 23% free, 52MB/68MB, paused 1.875ms total 95.213ms
I/NotifUtils(31340): sendSetNewEmailIndicator account: 1083059200, folder: 70791782
I/NotifUtils(31340): Validating Notification, mapSize: 4 getAttention: true ignoreUnobtrusive: false
I/Exchange( 3433): PSS syncStart for account acct:3
I/Exchange( 3433): PSS Sync needs to wait: Ping: no, Pending tasks: 2 acct: 3
D/HeadsetStateMachine(14552): Disconnected process message: 10, size: 0
I/NotifUtils(31340): validateNotifications - cancelling -1122871935 for 1083059200 / -1103699138
I/NotifUtils(31340): sendSetNewEmailIndicator account: 1083059200, folder: 2055055122
I/NotifUtils(31340): Validating Notification, mapSize: 4 getAttention: true ignoreUnobtrusive: false
I/NotifUtils(31340): validateNotifications - cancelling -1122871936 for 1083059200 / -1425292080
I/NotifUtils(31340): sendSetNewEmailIndicator account: 1083059200, folder: 2573240
I/NotifUtils(31340): Validating Notification, mapSize: 4 getAttention: true ignoreUnobtrusive: false
I/NotifUtils(31340): Unseen count doesn't match cursor count.  unseen: 245 cursor count: 1
I/NotifUtils(31340): Notifications are disabled for this folder; not notifying
I/NotifUtils(31340): sendSetNewEmailIndicator account: 1083059200, folder: 81068824
I/NotifUtils(31340): Validating Notification, mapSize: 4 getAttention: true ignoreUnobtrusive: false
I/NotifUtils(31340): validateNotifications - cancelling -1122871907 for 1083059200 / 1148739720
I/NotifUtils(31340): sendSetNewEmailIndicator account: 1083059200, folder: 109578318
I/NotifUtils(31340): Validating Notification, mapSize: 4 getAttention: true ignoreUnobtrusive: false
I/NotifUtils(31340): validateNotifications - cancelling -1583714482 for 1083059200 / -363966625
I/Exchange( 3433): PSS syncEnd for account acct:3
I/Exchange( 3433): PSS Signalling a pending sync to proceed acct:3.
I/Exchange( 3433): onPerformSync email: Bundle[{ignore_settings=true, force=true, ignore_backoff=true, __push_only__=true}]
I/art     (31340): Explicit concurrent mark sweep GC freed 14608(1178KB) AllocSpace objects, 2(48KB) LOS objects, 18% free, 35MB/43MB, paused 798us total 67.514ms
I/art     ( 1871): Explicit concurrent mark sweep GC freed 11242(441KB) AllocSpace objects, 0(0B) LOS objects, 23% free, 52MB/68MB, paused 1.296ms total 103.487ms
I/Exchange( 3433): PSS pushModify acct:3
I/Exchange( 3433): PSS pushModify acct:3
I/Exchange( 3433): PSS syncs still in progress acct:3
I/Exchange( 3433): PSS syncEnd for account acct:3
I/Exchange( 3433): PSS last sync succeeded, starting new ping acct:3.
I/Exchange( 3433): Ping task starting for 3
I/Exchange( 3433): Changes found in: 2
I/Exchange( 3433): Ping found changed folders for account 3
E/Exchange( 3433): unexpected collectiontype 0 in EasPing
