--------- beginning of system
E/NetlinkEvent( 1504): NetlinkEvent::FindParam(): Parameter 'INTERFACE' not found
E/NetlinkEvent( 1504): NetlinkEvent::FindParam(): Parameter 'TIME_NS' not found
E/NetdConnector( 1871): Error handling '613 IfaceClass idle (null)': java.lang.NumberFormatException: Invalid int: "(null)"
--------- beginning of main
V/ConfigFetchTask( 2193): ConfigFetchTask getDeviceDataVersionInfo(): ABFEt1WntuOSFoup1xO2FieG8mfn_hlaiPt6nrFG_24AFqRzbVDmmmS6kiyOS8Y3UmlzzZxPKhR75kKsOLFrQ9FBUE7RZ_c6dJGw6fiVGSxDVpJZC3bhKGafp2pCdqGDclYBqkD662tmIIBJ48Tug0-4ih7jEkMmCQqJ1UTapdt3oqZ0p0MiqSAhnICmDdmdl9GWwLw8xMbDAEjM0WTvvyOABgEDr54iRF4cY_fMjcI2_Y1FgkTDOUg
I/GoogleURLConnFactory( 2193): Using platform SSLCertificateSocketFactory
E/NetlinkEvent( 1504): NetlinkEvent::FindParam(): Parameter 'INTERFACE' not found
E/NetlinkEvent( 1504): NetlinkEvent::FindParam(): Parameter 'TIME_NS' not found
E/NetdConnector( 1871): Error handling '613 IfaceClass active (null)': java.lang.NumberFormatException: Invalid int: "(null)"
I/InputReader( 1871): Reconfiguring input devices.  changes=0x00000010
W/ResourcesManager( 2241): Asset path '/system/framework/com.android.media.remotedisplay.jar' does not exist or contains no resources.
W/ResourcesManager( 2241): Asset path '/system/framework/com.android.location.provider.jar' does not exist or contains no resources.
I/ConfigFetchService( 2193): fetch service done; releasing wakelock
I/ConfigFetchService( 2193): stopping self
D/Event   ( 2241): No subscribers registered for event class com.tul.aviator.a.z
D/Event   ( 2241): No subscribers registered for event class de.greenrobot.event.h
I/ActivityManager( 1871): Start proc 7186:com.google.android.talk/u0a20 for broadcast com.google.android.talk/com.google.android.apps.hangouts.phone.PackageReplacedReceiver
D/android.support.v7.widget.GridLayout( 2241): horizontal constraints: x6 - x0 > 1360, x6 - x5 < 226, x5 - x4 < 226, x4 - x3 < 226, x3 - x2 < 226, x2 - x1 < 226, x1 - x0 < 226 are inconsistent; permanently removing: x6 - x5 < 226. 
W/ResourcesManager( 7186): Asset path '/system/framework/com.google.android.media.effects.jar' does not exist or contains no resources.
D/BackupManagerService( 1871): Received broadcast Intent { act=android.intent.action.PACKAGE_CHANGED dat=package:com.google.android.gms flg=0x4000010 (has extras) }
I/BackupManagerService( 1871): Unbinding ComponentInfo{com.google.android.gms/com.google.android.gms.backup.BackupTransportService}
I/BackupManagerService( 1871): Binding to transport host ComponentInfo{com.google.android.gms/com.google.android.gms.backup.BackupTransportService}
V/BackupManagerService( 1871): Connected to transport ComponentInfo{com.google.android.gms/com.google.android.gms.backup.BackupTransportService}
V/BackupManagerService( 1871): Registering transport com.google.android.gms/.backup.BackupTransportService::com.google.android.gms/.backup.BackupTransportService = com.android.internal.backup.IBackupTransport$Stub$Proxy@34819363
V/GmsNetworkLocationProvi( 3062): DISABLE
I/GCoreNlp( 3062): shouldConfirmNlp, NLP off. Ensuring opt-in disabled
W/Launcher.Model( 4074): Nobody to tell about the new app.  Launcher is probably loading.
I/Babel   ( 7186): MmsConfig: mnc/mcc: 311/480
I/Babel   ( 7186): MmsConfig.loadMmsSettings
I/Babel   ( 7186): MmsConfig.loadDeviceMmsSettings from API: mUserAgent=nexus6, mUaProfUrl=http://uaprof.vtext.com/mot/nexus6/nexus6.xml
I/Babel   ( 7186): MmsConfig.loadFromDatabase
E/SQLiteLog( 7186): (1) no such table: mmsconfig
I/Babel   ( 7186): MmsConfig: no mmsconfig table android.database.sqlite.SQLiteException: no such table: mmsconfig (code 1): , while compiling: SELECT key, value, type FROM mmsconfig WHERE numeric=?
I/Babel   ( 7186): MmsConfig.loadFromResources
E/Babel   ( 7186): canonicalizeMccMnc: invalid mccmnc nullnull
W/Babel   ( 7186): MmsConfig: invalid key=uaProfTagName or type=string
I/Babel   ( 7186): MmsConfig.loadMmsSettings: mUserAgent=nexus6, mUaProfUrl=http://uaprof.vtext.com/mot/nexus6/nexus6.xml
W/Settings( 7186): Setting airplane_mode_on has moved from android.provider.Settings.System to android.provider.Settings.Global, returning read-only value.
I/Babel_StickerModule( 7186): App launched.
I/Babel   ( 7186): TeleModule.launchCompleted
W/Telecom ( 1871): TelecomServiceImpl: null is not visible for the calling user
I/Babel   ( 7186): TeleModule.updateConnectionManagerRegistration, registration preference changed from false to false
I/Babel   ( 7186): TeleModule.updateIncomingCallRegistration, preferred account for incoming calls changed from: null to null
W/Telecom ( 1871): TelecomServiceImpl: null is not visible for the calling user
D/PackageBroadcastService( 2193): Received broadcast action=android.intent.action.PACKAGE_CHANGED and uri=com.google.android.gms
I/PackageBroadcastService( 2193): Null package name or gms related package.  Ignoreing.
I/UpdateIcingCorporaServi(23374): Updating corpora: APPS=com.google.android.gms, CONTACTS=MAYBE
I/Icing   ( 2193): updateResources: need to parse f{com.google.android.gms}
W/Launcher( 4074): setApplicationContext called twice! old=com.google.android.velvet.VelvetApplication@39a590e new=com.google.android.velvet.VelvetApplication@39a590e
W/VideoCapabilities( 7186): Unrecognized profile 2130706433 for video/avc
I/UpdateIcingCorporaServi(23374): UpdateCorporaTask done [took 50 ms] updated apps [took 49 ms] 
I/VideoCapabilities( 7186): Unsupported profile 4 for video/mp4v-es
I/Babel   ( 7186): Creating RTCS
I/Babel   ( 7186): Destroying RTCS
I/ActivityManager( 1871): Killing 6818:com.android.chrome:privileged_process1/u0a46 (adj 15): empty #17
W/ActivityManager( 1871): Scheduling restart of crashed service com.android.chrome/org.chromium.content.app.PrivilegedProcessService1 in 4000ms
D/AndroidRuntime( 7254): >>>>>> START com.android.internal.os.RuntimeInit uid 2000 <<<<<<
D/AndroidRuntime( 7254): CheckJNI is OFF
D/AndroidRuntime( 7254): Calling main entry com.android.commands.am.Am
I/ActivityManager( 1871): Force stopping com.myapp.android.popularmovies appid=10162 user=0: from pid 7254
D/AndroidRuntime( 7254): Shutting down VM
I/art     ( 7254): Debugger is no longer active
D/AndroidRuntime( 7274): >>>>>> START com.android.internal.os.RuntimeInit uid 2000 <<<<<<
D/AndroidRuntime( 7274): CheckJNI is OFF
D/AndroidRuntime( 7274): Calling main entry com.android.commands.am.Am
I/ActivityManager( 1871): START u0 {act=android.intent.action.MAIN cat=[android.intent.category.LAUNCHER] flg=0x10000000 cmp=com.myapp.android.popularmovies/.MainActivity} from uid 2000 on display 0
V/WindowManager( 1871): addAppToken: AppWindowToken{ccc74b4 token=Token{2656ed87 ActivityRecord{115d49c6 u0 com.myapp.android.popularmovies/.MainActivity t457}}} to stack=1 task=457 at 0
D/AndroidRuntime( 7274): Shutting down VM
I/art     ( 7274): Debugger is no longer active
V/WindowManager( 1871): Adding window Window{2dc6067f u0 Starting com.myapp.android.popularmovies} at 8 of 14 (after Window{36c8a1de u0 com.whatsapp/com.whatsapp.HomeActivity})
I/art     ( 7291): Late-enabling -Xcheck:jni
I/ActivityManager( 1871): Start proc 7291:com.myapp.android.popularmovies/u0a162 for activity com.myapp.android.popularmovies/.MainActivity
E/art     ( 7291): Failed sending reply to debugger: Broken pipe
I/art     ( 7291): Debugger is no longer active
D/AndroidRuntime( 7291): Shutting down VM
--------- beginning of crash
E/AndroidRuntime( 7291): FATAL EXCEPTION: main
E/AndroidRuntime( 7291): Process: com.myapp.android.popularmovies, PID: 7291
E/AndroidRuntime( 7291): java.lang.RuntimeException: Unable to start activity ComponentInfo{com.myapp.android.popularmovies/com.myapp.android.popularmovies.MainActivity}: android.view.InflateException: Binary XML file line #1: Error inflating class fragment
E/AndroidRuntime( 7291): 	at android.app.ActivityThread.performLaunchActivity(ActivityThread.java:2325)
E/AndroidRuntime( 7291): 	at android.app.ActivityThread.handleLaunchActivity(ActivityThread.java:2387)
E/AndroidRuntime( 7291): 	at android.app.ActivityThread.access$800(ActivityThread.java:151)
E/AndroidRuntime( 7291): 	at android.app.ActivityThread$H.handleMessage(ActivityThread.java:1303)
E/AndroidRuntime( 7291): 	at android.os.Handler.dispatchMessage(Handler.java:102)
E/AndroidRuntime( 7291): 	at android.os.Looper.loop(Looper.java:135)
E/AndroidRuntime( 7291): 	at android.app.ActivityThread.main(ActivityThread.java:5254)
E/AndroidRuntime( 7291): 	at java.lang.reflect.Method.invoke(Native Method)
E/AndroidRuntime( 7291): 	at java.lang.reflect.Method.invoke(Method.java:372)
E/AndroidRuntime( 7291): 	at com.android.internal.os.ZygoteInit$MethodAndArgsCaller.run(ZygoteInit.java:903)
E/AndroidRuntime( 7291): 	at com.android.internal.os.ZygoteInit.main(ZygoteInit.java:698)
E/AndroidRuntime( 7291): Caused by: android.view.InflateException: Binary XML file line #1: Error inflating class fragment
E/AndroidRuntime( 7291): 	at android.view.LayoutInflater.createViewFromTag(LayoutInflater.java:763)
E/AndroidRuntime( 7291): 	at android.view.LayoutInflater.inflate(LayoutInflater.java:482)
E/AndroidRuntime( 7291): 	at android.view.LayoutInflater.inflate(LayoutInflater.java:414)
E/AndroidRuntime( 7291): 	at android.view.LayoutInflater.inflate(LayoutInflater.java:365)
E/AndroidRuntime( 7291): 	at android.support.v7.app.AppCompatDelegateImplV7.setContentView(AppCompatDelegateImplV7.java:249)
E/AndroidRuntime( 7291): 	at android.support.v7.app.AppCompatActivity.setContentView(AppCompatActivity.java:106)
E/AndroidRuntime( 7291): 	at com.myapp.android.popularmovies.MainActivity.onCreate(MainActivity.java:16)
E/AndroidRuntime( 7291): 	at android.app.Activity.performCreate(Activity.java:5990)
E/AndroidRuntime( 7291): 	at android.app.Instrumentation.callActivityOnCreate(Instrumentation.java:1106)
E/AndroidRuntime( 7291): 	at android.app.ActivityThread.performLaunchActivity(ActivityThread.java:2278)
E/AndroidRuntime( 7291): 	... 10 more
E/AndroidRuntime( 7291): Caused by: android.app.Fragment$InstantiationException: Trying to instantiate a class com.myapp.android.popularmovies.MainActivity that is not a Fragment
E/AndroidRuntime( 7291): 	at android.app.Fragment.instantiate(Fragment.java:606)
E/AndroidRuntime( 7291): 	at android.app.Fragment.instantiate(Fragment.java:582)
E/AndroidRuntime( 7291): 	at android.app.FragmentManagerImpl.onCreateView(FragmentManager.java:2108)
E/AndroidRuntime( 7291): 	at android.app.Activity.onCreateView(Activity.java:5328)
E/AndroidRuntime( 7291): 	at android.support.v7.app.AppCompatDelegateImplV11.callActivityOnCreateView(AppCompatDelegateImplV11.java:41)
E/AndroidRuntime( 7291): 	at android.support.v7.app.AppCompatDelegateImplV7.onCreateView(AppCompatDelegateImplV7.java:826)
E/AndroidRuntime( 7291): 	at android.support.v4.view.LayoutInflaterCompatHC$FactoryWrapperHC.onCreateView(LayoutInflaterCompatHC.java:44)
E/AndroidRuntime( 7291): 	at android.view.LayoutInflater.createViewFromTag(LayoutInflater.java:725)
E/AndroidRuntime( 7291): 	... 19 more
E/AndroidRuntime( 7291): Caused by: java.lang.ClassCastException
E/AndroidRuntime( 7291): 	... 27 more
W/ActivityManager( 1871):   Force finishing activity 1 com.myapp.android.popularmovies/.MainActivity
I/OpenGLRenderer( 1871): Initialized EGL, version 1.4
I/ActivityManager( 1871): Start proc 7312:com.android.chrome:privileged_process1/u0a46 for service com.android.chrome/org.chromium.content.app.PrivilegedProcessService1
W/ActivityManager( 1871): Activity pause timeout for ActivityRecord{115d49c6 u0 com.myapp.android.popularmovies/.MainActivity t457 f}
D/Event   ( 2241): No subscribers registered for event class com.yahoo.sensors.android.music.MusicController$MusicClient
D/Event   ( 2241): No subscribers registered for event class de.greenrobot.event.h
D/Event   ( 2241): No subscribers registered for event class com.yahoo.sensors.android.music.MusicController$MusicClient
D/Event   ( 2241): No subscribers registered for event class de.greenrobot.event.h
D/Event   ( 2241): No subscribers registered for event class com.yahoo.sensors.android.music.MusicController$MusicControlFlag
D/Event   ( 2241): No subscribers registered for event class de.greenrobot.event.h
I/ChildProcessService( 7312): Creating new ChildProcessService pid=7312
D/Finsky  ( 3800): [8120] AppStatesReplicator.handleContentSyncResponse: Completed 0 account content syncs with 0 successful.
D/Finsky  ( 3800): [1] 5.onFinished: Installation state replication succeeded.
I/ActivityManager( 1871): Killing 6909:com.google.android.partnersetup/u0a19 (adj 15): empty #17
I/ConfigService( 2479): onDestroy
W/ResourceType( 2061): No package identifier when getting value for resource number 0x00000000
W/PackageManager( 2061): Failure retrieving resources for com.myapp.android.popularmovies: Resource ID #0x0
I/ActivityManager( 1871): Killing 6715:com.google.android.apps.docs/u0a53 (adj 15): empty #17
I/Process ( 7291): Sending signal. PID: 7291 SIG: 9
W/InputMethodManagerService( 1871): Window already focused, ignoring focus gain of: com.android.internal.view.IInputMethodClient$Stub$Proxy@b519f0a attribute=null, token = android.os.BinderProxy@2b0cfa4d
I/ActivityManager( 1871): Process com.myapp.android.popularmovies (pid 7291) has died
D/HeadsetStateMachine(14552): Disconnected process message: 10, size: 0
E/NetlinkEvent( 1504): NetlinkEvent::FindParam(): Parameter 'INTERFACE' not found
E/NetlinkEvent( 1504): NetlinkEvent::FindParam(): Parameter 'TIME_NS' not found
E/NetdConnector( 1871): Error handling '613 IfaceClass idle (null)': java.lang.NumberFormatException: Invalid int: "(null)"
E/NetlinkEvent( 1504): NetlinkEvent::FindParam(): Parameter 'INTERFACE' not found
E/NetlinkEvent( 1504): NetlinkEvent::FindParam(): Parameter 'TIME_NS' not found
E/NetdConnector( 1871): Error handling '613 IfaceClass active (null)': java.lang.NumberFormatException: Invalid int: "(null)"
E/NetlinkEvent( 1504): NetlinkEvent::FindParam(): Parameter 'INTERFACE' not found
E/NetlinkEvent( 1504): NetlinkEvent::FindParam(): Parameter 'TIME_NS' not found
E/NetdConnector( 1871): Error handling '613 IfaceClass idle (null)': java.lang.NumberFormatException: Invalid int: "(null)"
E/NetlinkEvent( 1504): NetlinkEvent::FindParam(): Parameter 'INTERFACE' not found
E/NetlinkEvent( 1504): NetlinkEvent::FindParam(): Parameter 'TIME_NS' not found
E/NetdConnector( 1871): Error handling '613 IfaceClass active (null)': java.lang.NumberFormatException: Invalid int: "(null)"
D/BtGatt.GattService(14552): stopScan() - queue size =1
D/BtGatt.GattService(14552): unregisterClient() - clientIf=5
D/BtGatt.GattService(14552): registerClient() - UUID=571f01b5-0b95-4a78-bcc1-84643d372181
D/BtGatt.GattService(14552): onClientRegistered() - UUID=571f01b5-0b95-4a78-bcc1-84643d372181, clientIf=5
D/BluetoothLeScanner(23806): onClientRegistered() - status=0 clientIf=5
D/BtGatt.GattService(14552): onScanFilterParamsConfigured() - clientIf=5, status=0, action=1, availableSpace=15
D/BtGatt.ScanManager(14552): callback done for clientIf - 5 status - 0
D/BtGatt.GattService(14552): start scan with filters
D/BtGatt.GattService(14552): onScanFilterParamsConfigured() - clientIf=5, status=0, action=1, availableSpace=16
D/BtGatt.ScanManager(14552): callback done for clientIf - 5 status - 0
D/BtGatt.ScanManager(14552): stop scan
D/BtGatt.ScanManager(14552): configureRegularScanParams() - queue=0
D/BtGatt.ScanManager(14552): configureRegularScanParams() - ScanSetting Scan mode=-2147483648 mLastConfiguredScanSetting=0
D/BtGatt.ScanManager(14552): configureRegularScanParams() - queue emtpy, scan stopped
D/BtGatt.ScanManager(14552): handling starting scan
D/BtGatt.GattService(14552): onScanFilterEnableDisabled() - clientIf=5, status=0, action=1
D/BtGatt.ScanManager(14552): callback done for clientIf - 5 status - 0
D/BtGatt.GattService(14552): onScanFilterParamsConfigured() - clientIf=5, status=0, action=0, availableSpace=15
D/BtGatt.ScanManager(14552): callback done for clientIf - 5 status - 0
D/BtGatt.ScanManager(14552): configureRegularScanParams() - queue=1
D/BtGatt.ScanManager(14552): configureRegularScanParams() - ScanSetting Scan mode=0 mLastConfiguredScanSetting=-2147483648
E/NetlinkEvent( 1504): NetlinkEvent::FindParam(): Parameter 'INTERFACE' not found
E/NetlinkEvent( 1504): NetlinkEvent::FindParam(): Parameter 'TIME_NS' not found
E/NetdConnector( 1871): Error handling '613 IfaceClass idle (null)': java.lang.NumberFormatException: Invalid int: "(null)"
D/QC-time-services( 1506): Lib:time_genoff_operation: pargs->base = 12
D/QC-time-services( 1506): Lib:time_genoff_operation: pargs->operation = 0
D/QC-time-services( 1506): Lib:time_genoff_operation: pargs->ts_val = 1438348728944
D/QC-time-services( 1506): Lib:time_genoff_operation: Send to server  passed!!
D/QC-time-services( 1519): Daemon: Connection accepted:time_genoff
D/QC-time-services( 1519): Daemon:Received base = 12, unit = 1, operation = 0,value = 1438348728944
D/QC-time-services( 1519): Daemon:genoff_opr: Base = 12, val = 1438348728944, operation = 0
D/QC-time-services( 1519): Daemon:rtc_get: Time read from RTC -- MM/DD/YY HH:MM:SS0/5/70 10:2:14
D/QC-time-services( 1519): Daemon:Value read from RTC seconds = 381734000
D/QC-time-services( 1519): Daemon:new time 1438348728944 
D/QC-time-services( 1519): Daemon: delta 1437966994944 genoff 1437966994944 
D/QC-time-services( 1519): Daemon:genoff_persistent_update: Writing genoff = 1437966994944 to memory
D/QC-time-services( 1519): Daemon:Opening File: /data/time/ats_12
D/QC-time-services( 1519): Daemon:time_persistent_memory_opr:Genoff write operation 
D/AlarmManagerService( 1871): Kernel timezone updated to 420 minutes west of GMT
D/AlarmManagerService( 1871): Setting time of day to sec=1438348728
W/AlarmManagerService( 1871): Unable to set rtc to 1438348728: Invalid argument
E/QC-time-services( 1519): Daemon: Time-services: Waiting to acceptconnection
E/QC-time-services( 1506): Receive Passed == base = 12, unit = 1, operation = 0, result = 0
D/QC-time-services( 1506): Lib:time_genoff_operation: pargs->base = 13
D/QC-time-services( 1506): Lib:time_genoff_operation: pargs->operation = 0
D/QC-time-services( 1506): Lib:time_genoff_operation: pargs->ts_val = 1438348728944
D/QC-time-services( 1506): Lib:time_genoff_operation: Send to server  passed!!
D/QC-time-services( 1519): Daemon: Connection accepted:time_genoff
D/QC-time-services( 1519): Daemon:Received base = 13, unit = 1, operation = 0,value = 1438348728944
D/QC-time-services( 1519): Daemon:genoff_opr: Base = 13, val = 1438348728944, operation = 0
D/QC-time-services( 1519): Daemon:rtc_get: Time read from RTC -- MM/DD/YY HH:MM:SS0/5/70 10:2:14
D/QC-time-services( 1519): Daemon:Value read from RTC seconds = 381734000
D/QC-time-services( 1519): Daemon:new time 1438348728944 
D/QC-time-services( 1519): Daemon: delta 1437966994944 genoff 1437966994944 
D/QC-time-services( 1519): Daemon:genoff_persistent_update: Writing genoff = 1437966994944 to memory
D/QC-time-services( 1519): Daemon:Opening File: /data/time/ats_13
D/QC-time-services( 1519): Daemon:time_persistent_memory_opr:Genoff write operation 
E/QC-time-services( 1506): Receive Passed == base = 13, unit = 1, operation = 0, result = 0
E/QC-time-services( 1519): Daemon: Time-services: Waiting to acceptconnection
I/ActivityManager( 1871): Start proc 7600:com.qualcomm.timeservice/1000 for broadcast com.qualcomm.timeservice/.TimeServiceBroadcastReceiver
D/TimeService( 7600): Receivedandroid.intent.action.TIME_SET intent. Current Time is 1438348728130
D/        ( 7600): TimeServiceNative: User Time to be set is 1438348728130
D/QC-time-services( 7600): Lib:time_genoff_operation: pargs->base = 2
D/QC-time-services( 7600): Lib:time_genoff_operation: pargs->operation = 0
D/QC-time-services( 7600): Lib:time_genoff_operation: pargs->ts_val = 1438348728130
D/QC-time-services( 7600): Lib:time_genoff_operation: Send to server  passed!!
D/QC-time-services( 1519): Daemon: Connection accepted:time_genoff
D/QC-time-services( 1519): Daemon:Received base = 2, unit = 1, operation = 0,value = 1438348728130
D/QC-time-services( 1519): Daemon:genoff_opr: Base = 2, val = 1438348728130, operation = 0
D/QC-time-services( 1519): Daemon:rtc_get: Time read from RTC -- MM/DD/YY HH:MM:SS0/5/70 10:2:14
D/QC-time-services( 1519): Daemon:Value read from RTC seconds = 381734000
D/QC-time-services( 1519): Daemon:new time 1438348728130 
D/QC-time-services( 1519): Daemon: delta 1437966994130 genoff 1437966994130 
D/QC-time-services( 1519): Daemon:genoff_persistent_update: Writing genoff = 1437966994130 to memory
D/QC-time-services( 1519): Daemon:Opening File: /data/time/ats_2
D/QC-time-services( 1519): Daemon:time_persistent_memory_opr:Genoff write operation 
D/QC-time-services( 1519): Updating the TOD offset
D/QC-time-services( 1519): Daemon:genoff_persistent_update: Writing genoff = 1437966994130 to memory
D/QC-time-services( 1519): Daemon:Opening File: /data/time/ats_1
D/QC-time-services( 1519): Daemon:time_persistent_memory_opr:Genoff write operation 
E/QC-time-services( 1519): Daemon:Update to modem bit set
D/QC-time-services( 1519): Daemon:genoff_send_modem: Sending data to MODEM !
D/QC-time-services( 1519): Daemon: Base = 2, Value being sent to MODEM = 1122383928130
E/QC-time-services( 7600): Receive Passed == base = 2, unit = 1, operation = 0, result = 0
E/QC-time-services( 1519): Daemon: Time-services: Waiting to acceptconnection
E/QC-time-services( 1519): Daemon:tod_update_ind_cb: Got Update from modem msg_id 40
I/ActivityManager( 1871): Start proc 7621:com.google.android.keep/u0a86 for broadcast com.google.android.keep/.notification.AlertReceiver
I/ActivityManager( 1871): Start proc 7643:com.google.android.calendar/u0a43 for broadcast com.google.android.calendar/com.android.calendar.widget.CalendarAppWidgetProvider
E/SQLiteLog( 7643): (283) recovered 60 frames from WAL file /data/data/com.google.android.calendar/databases/timelydata.db-wal
I/art     ( 1871): Explicit concurrent mark sweep GC freed 45715(2MB) AllocSpace objects, 4(1832KB) LOS objects, 22% free, 54MB/70MB, paused 1.905ms total 76.447ms
I/ActivityManager( 1871): Start proc 7670:com.android.providers.calendar/u0a5 for content provider com.android.providers.calendar/.CalendarProvider2
W/ResourcesManager( 7670): Asset path '/system/framework/android.test.runner.jar' does not exist or contains no resources.
I/CalendarProvider2( 7670): Created com.android.providers.calendar.CalendarAlarmManager@373aa309(com.android.providers.calendar.CalendarProvider2@39a590e)
I/ActivityManager( 1871): Killing 6535:com.estrongs.android.pop/u0a142 (adj 15): empty #17
I/libprocessgroup( 1871): Killing pid 6558 in uid 10142 as part of process group 6535
I/libprocessgroup( 1871): Killing pid 6558 in uid 10142 as part of process group 6535
D/WifiService( 1871): Client connection lost with reason: 4
I/ActivityManager( 1871): Killing 6799:com.amazon.mShop.android.shopping/u0a124 (adj 15): empty #18
D/WifiService( 1871): Client connection lost with reason: 4
I/ActivityManager( 1871): Start proc 7692:com.amazon.mShop.android.shopping/u0a124 for broadcast com.amazon.mShop.android.shopping/com.amazon.identity.auth.device.storage.LambortishClock$ChangeTimestampsBroadcastReceiver
I/AnalyticsLogBase( 7643): PlayLogger.onLoggerConnected
I/AnalyticsLogBase( 7643): PlayLogger.onLoggerConnected
W/ResourcesManager( 7692): Asset path '/system/framework/com.google.android.maps.jar' does not exist or contains no resources.
I/Keyboard.Facilitator.LanguageModelFlusher( 2340): run()
I/Keyboard.Facilitator( 2340): flushDynamicLanguageModels()
I/ConfigService( 2479): onCreate
I/DPLogger( 7692): DPLogger - Name was too long. Truncating; original name: BaseMetricsServiceFactory, truncated name: BaseMetricsServiceFacto
I/DPLogger( 7692): DPLogger - Name was too long. Truncating; original name: MetricsConfigurationParser, truncated name: MetricsConfigurationPar
I/MetricsConfigurationPar( 7692): MetricsConfigurationParser - Picking configuration; Domain: prod, Build: user, isDebuggable: false
I/DPLogger( 7692): DPLogger - Name was too long. Truncating; original name: TComm.HttpClientSrrManager, truncated name: TComm.HttpClientSrrMana
I/DPLogger( 7692): DPLogger - Name was too long. Truncating; original name: AndroidDeviceInfoManager, truncated name: AndroidDeviceInfoManage
I/DPLogger( 7692): DPLogger - Name was too long. Truncating; original name: Metrics:BoundedByteArrayQueue, truncated name: Metrics:BoundedByteArra
I/DPLogger( 7692): DPLogger - Name was too long. Truncating; original name: Metrics:NonVolatileBoundedByteArrayQueue, truncated name: Metrics:NonVolatileBoun
I/DPLogger( 7692): DPLogger - Name was too long. Truncating; original name: Metrics:BatchTransmitter, truncated name: Metrics:BatchTransmitte
I/DPLogger( 7692): DPLogger - Name was too long. Truncating; original name: Metrics:ThreadPoolBatchTransmitter, truncated name: Metrics:ThreadPoolBatch
I/DPLogger( 7692): DPLogger - Name was too long. Truncating; original name: PeriodicBatchTransmitter, truncated name: PeriodicBatchTransmitte
I/DPLogger( 7692): DPLogger - Name was too long. Truncating; original name: Metrics:UrgentBatchTransmitter, truncated name: Metrics:UrgentBatchTran
W/BaseMetricsServiceFacto( 7692): createMetricsService - Skipping batch pipeline setup for ; RESERVED_FOR_LOCATION_SERVICE:  because no configuration is provided.
W/BaseMetricsServiceFacto( 7692): createMetricsService - Skipping batch pipeline setup for ; RESERVED_FOR_NON_ANONYMOUS_METRICS:  because no configuration is provided.
I/DPLogger( 7692): DPLogger - Name was too long. Truncating; original name: MetricsBroadcastReceiver, truncated name: MetricsBroadcastReceive
I/Metrics:BatchTransmitte( 7692): QueuePusher.sendBatches - Drained batch queue.; Number of NORMAL queue batches sent: 0
I/Metrics:BatchTransmitte( 7692): QueuePusher.sendBatches - Drained batch queue.; Number of HIGH queue batches sent: 0
V/DexElementCompatibility( 7692): ElementObjectFileFileDexFile is not the right one for this platform
V/DexElementCompatibility( 7692): ElementObjectFileZipFileDexFile is not the right one for this platform
V/DexElementCompatibility( 7692): ElementObjectFileFileDexFile is not the right one for this platform
V/DexElementCompatibility( 7692): ElementObjectFileZipFileDexFile is not the right one for this platform
V/AmazonApplication( 7692): Unable to execute setConfigCallbackForViewRoot on Android Platform5.1.1
I/com.amazon.mShop.android.shopping/com.amazon.identity.auth.device.api.MAPInit( 7692): Initializing MAP (130050001 / MAPAndroidLib-1.0.906.4) for app com.amazon.mShop.android.shopping
D/WifiService( 1871): New client listening to asynchronous messages
I/DPLogger( 7692): DPLogger - Name was too long. Truncating; original name: CrashDescriptorStorageUtil, truncated name: CrashDescriptorStorageU
I/CrashDescriptorStorageU( 7692): loadFromSharedPreferences - No keys retrieved from shared preferences.;
I/com.amazon.device.crashmanager.CrashDetectionHelper( 7692): Installing crash detector as default exception handler.
I/com.amazon.device.crashmanager.CrashDetectionHelper( 7692): Skipping crash report upload. WiFi/Ethernet is not connected AND upload over WAN is not allowed
W/com.amazon.dcp.settings.SettingsCache( 7692): Permission to read device settings doesn't exist. This is normal on third-party devices.
I/com.amazon.dcp.settings.SettingsCache( 7692): Always use default values for settings
I/com.amazon.mShop.android.shopping/com.amazon.identity.auth.device.features.FeatureCache( 7692): Caching feature IsolateApplication as false
I/com.amazon.mShop.android.shopping/com.amazon.identity.auth.device.features.FeatureCache( 7692): Caching feature IsolateApplication as false
I/com.amazon.mShop.android.shopping/com.amazon.identity.auth.device.features.FeatureCache( 7692): Caching feature IsolateApplication as false
I/com.amazon.mShop.android.shopping/com.amazon.identity.auth.device.utils.CentralApkUtils( 7692): Cannot find amazon authenticator. returning null
I/com.amazon.mShop.android.shopping/com.amazon.identity.auth.device.utils.CentralApkUtils( 7692): No central apk detected. This should be a 3P device.
I/com.amazon.mShop.android.shopping/com.amazon.identity.auth.device.features.FeatureCache( 7692): Caching feature IsolateApplication as false
I/com.amazon.mShop.android.shopping/com.amazon.identity.auth.device.attribute.DeviceAttributeCache( 7692): Setting device attribute CentralAPK to false
I/com.amazon.mShop.android.shopping/com.amazon.identity.auth.device.features.FeatureCache( 7692): Caching feature IsolateApplication as false
I/com.amazon.mShop.android.shopping/com.amazon.identity.auth.device.features.FeatureCache( 7692): Caching feature IsolateApplication as false
I/com.amazon.mShop.android.shopping/com.amazon.identity.auth.device.features.FeatureCache( 7692): Caching feature IsolateApplication as false
I/com.amazon.mShop.android.shopping/com.amazon.identity.auth.device.features.FeatureCache( 7692): Caching feature IsolateApplication as false
I/com.amazon.mShop.android.shopping/com.amazon.identity.auth.device.features.FeatureCache( 7692): Caching feature IsolateApplication as false
I/com.amazon.mShop.android.shopping/com.amazon.identity.auth.device.storage.LambortishClock( 7692): Users clock moved. System time is 1438348729695 and timestamp is 1438351096561
I/ActivityManager( 1871): Start proc 7759:com.socialnmobile.dictapps.notepad.color.note/u0a131 for broadcast com.socialnmobile.dictapps.notepad.color.note/com.socialnmobile.colornote.receiver.TimeChangedReceiver
I/ActivityManager( 1871): Killing 6660:com.android.musicfx/u0a23 (adj 15): empty #17
I/art     ( 1516): Explicit concurrent mark sweep GC freed 706(30KB) AllocSpace objects, 0(0B) LOS objects, 40% free, 21MB/36MB, paused 345us total 19.503ms
I/art     ( 1516): Explicit concurrent mark sweep GC freed 5(160B) AllocSpace objects, 0(0B) LOS objects, 40% free, 21MB/36MB, paused 317us total 13.990ms
I/art     ( 1516): Explicit concurrent mark sweep GC freed 5(160B) AllocSpace objects, 0(0B) LOS objects, 40% free, 21MB/36MB, paused 334us total 14.425ms
I/com.amazon.mShop.android.shopping/com.amazon.identity.auth.device.storage.DistributedDataStorage( 7692): Am the latest application. Setting up alarm to clean database
I/com.amazon.mShop.android.shopping/com.amazon.identity.auth.device.features.FeatureCache( 7692): Caching feature IsolateApplication as false
I/com.amazon.mShop.android.shopping/com.amazon.identity.auth.device.features.FeatureCache( 7692): Caching feature IsolateApplication as false
I/com.amazon.mShop.android.shopping/com.amazon.identity.auth.device.features.FeatureCache( 7692): Caching feature IsolateApplication as false
I/com.amazon.mShop.android.shopping/com.amazon.identity.auth.device.features.FeatureCache( 7692): Caching feature IsolateApplication as false
I/com.amazon.mShop.android.shopping/com.amazon.identity.auth.device.features.FeatureCache( 7692): Caching feature IsolateApplication as false
I/NoteProvider( 7759): databasePath=/data/data/com.socialnmobile.dictapps.notepad.color.note/databases/colornote.db
I/com.amazon.mShop.android.shopping/com.amazon.identity.auth.device.features.FeatureCache( 7692): Caching feature IsolateApplication as false
I/com.amazon.mShop.android.shopping/com.amazon.identity.auth.device.features.FeatureCache( 7692): Caching feature IsolateApplication as false
I/com.amazon.mShop.android.shopping/com.amazon.identity.auth.accounts.MultipleAccountPluginHolder( 7692): Returning Default multiple profile settings
I/CalendarProvider2( 7670): Sending notification intent: Intent { act=android.intent.action.PROVIDER_CHANGED dat=content://com.android.calendar }
W/ContentResolver( 7670): Failed to get type for: content://com.android.calendar (Unknown URL content://com.android.calendar)
I/ActivityManager( 1871): Killing 6978:com.google.android.apps.cloudprint/u0a47 (adj 15): empty #17
I/ActivityManager( 1871): Killing 6996:com.google.android.apps.magazines/u0a74 (adj 15): empty #17
D/BtGatt.GattService(14552): stopScan() - queue size =1
D/BtGatt.GattService(14552): unregisterClient() - clientIf=5
D/BtGatt.GattService(14552): onScanFilterParamsConfigured() - clientIf=5, status=0, action=1, availableSpace=16
D/BtGatt.ScanManager(14552): callback done for clientIf - 5 status - 0
D/BtGatt.ScanManager(14552): stop scan
D/BtGatt.ScanManager(14552): configureRegularScanParams() - queue=0
D/BtGatt.ScanManager(14552): configureRegularScanParams() - ScanSetting Scan mode=-2147483648 mLastConfiguredScanSetting=0
D/BtGatt.ScanManager(14552): configureRegularScanParams() - queue emtpy, scan stopped
D/BtGatt.GattService(14552): registerClient() - UUID=faa3dc8a-8761-463d-a0aa-c8e13439db67
D/BtGatt.GattService(14552): onClientRegistered() - UUID=faa3dc8a-8761-463d-a0aa-c8e13439db67, clientIf=5
D/BluetoothLeScanner(23806): onClientRegistered() - status=0 clientIf=5
D/BtGatt.GattService(14552): start scan with filters
D/BtGatt.ScanManager(14552): handling starting scan
D/BtGatt.GattService(14552): onScanFilterEnableDisabled() - clientIf=5, status=0, action=1
D/BtGatt.ScanManager(14552): callback done for clientIf - 5 status - 0
D/BtGatt.ScanManager(14552): addFilterToController: 5
D/BtGatt.GattService(14552): onScanFilterConfig() - clientIf=5, action = 0 status = 0, filterType=5, availableSpace=47
D/BtGatt.ScanManager(14552): callback done for clientIf - 5 status - 0
D/BtGatt.GattService(14552): onScanFilterParamsConfigured() - clientIf=5, status=0, action=0, availableSpace=15
D/BtGatt.ScanManager(14552): callback done for clientIf - 5 status - 0
D/BtGatt.ScanManager(14552): addFilterToController: 5
D/BtGatt.GattService(14552): onScanFilterConfig() - clientIf=5, action = 0 status = 0, filterType=5, availableSpace=46
D/BtGatt.ScanManager(14552): callback done for clientIf - 5 status - 0
D/BtGatt.GattService(14552): onScanFilterParamsConfigured() - clientIf=5, status=0, action=0, availableSpace=14
D/BtGatt.ScanManager(14552): callback done for clientIf - 5 status - 0
D/BtGatt.ScanManager(14552): configureRegularScanParams() - queue=1
D/BtGatt.ScanManager(14552): configureRegularScanParams() - ScanSetting Scan mode=0 mLastConfiguredScanSetting=-2147483648
W/SettingsDataItemWriter( 2225): could not send rpc to writer: Status{statusCode=TARGET_NODE_NOT_CONNECTED, resolution=null}
D/BluetoothManagerService( 1871): checkIfCallerIsForegroundUser: valid=true callingUser=0 parentUser=-10000 foregroundUser=0
I/art     (20269): Explicit concurrent mark sweep GC freed 76267(4MB) AllocSpace objects, 0(0B) LOS objects, 39% free, 23MB/39MB, paused 1.153ms total 27.679ms
E/NetlinkEvent( 1504): NetlinkEvent::FindParam(): Parameter 'INTERFACE' not found
E/NetlinkEvent( 1504): NetlinkEvent::FindParam(): Parameter 'TIME_NS' not found
E/NetdConnector( 1871): Error handling '613 IfaceClass active (null)': java.lang.NumberFormatException: Invalid int: "(null)"
E/DataBuffer( 7621): Internal data leak within a DataBuffer object detected!  Be sure to explicitly call release() on all DataBuffer extending objects when you are done with them. (com.google.android.gms.reminders.model.RemindersBuffer@3cb5ebed)
E/DataBuffer( 7621): Internal data leak within a DataBuffer object detected!  Be sure to explicitly call release() on all DataBuffer extending objects when you are done with them. (com.google.android.gms.reminders.model.RemindersBuffer@2da5da22)
I/GAV2    ( 7643): Thread[GAThread,5,main]: No campaign data found.
I/ConfigService( 2479): onDestroy
E/NetlinkEvent( 1504): NetlinkEvent::FindParam(): Parameter 'INTERFACE' not found
E/NetlinkEvent( 1504): NetlinkEvent::FindParam(): Parameter 'TIME_NS' not found
E/NetdConnector( 1871): Error handling '613 IfaceClass idle (null)': java.lang.NumberFormatException: Invalid int: "(null)"
D/HeadsetStateMachine(14552): Disconnected process message: 10, size: 0
E/NetlinkEvent( 1504): NetlinkEvent::FindParam(): Parameter 'INTERFACE' not found
E/NetlinkEvent( 1504): NetlinkEvent::FindParam(): Parameter 'TIME_NS' not found
E/NetdConnector( 1871): Error handling '613 IfaceClass active (null)': java.lang.NumberFormatException: Invalid int: "(null)"
E/NetlinkEvent( 1504): NetlinkEvent::FindParam(): Parameter 'INTERFACE' not found
E/NetlinkEvent( 1504): NetlinkEvent::FindParam(): Parameter 'TIME_NS' not found
E/NetdConnector( 1871): Error handling '613 IfaceClass idle (null)': java.lang.NumberFormatException: Invalid int: "(null)"
W/CalendarWidgetProvider( 7643): Received lifeboat alarm: 22
D/HeadsetStateMachine(14552): Disconnected process message: 10, size: 0
E/NetlinkEvent( 1504): NetlinkEvent::FindParam(): Parameter 'INTERFACE' not found
E/NetlinkEvent( 1504): NetlinkEvent::FindParam(): Parameter 'TIME_NS' not found
E/NetdConnector( 1871): Error handling '613 IfaceClass active (null)': java.lang.NumberFormatException: Invalid int: "(null)"
E/NetlinkEvent( 1504): NetlinkEvent::FindParam(): Parameter 'INTERFACE' not found
E/NetlinkEvent( 1504): NetlinkEvent::FindParam(): Parameter 'TIME_NS' not found
E/NetdConnector( 1871): Error handling '613 IfaceClass idle (null)': java.lang.NumberFormatException: Invalid int: "(null)"
D/HeadsetStateMachine(14552): Disconnected process message: 10, size: 0
I/PowerManagerService( 1871): Going to sleep due to screen timeout (uid 1000)...
I/DisplayManagerService( 1871): Display device changed: DisplayDeviceInfo{"Built-in Screen": uniqueId="local:0", 1440 x 2560, 60.0 fps, supportedRefreshRates [60.0], density 560, 494.27 x 492.606 dpi, appVsyncOff 7500000, presDeadline 12666667, touch INTERNAL, rotation 0, type BUILT_IN, state OFF, FLAG_DEFAULT_DISPLAY, FLAG_ROTATES_WITH_CONTENT, FLAG_SECURE, FLAG_SUPPORTS_PROTECTED_BUFFERS}
V/ActivityManager( 1871): Display changed displayId=0
D/SurfaceFlinger(  258): Set power mode=0, type=0 flinger=0xb6082000
D/qdhwcomposer(  258): hwc_setPowerMode: Setting mode 0 on display: 0
I/qdhwcomposer(  258): handle_blank_event: dpy:0 panel power state: 0
D/qdhwcomposer(  258): hwc_setPowerMode: Done setting mode 0 on display 0
D/SurfaceControl( 1871): Excessive delay in setPowerMode(): 288ms
I/DreamManagerService( 1871): Entering dreamland.
I/PowerManagerService( 1871): Dozing...
I/DreamController( 1871): Starting dream: name=ComponentInfo{com.android.systemui/com.android.systemui.doze.DozeService}, isTest=false, canDoze=true, userId=0
I/Keyboard.Facilitator( 2340): onFinishInput()
E/WifiStateMachine( 1871): cancelDelayedScan -> 1425
D/audio_hw_primary( 1508): adev_set_parameters: enter: screen_state=off
D/mot_vr_audio_hw( 1508): adev_set_parameters: screen_state=off
E/native  ( 1871): do suspend true
I/entered bcast receiver( 3957): timpall
W/ActivityManager( 1871): getRecentTasks: caller 10115 does not hold GET_TASKS; limiting output
D/ScreenOnOffReceiver( 3062): Received intent: Intent { act=android.intent.action.SCREEN_OFF flg=0x50000010 }.
D/ScreenOnOffReceiver( 3062): Received intent: Intent { act=android.intent.action.SCREEN_OFF flg=0x50000010 }.
D/Coffee-PhonePositionTrustlet( 3062): screen from on to off, reset on-person state
I/Coffee-PhonePositionTracker( 3062): Reset phone on-person state
I/Coffee-PhonePositionTracker( 3062): Registering to activity recognition
D/Coffee-PhonePositionTracker( 3062): AR broadcast intent: com.google.android.gms.auth.trustagent.trustlet.ACTION_ACTIVITY_DETECTED, package: com.google.android.gms
D/Coffee-PhonePositionTrustlet( 3062): Phone position tracker is already enabled.
D/Coffee-Trustlet( 3062): PhonePosition set trust state: true mCanProvideTrust: true
D/Coffee-Trustlet( 3062): mDelegate.onTrustStateChanged
D/Coffee-TrustletManager( 3062): onTrustStateChanged: true
D/Coffee-TrustletManager( 3062): validateTrust, mDeviceIdle: false, mRequireUserAuthentication: false
D/Coffee-TrustletManager( 3062): notifyListenersTrustStateChanged, trusted: true, userInitiated: false, dismissKeyguard: false, reason: Phone position trustlet granted trust.
D/Coffee-TrustStateMonitor( 3062): Trusted state changed from false to true.
I/TrustAgentApi - GoogleTrustAgentServiceImpl( 3062): Trust state changed, trusted: true reason: Phone position trustlet granted trust.
D/TrustAgentApi - GoogleTrustAgentServiceImpl( 3062): Granting trust
D/Coffee-GoogleTrustAgent( 3062): grantTrust
D/Coffee-PhonePositionTracker( 3062): On-person reset at 162867867, received activity result at 162867900, ignore.
D/Coffee-PhonePositionTracker( 3062): On-person reset at 162867867, received activity result at 162867944, ignore.
D/Coffee-PhonePositionTracker( 3062): On-person reset at 162867867, received activity result at 162867960, ignore.
D/Coffee-PhonePositionTracker( 3062): On-person reset at 162867867, received activity result at 162867975, ignore.
I/art     ( 1871): Explicit concurrent mark sweep GC freed 33704(1818KB) AllocSpace objects, 2(1800KB) LOS objects, 23% free, 52MB/68MB, paused 1.814ms total 82.149ms
I/art     ( 2479): Explicit concurrent mark sweep GC freed 36413(1633KB) AllocSpace objects, 2(32KB) LOS objects, 36% free, 27MB/43MB, paused 1.413ms total 33.233ms
D/HeadsetStateMachine(14552): Disconnected process message: 10, size: 0
D/PhoneStatusBar( 2061): disable: < expand ICONS* alerts SYSTEM_INFO* back home recent clock search >
I/UsageStatsService( 1871): User[0] Flushing usage stats to disk
I/UsageStatsDatabase( 1871): Moving file /data/system/usagestats/0/daily/1437949768090 to /data/system/usagestats/0/daily/1437949765250
I/UsageStatsDatabase( 1871): Moving file /data/system/usagestats/0/daily/1437955132285 to /data/system/usagestats/0/daily/1437955129445
I/UsageStatsDatabase( 1871): Moving file /data/system/usagestats/0/daily/1437955135499 to /data/system/usagestats/0/daily/1437955132659
I/UsageStatsDatabase( 1871): Moving file /data/system/usagestats/0/daily/1437955137755 to /data/system/usagestats/0/daily/1437955134915
I/UsageStatsDatabase( 1871): Moving file /data/system/usagestats/0/daily/1437955140323 to /data/system/usagestats/0/daily/1437955137483
I/UsageStatsDatabase( 1871): Moving file /data/system/usagestats/0/daily/1437955142335 to /data/system/usagestats/0/daily/1437955139495
I/UsageStatsDatabase( 1871): Moving file /data/system/usagestats/0/daily/1437955144520 to /data/system/usagestats/0/daily/1437955141680
I/UsageStatsDatabase( 1871): Moving file /data/system/usagestats/0/daily/1438041544520 to /data/system/usagestats/0/daily/1438041541680
I/UsageStatsDatabase( 1871): Moving file /data/system/usagestats/0/daily/1438041546556 to /data/system/usagestats/0/daily/1438041543716
I/UsageStatsDatabase( 1871): Moving file /data/system/usagestats/0/daily/1438041550801 to /data/system/usagestats/0/daily/1438041547961
I/UsageStatsDatabase( 1871): Moving file /data/system/usagestats/0/daily/1438041553072 to /data/system/usagestats/0/daily/1438041550232
I/UsageStatsDatabase( 1871): Moving file /data/system/usagestats/0/daily/1438041555857 to /data/system/usagestats/0/daily/1438041553017
I/UsageStatsDatabase( 1871): Moving file /data/system/usagestats/0/daily/1438041560804 to /data/system/usagestats/0/daily/1438041557964
I/UsageStatsDatabase( 1871): Moving file /data/system/usagestats/0/daily/1438127960804 to /data/system/usagestats/0/daily/1438127957964
I/UsageStatsDatabase( 1871): Moving file /data/system/usagestats/0/daily/1438127965765 to /data/system/usagestats/0/daily/1438127962925
I/UsageStatsDatabase( 1871): Moving file /data/system/usagestats/0/daily/1438127967986 to /data/system/usagestats/0/daily/1438127965146
I/UsageStatsDatabase( 1871): Moving file /data/system/usagestats/0/daily/1438127970247 to /data/system/usagestats/0/daily/1438127967407
I/UsageStatsDatabase( 1871): Moving file /data/system/usagestats/0/daily/1438127972330 to /data/system/usagestats/0/daily/1438127969490
I/UsageStatsDatabase( 1871): Moving file /data/system/usagestats/0/daily/1438214372330 to /data/system/usagestats/0/daily/1438214369490
I/UsageStatsDatabase( 1871): Moving file /data/system/usagestats/0/daily/1438214374459 to /data/system/usagestats/0/daily/1438214371619
I/UsageStatsDatabase( 1871): Moving file /data/system/usagestats/0/daily/1438214380584 to /data/system/usagestats/0/daily/1438214377744
I/UsageStatsDatabase( 1871): Moving file /data/system/usagestats/0/daily/1438214382759 to /data/system/usagestats/0/daily/1438214379919
I/UsageStatsDatabase( 1871): Moving file /data/system/usagestats/0/daily/1438214385188 to /data/system/usagestats/0/daily/1438214382348
I/UsageStatsDatabase( 1871): Moving file /data/system/usagestats/0/daily/1438214387318 to /data/system/usagestats/0/daily/1438214384478
I/UsageStatsDatabase( 1871): Moving file /data/system/usagestats/0/daily/1438214389712 to /data/system/usagestats/0/daily/1438214386872
I/UsageStatsDatabase( 1871): Moving file /data/system/usagestats/0/daily/1438300789712 to /data/system/usagestats/0/daily/1438300786872
I/UsageStatsDatabase( 1871): Moving file /data/system/usagestats/0/daily/1438300791787 to /data/system/usagestats/0/daily/1438300788947
I/UsageStatsDatabase( 1871): Moving file /data/system/usagestats/0/daily/1438300794625 to /data/system/usagestats/0/daily/1438300791785
I/UsageStatsDatabase( 1871): Moving file /data/system/usagestats/0/daily/1438300796655 to /data/system/usagestats/0/daily/1438300793815
I/UsageStatsDatabase( 1871): Moving file /data/system/usagestats/0/daily/1438300800000 to /data/system/usagestats/0/daily/1438300797160
I/UsageStatsDatabase( 1871): Moving file /data/system/usagestats/0/weekly/1437781612106 to /data/system/usagestats/0/weekly/1437781609266
I/UsageStatsDatabase( 1871): Moving file /data/system/usagestats/0/weekly/1437901306048 to /data/system/usagestats/0/weekly/1437901303208
I/UsageStatsDatabase( 1871): Moving file /data/system/usagestats/0/weekly/1437901308321 to /data/system/usagestats/0/weekly/1437901305481
I/UsageStatsDatabase( 1871): Moving file /data/system/usagestats/0/weekly/1437901310380 to /data/system/usagestats/0/weekly/1437901307540
I/UsageStatsDatabase( 1871): Moving file /data/system/usagestats/0/weekly/1437901312513 to /data/system/usagestats/0/weekly/1437901309673
I/UsageStatsDatabase( 1871): Moving file /data/system/usagestats/0/weekly/1437901320044 to /data/system/usagestats/0/weekly/1437901317204
I/UsageStatsDatabase( 1871): Moving file /data/system/usagestats/0/weekly/1437901325136 to /data/system/usagestats/0/weekly/1437901322296
I/UsageStatsDatabase( 1871): Moving file /data/system/usagestats/0/weekly/1437901335879 to /data/system/usagestats/0/weekly/1437901333039
I/UsageStatsDatabase( 1871): Moving file /data/system/usagestats/0/weekly/1437901346432 to /data/system/usagestats/0/weekly/1437901343592
I/UsageStatsDatabase( 1871): Moving file /data/system/usagestats/0/weekly/1437901349082 to /data/system/usagestats/0/weekly/1437901346242
I/UsageStatsDatabase( 1871): Moving file /data/system/usagestats/0/weekly/1437901351287 to /data/system/usagestats/0/weekly/1437901348447
I/UsageStatsDatabase( 1871): Moving file /data/system/usagestats/0/weekly/1437901356439 to /data/system/usagestats/0/weekly/1437901353599
I/UsageStatsDatabase( 1871): Moving file /data/system/usagestats/0/weekly/1437901358721 to /data/system/usagestats/0/weekly/1437901355881
D/PhoneStatusBar( 2061): disable: < expand ICONS alerts SYSTEM_INFO back HOME* RECENT* clock SEARCH* >
I/UsageStatsDatabase( 1871): Moving file /data/system/usagestats/0/weekly/1437901362042 to /data/system/usagestats/0/weekly/1437901359202
I/UsageStatsDatabase( 1871): Moving file /data/system/usagestats/0/weekly/1437901364818 to /data/system/usagestats/0/weekly/1437901361978
I/UsageStatsDatabase( 1871): Moving file /data/system/usagestats/0/weekly/1437901368557 to /data/system/usagestats/0/weekly/1437901365717
I/UsageStatsDatabase( 1871): Moving file /data/system/usagestats/0/weekly/1437901372669 to /data/system/usagestats/0/weekly/1437901369829
I/UsageStatsDatabase( 1871): Moving file /data/system/usagestats/0/weekly/1437901375898 to /data/system/usagestats/0/weekly/1437901373058
I/UsageStatsDatabase( 1871): Moving file /data/system/usagestats/0/weekly/1437901379065 to /data/system/usagestats/0/weekly/1437901376225
I/UsageStatsDatabase( 1871): Moving file /data/system/usagestats/0/weekly/1437901381565 to /data/system/usagestats/0/weekly/1437901378725
I/UsageStatsDatabase( 1871): Moving file /data/system/usagestats/0/weekly/1437901383578 to /data/system/usagestats/0/weekly/1437901380738
I/UsageStatsDatabase( 1871): Moving file /data/system/usagestats/0/weekly/1437901385722 to /data/system/usagestats/0/weekly/1437901382882
I/UsageStatsDatabase( 1871): Moving file /data/system/usagestats/0/weekly/1437901389091 to /data/system/usagestats/0/weekly/1437901386251
I/UsageStatsDatabase( 1871): Moving file /data/system/usagestats/0/weekly/1437901391180 to /data/system/usagestats/0/weekly/1437901388340
I/UsageStatsDatabase( 1871): Moving file /data/system/usagestats/0/weekly/1437901393592 to /data/system/usagestats/0/weekly/1437901390752
I/UsageStatsDatabase( 1871): Moving file /data/system/usagestats/0/weekly/1437901396896 to /data/system/usagestats/0/weekly/1437901394056
I/UsageStatsDatabase( 1871): Moving file /data/system/usagestats/0/weekly/1437901398963 to /data/system/usagestats/0/weekly/1437901396123
I/UsageStatsDatabase( 1871): Moving file /data/system/usagestats/0/weekly/1437901401296 to /data/system/usagestats/0/weekly/1437901398456
I/UsageStatsDatabase( 1871): Moving file /data/system/usagestats/0/weekly/1437901403893 to /data/system/usagestats/0/weekly/1437901401053
I/UsageStatsDatabase( 1871): Moving file /data/system/usagestats/0/weekly/1437901404156 to /data/system/usagestats/0/weekly/1437901401316
I/UsageStatsDatabase( 1871): Moving file /data/system/usagestats/0/weekly/1437901472126 to /data/system/usagestats/0/weekly/1437901469286
I/UsageStatsDatabase( 1871): Moving file /data/system/usagestats/0/weekly/1438214372330 to /data/system/usagestats/0/weekly/1438214369490
