I/Exchange( 3433): EasOperation requestSyncForMailboxes  Account {name=yogi@stratacache.com, type=com.google.android.gm.exchange}, Bundle[{__mailboxCount__=1, __mailboxId0__=62}]
I/Exchange( 3433): EasOperation requestSyncForMailboxes  Account {name=yogi@stratacache.com, type=com.google.android.gm.exchange}, Bundle[{__mailboxCount__=1, __mailboxId0__=62}]
I/Exchange( 3433): EasOperation requestSyncForMailboxes  Account {name=yogi@stratacache.com, type=com.google.android.gm.exchange}, Bundle[{__mailboxCount__=1, __mailboxId0__=62}]
I/Exchange( 3433): Ping task ending with status: 2
I/Exchange( 3433): PSS pingEnd for account 3
I/Exchange( 3433): PSS pingEnd, starting new ping acct:3.
I/Exchange( 3433): requestPing EasOperation Account {name=yogi@stratacache.com, type=com.google.android.gm.exchange}, Bundle[{force=true, __push_only__=true}]
I/Exchange( 3433): onPerformSync email: Bundle[{__mailboxCount__=1, __mailboxId0__=62}]
I/Exchange( 3433): onPerformSync calendar: Bundle[{__mailboxCount__=1, __mailboxId0__=62}]
I/Exchange( 3433): PSS syncStart for account acct:3
I/Exchange( 3433): PSS syncStart for account acct:3
I/Exchange( 3433): PSS Sync needs to wait: Ping: no, Pending tasks: 2 acct: 3
I/Exchange( 3433): PSS syncEnd for account acct:3
I/Exchange( 3433): PSS Signalling a pending sync to proceed acct:3.
I/Exchange( 3433): onPerformSync contacts starting Bundle[{__mailboxCount__=1, __mailboxId0__=62}]
I/Exchange( 3433): PSS syncStart for account acct:3
I/Exchange( 3433): PSS Sync needs to wait: Ping: no, Pending tasks: 2 acct: 3
I/Exchange( 3433): PSS syncEnd for account acct:3
I/Exchange( 3433): PSS Signalling a pending sync to proceed acct:3.
I/Exchange( 3433): onPerformSync email: Bundle[{ignore_settings=true, force=true, ignore_backoff=true, __push_only__=true}]
I/Exchange( 3433): PSS pushModify acct:3
I/Exchange( 3433): PSS pushModify acct:3
I/Exchange( 3433): PSS syncs still in progress acct:3
I/Exchange( 3433): PSS syncEnd for account acct:3
I/Exchange( 3433): PSS last sync succeeded, starting new ping acct:3.
I/Exchange( 3433): Ping task starting for 3
E/NetlinkEvent( 1504): NetlinkEvent::FindParam(): Parameter 'INTERFACE' not found
E/NetlinkEvent( 1504): NetlinkEvent::FindParam(): Parameter 'TIME_NS' not found
E/NetdConnector( 1871): Error handling '613 IfaceClass idle (null)': java.lang.NumberFormatException: Invalid int: "(null)"
E/NetlinkEvent( 1504): NetlinkEvent::FindParam(): Parameter 'INTERFACE' not found
E/NetlinkEvent( 1504): NetlinkEvent::FindParam(): Parameter 'TIME_NS' not found
E/NetdConnector( 1871): Error handling '613 IfaceClass active (null)': java.lang.NumberFormatException: Invalid int: "(null)"
I/NotifUtils(31340): sendSetNewEmailIndicator account: 1083059200, folder: 70791782
I/NotifUtils(31340): Validating Notification, mapSize: 4 getAttention: true ignoreUnobtrusive: false
I/NotifUtils(31340): validateNotifications - cancelling -1122871935 for 1083059200 / -1103699138
I/NotifUtils(31340): sendSetNewEmailIndicator account: 1083059200, folder: 2055055122
I/NotifUtils(31340): Validating Notification, mapSize: 4 getAttention: true ignoreUnobtrusive: false
I/art     ( 1871): Explicit concurrent mark sweep GC freed 49832(2MB) AllocSpace objects, 8(255KB) LOS objects, 23% free, 52MB/68MB, paused 1.732ms total 84.921ms
I/NotifUtils(31340): validateNotifications - cancelling -1122871936 for 1083059200 / -1425292080
I/NotifUtils(31340): sendSetNewEmailIndicator account: 1083059200, folder: 2573240
I/NotifUtils(31340): Validating Notification, mapSize: 4 getAttention: true ignoreUnobtrusive: false
I/NotifUtils(31340): Unseen count doesn't match cursor count.  unseen: 245 cursor count: 1
I/NotifUtils(31340): Notifications are disabled for this folder; not notifying
I/NotifUtils(31340): sendSetNewEmailIndicator account: 1083059200, folder: 81068824
I/NotifUtils(31340): Validating Notification, mapSize: 4 getAttention: true ignoreUnobtrusive: false
I/NotifUtils(31340): validateNotifications - cancelling -1122871907 for 1083059200 / 1148739720
I/NotifUtils(31340): sendSetNewEmailIndicator account: 1083059200, folder: 109578318
I/NotifUtils(31340): Validating Notification, mapSize: 4 getAttention: true ignoreUnobtrusive: false
I/NotifUtils(31340): validateNotifications - cancelling -1583714482 for 1083059200 / -363966625
I/NotifUtils(31340): sendSetNewEmailIndicator account: 2045912130, folder: 70791782
I/NotifUtils(31340): Validating Notification, mapSize: 4 getAttention: true ignoreUnobtrusive: false
I/NotifUtils(31340): Notifications are disabled for this folder; not notifying
I/NotifUtils(31340): sendSetNewEmailIndicator account: 2045912130, folder: 2055055122
I/NotifUtils(31340): Validating Notification, mapSize: 4 getAttention: true ignoreUnobtrusive: false
I/art     ( 1871): Explicit concurrent mark sweep GC freed 3951(152KB) AllocSpace objects, 0(0B) LOS objects, 23% free, 52MB/68MB, paused 2.679ms total 93.233ms
I/NotifUtils(31340): validateNotifications - cancelling 1601783227 for 2045912130 / -1651325008
I/NotifUtils(31340): sendSetNewEmailIndicator account: 2045912130, folder: 2320488
I/NotifUtils(31340): Validating Notification, mapSize: 4 getAttention: true ignoreUnobtrusive: false
I/NotifUtils(31340): Notifications are disabled for this folder; not notifying
I/NotifUtils(31340): sendSetNewEmailIndicator account: 2045912130, folder: 81068824
I/NotifUtils(31340): Validating Notification, mapSize: 4 getAttention: true ignoreUnobtrusive: false
I/NotifUtils(31340): validateNotifications - cancelling 1601782362 for 2045912130 / -1651324935
I/NotifUtils(31340): sendSetNewEmailIndicator account: 2045912130, folder: 2573240
I/NotifUtils(31340): Validating Notification, mapSize: 4 getAttention: true ignoreUnobtrusive: false
I/NotifUtils(31340): validateNotifications - cancelling 1601782363 for 2045912130 / -1651324934
I/art     (31340): Explicit concurrent mark sweep GC freed 21512(1754KB) AllocSpace objects, 0(0B) LOS objects, 18% free, 35MB/43MB, paused 719us total 71.669ms
E/NetlinkEvent( 1504): NetlinkEvent::FindParam(): Parameter 'INTERFACE' not found
E/NetlinkEvent( 1504): NetlinkEvent::FindParam(): Parameter 'TIME_NS' not found
E/NetdConnector( 1871): Error handling '613 IfaceClass idle (null)': java.lang.NumberFormatException: Invalid int: "(null)"
I/NotifUtils(31340): sendSetNewEmailIndicator account: 2045912130, folder: -1045251384
I/NotifUtils(31340): Validating Notification, mapSize: 4 getAttention: true ignoreUnobtrusive: false
I/NotifUtils(31340): validateNotifications - cancelling 1601782418 for 2045912130 / -363966625
I/NotifUtils(31340): sendSetNewEmailIndicator account: -162447056, folder: 70791782
I/NotifUtils(31340): Validating Notification, mapSize: 4 getAttention: true ignoreUnobtrusive: false
I/NotifUtils(31340): Unseen count doesn't match cursor count.  unseen: 3 cursor count: 1
I/NotifUtils(31340): Showing notification with unreadCount of 636 and unseenCount of 1
I/art     ( 1871): Explicit concurrent mark sweep GC freed 3544(132KB) AllocSpace objects, 0(0B) LOS objects, 23% free, 52MB/68MB, paused 1.536ms total 86.967ms
I/NotifUtils(31340): sendSetNewEmailIndicator account: -162447056, folder: 81068824
I/NotifUtils(31340): sendSetNewEmailIndicator account: -162447056, folder: 2573240
I/NotifUtils(31340): sendSetNewEmailIndicator account: -162447056, folder: 2055055122
I/NotifUtils(31340): sendSetNewEmailIndicator account: -162447056, folder: -1921658915
I/NotifUtils(31340): Account: -162447056 vibrate: true
I/ValidateNoPeople( 1871): Validating: 0|com.google.android.gm|1862124379|null|10085
I/ValidateNoPeople( 1871): final affinity: 0.0
I/NotifUtils(31340): Validating Notification, mapSize: 4 getAttention: true ignoreUnobtrusive: false
I/NotifUtils(31340): validateNotifications - cancelling 1862124454 for -162447056 / 2506
I/NotifUtils(31340): Validating Notification, mapSize: 4 getAttention: true ignoreUnobtrusive: false
I/NotifUtils(31340): validateNotifications - cancelling 1862124448 for -162447056 / 2499
I/NotifUtils(31340): Validating Notification, mapSize: 4 getAttention: true ignoreUnobtrusive: false
I/NotifUtils(31340): validateNotifications - cancelling 1862124449 for -162447056 / 2521
I/NotifUtils(31340): Validating Notification, mapSize: 4 getAttention: true ignoreUnobtrusive: false
I/NotifUtils(31340): validateNotifications - cancelling 1862124442 for -162447056 / 
D/skia    ( 2225): --- SkImageDecoder::Factory returned null
W/AssetUtil( 2225): loadBitmapAssetFromResources: failed to decode bitmap resource for package com.google.android.gm
D/skia    ( 2225): --- SkImageDecoder::Factory returned null
W/AssetUtil( 2225): loadBitmapAssetFromResources: failed to decode bitmap resource for package com.google.android.gm
V/DataItems( 2447): updated local seqId: node=d588bc22-7039-4405-b7f6-f4652fc1e5fc, seqId=639910
E/NetlinkEvent( 1504): NetlinkEvent::FindParam(): Parameter 'INTERFACE' not found
E/NetlinkEvent( 1504): NetlinkEvent::FindParam(): Parameter 'TIME_NS' not found
E/NetdConnector( 1871): Error handling '613 IfaceClass active (null)': java.lang.NumberFormatException: Invalid int: "(null)"
D/CloudNode( 2447): handleSyncResponse: seqId 639910, syncTable={d588bc22-7039-4405-b7f6-f4652fc1e5fc=639910, cloud=21485}
D/CloudNode( 2447): setting mLastSentSeqId to 639910
I/Exchange( 3433): Changes found in: 2
I/Exchange( 3433): Ping found changed folders for account 3
E/Exchange( 3433): unexpected collectiontype 0 in EasPing
I/Exchange( 3433): EasOperation requestSyncForMailboxes  Account {name=yogi@stratacache.com, type=com.google.android.gm.exchange}, Bundle[{__mailboxCount__=1, __mailboxId0__=62}]
I/Exchange( 3433): EasOperation requestSyncForMailboxes  Account {name=yogi@stratacache.com, type=com.google.android.gm.exchange}, Bundle[{__mailboxCount__=1, __mailboxId0__=62}]
I/Exchange( 3433): EasOperation requestSyncForMailboxes  Account {name=yogi@stratacache.com, type=com.google.android.gm.exchange}, Bundle[{__mailboxCount__=1, __mailboxId0__=62}]
I/Exchange( 3433): Ping task ending with status: 2
I/Exchange( 3433): PSS pingEnd for account 3
I/Exchange( 3433): PSS pingEnd, starting new ping acct:3.
I/Exchange( 3433): requestPing EasOperation Account {name=yogi@stratacache.com, type=com.google.android.gm.exchange}, Bundle[{force=true, __push_only__=true}]
I/Exchange( 3433): onPerformSync email: Bundle[{__mailboxCount__=1, __mailboxId0__=62}]
I/Exchange( 3433): PSS syncStart for account acct:3
I/Exchange( 3433): onPerformSync calendar: Bundle[{__mailboxCount__=1, __mailboxId0__=62}]
I/art     ( 1871): Explicit concurrent mark sweep GC freed 16601(695KB) AllocSpace objects, 5(80KB) LOS objects, 23% free, 52MB/68MB, paused 1.474ms total 89.740ms
I/Exchange( 3433): PSS syncStart for account acct:3
I/Exchange( 3433): PSS Sync needs to wait: Ping: no, Pending tasks: 2 acct: 3
I/Exchange( 3433): PSS syncEnd for account acct:3
I/Exchange( 3433): PSS Signalling a pending sync to proceed acct:3.
I/Exchange( 3433): onPerformSync contacts starting Bundle[{__mailboxCount__=1, __mailboxId0__=62}]
I/art     (31340): Explicit concurrent mark sweep GC freed 64741(3MB) AllocSpace objects, 22(789KB) LOS objects, 17% free, 38MB/46MB, paused 829us total 61.385ms
I/NotifUtils(31340): sendSetNewEmailIndicator account: 1083059200, folder: 70791782
I/art     ( 3433): Explicit concurrent mark sweep GC freed 67981(2MB) AllocSpace objects, 3(65KB) LOS objects, 24% free, 23MB/31MB, paused 346us total 28.089ms
I/NotifUtils(31340): Validating Notification, mapSize: 4 getAttention: true ignoreUnobtrusive: false
I/Exchange( 3433): PSS syncStart for account acct:3
I/Exchange( 3433): PSS Sync needs to wait: Ping: no, Pending tasks: 2 acct: 3
I/NotifUtils(31340): validateNotifications - cancelling -1122871935 for 1083059200 / -1103699138
I/NotifUtils(31340): sendSetNewEmailIndicator account: 1083059200, folder: 2055055122
I/NotifUtils(31340): Validating Notification, mapSize: 4 getAttention: true ignoreUnobtrusive: false
I/NotifUtils(31340): validateNotifications - cancelling -1122871936 for 1083059200 / -1425292080
I/NotifUtils(31340): sendSetNewEmailIndicator account: 1083059200, folder: 2573240
I/NotifUtils(31340): Validating Notification, mapSize: 4 getAttention: true ignoreUnobtrusive: false
I/NotifUtils(31340): Unseen count doesn't match cursor count.  unseen: 245 cursor count: 1
I/NotifUtils(31340): Notifications are disabled for this folder; not notifying
I/NotifUtils(31340): sendSetNewEmailIndicator account: 1083059200, folder: 81068824
I/NotifUtils(31340): Validating Notification, mapSize: 4 getAttention: true ignoreUnobtrusive: false
I/art     ( 1871): Explicit concurrent mark sweep GC freed 14190(562KB) AllocSpace objects, 2(212KB) LOS objects, 23% free, 52MB/68MB, paused 1.747ms total 107.624ms
I/NotifUtils(31340): validateNotifications - cancelling -1122871907 for 1083059200 / 1148739720
I/NotifUtils(31340): sendSetNewEmailIndicator account: 1083059200, folder: 109578318
I/Exchange( 3433): PSS syncEnd for account acct:3
I/Exchange( 3433): PSS Signalling a pending sync to proceed acct:3.
I/NotifUtils(31340): Validating Notification, mapSize: 4 getAttention: true ignoreUnobtrusive: false
I/NotifUtils(31340): validateNotifications - cancelling -1583714482 for 1083059200 / -363966625
I/Exchange( 3433): onPerformSync email: Bundle[{ignore_settings=true, force=true, ignore_backoff=true, __push_only__=true}]
I/Exchange( 3433): PSS pushModify acct:3
I/Exchange( 3433): PSS pushModify acct:3
I/Exchange( 3433): PSS syncs still in progress acct:3
I/Exchange( 3433): PSS syncEnd for account acct:3
I/Exchange( 3433): PSS last sync succeeded, starting new ping acct:3.
I/Exchange( 3433): Ping task starting for 3
I/Exchange( 3433): Changes found in: 2
I/Exchange( 3433): Ping found changed folders for account 3
E/Exchange( 3433): unexpected collectiontype 0 in EasPing
I/Exchange( 3433): EasOperation requestSyncForMailboxes  Account {name=yogi@stratacache.com, type=com.google.android.gm.exchange}, Bundle[{__mailboxCount__=1, __mailboxId0__=62}]
I/Exchange( 3433): EasOperation requestSyncForMailboxes  Account {name=yogi@stratacache.com, type=com.google.android.gm.exchange}, Bundle[{__mailboxCount__=1, __mailboxId0__=62}]
I/Exchange( 3433): EasOperation requestSyncForMailboxes  Account {name=yogi@stratacache.com, type=com.google.android.gm.exchange}, Bundle[{__mailboxCount__=1, __mailboxId0__=62}]
I/Exchange( 3433): Ping task ending with status: 2
I/Exchange( 3433): PSS pingEnd for account 3
I/Exchange( 3433): PSS pingEnd, starting new ping acct:3.
I/Exchange( 3433): requestPing EasOperation Account {name=yogi@stratacache.com, type=com.google.android.gm.exchange}, Bundle[{force=true, __push_only__=true}]
I/Exchange( 3433): onPerformSync email: Bundle[{__mailboxCount__=1, __mailboxId0__=62}]
I/Exchange( 3433): onPerformSync calendar: Bundle[{__mailboxCount__=1, __mailboxId0__=62}]
I/Exchange( 3433): PSS syncStart for account acct:3
I/Exchange( 3433): PSS syncStart for account acct:3
I/Exchange( 3433): PSS Sync needs to wait: Ping: no, Pending tasks: 2 acct: 3
I/Exchange( 3433): PSS syncEnd for account acct:3
I/Exchange( 3433): PSS Signalling a pending sync to proceed acct:3.
I/Exchange( 3433): onPerformSync contacts starting Bundle[{__mailboxCount__=1, __mailboxId0__=62}]
I/Exchange( 3433): PSS syncStart for account acct:3
I/Exchange( 3433): PSS Sync needs to wait: Ping: no, Pending tasks: 2 acct: 3
I/Exchange( 3433): PSS syncEnd for account acct:3
I/Exchange( 3433): PSS Signalling a pending sync to proceed acct:3.
I/Exchange( 3433): onPerformSync email: Bundle[{ignore_settings=true, force=true, ignore_backoff=true, __push_only__=true}]
I/Exchange( 3433): PSS pushModify acct:3
I/Exchange( 3433): PSS pushModify acct:3
I/Exchange( 3433): PSS syncs still in progress acct:3
I/Exchange( 3433): PSS syncEnd for account acct:3
I/Exchange( 3433): PSS last sync succeeded, starting new ping acct:3.
I/Exchange( 3433): Ping task starting for 3
I/Exchange( 3433): Changes found in: 2
I/Exchange( 3433): Ping found changed folders for account 3
E/Exchange( 3433): unexpected collectiontype 0 in EasPing
I/Exchange( 3433): EasOperation requestSyncForMailboxes  Account {name=yogi@stratacache.com, type=com.google.android.gm.exchange}, Bundle[{__mailboxCount__=1, __mailboxId0__=62}]
I/Exchange( 3433): EasOperation requestSyncForMailboxes  Account {name=yogi@stratacache.com, type=com.google.android.gm.exchange}, Bundle[{__mailboxCount__=1, __mailboxId0__=62}]
I/Exchange( 3433): EasOperation requestSyncForMailboxes  Account {name=yogi@stratacache.com, type=com.google.android.gm.exchange}, Bundle[{__mailboxCount__=1, __mailboxId0__=62}]
I/Exchange( 3433): Ping task ending with status: 2
I/Exchange( 3433): PSS pingEnd for account 3
I/Exchange( 3433): PSS pingEnd, starting new ping acct:3.
I/Exchange( 3433): requestPing EasOperation Account {name=yogi@stratacache.com, type=com.google.android.gm.exchange}, Bundle[{force=true, __push_only__=true}]
I/Exchange( 3433): onPerformSync email: Bundle[{__mailboxCount__=1, __mailboxId0__=62}]
I/art     ( 1871): Explicit concurrent mark sweep GC freed 57440(2MB) AllocSpace objects, 11(176KB) LOS objects, 23% free, 52MB/68MB, paused 3.476ms total 124.445ms
I/Exchange( 3433): onPerformSync calendar: Bundle[{__mailboxCount__=1, __mailboxId0__=62}]
I/Exchange( 3433): PSS syncStart for account acct:3
I/Exchange( 3433): PSS syncStart for account acct:3
I/Exchange( 3433): PSS Sync needs to wait: Ping: no, Pending tasks: 2 acct: 3
I/Exchange( 3433): PSS syncEnd for account acct:3
I/Exchange( 3433): PSS Signalling a pending sync to proceed acct:3.
I/Exchange( 3433): onPerformSync contacts starting Bundle[{__mailboxCount__=1, __mailboxId0__=62}]
I/Exchange( 3433): PSS syncStart for account acct:3
I/Exchange( 3433): PSS Sync needs to wait: Ping: no, Pending tasks: 2 acct: 3
I/art     (31340): Explicit concurrent mark sweep GC freed 14717(844KB) AllocSpace objects, 0(0B) LOS objects, 18% free, 35MB/43MB, paused 685us total 51.634ms
I/Exchange( 3433): PSS syncEnd for account acct:3
I/Exchange( 3433): PSS Signalling a pending sync to proceed acct:3.
I/Exchange( 3433): onPerformSync email: Bundle[{ignore_settings=true, force=true, ignore_backoff=true, __push_only__=true}]
I/Exchange( 3433): PSS pushModify acct:3
I/Exchange( 3433): PSS pushModify acct:3
I/Exchange( 3433): PSS syncs still in progress acct:3
I/Exchange( 3433): PSS syncEnd for account acct:3
I/Exchange( 3433): PSS last sync succeeded, starting new ping acct:3.
I/Exchange( 3433): Ping task starting for 3
I/art     ( 2193): Explicit concurrent mark sweep GC freed 38165(3MB) AllocSpace objects, 4(64KB) LOS objects, 32% free, 33MB/49MB, paused 1.774ms total 92.702ms
I/NotifUtils(31340): sendSetNewEmailIndicator account: 1083059200, folder: 70791782
I/NotifUtils(31340): Validating Notification, mapSize: 4 getAttention: true ignoreUnobtrusive: false
I/NotifUtils(31340): validateNotifications - cancelling -1122871935 for 1083059200 / -1103699138
I/NotifUtils(31340): sendSetNewEmailIndicator account: 1083059200, folder: 2055055122
I/NotifUtils(31340): Validating Notification, mapSize: 4 getAttention: true ignoreUnobtrusive: false
I/art     ( 1871): Explicit concurrent mark sweep GC freed 33705(1396KB) AllocSpace objects, 2(32KB) LOS objects, 23% free, 52MB/68MB, paused 2.425ms total 93.390ms
I/NotifUtils(31340): validateNotifications - cancelling -1122871936 for 1083059200 / -1425292080
I/NotifUtils(31340): sendSetNewEmailIndicator account: 1083059200, folder: 2573240
I/NotifUtils(31340): Validating Notification, mapSize: 4 getAttention: true ignoreUnobtrusive: false
I/NotifUtils(31340): Unseen count doesn't match cursor count.  unseen: 245 cursor count: 1
I/NotifUtils(31340): Notifications are disabled for this folder; not notifying
I/NotifUtils(31340): sendSetNewEmailIndicator account: 1083059200, folder: 81068824
I/NotifUtils(31340): Validating Notification, mapSize: 4 getAttention: true ignoreUnobtrusive: false
I/NotifUtils(31340): validateNotifications - cancelling -1122871907 for 1083059200 / 1148739720
I/NotifUtils(31340): sendSetNewEmailIndicator account: 1083059200, folder: 109578318
I/NotifUtils(31340): Validating Notification, mapSize: 4 getAttention: true ignoreUnobtrusive: false
I/NotifUtils(31340): validateNotifications - cancelling -1583714482 for 1083059200 / -363966625
I/NotifUtils(31340): sendSetNewEmailIndicator account: -162447056, folder: 70791782
I/NotifUtils(31340): Validating Notification, mapSize: 4 getAttention: true ignoreUnobtrusive: false
I/NotifUtils(31340): Unseen count doesn't match cursor count.  unseen: 3 cursor count: 0
I/NotifUtils(31340): validateNotifications - cancelling 1862124379 for -162447056 / 2490
D/NuPlayerDriver( 1508): stop(0xb40825e0)
W/MessageQueue( 2061): Handler (android.media.MediaPlayer$EventHandler) {19cc3a2c} sending message to a Handler on a dead thread
W/MessageQueue( 2061): java.lang.IllegalStateException: Handler (android.media.MediaPlayer$EventHandler) {19cc3a2c} sending message to a Handler on a dead thread
W/MessageQueue( 2061): 	at android.os.MessageQueue.enqueueMessage(MessageQueue.java:325)
W/MessageQueue( 2061): 	at android.os.Handler.enqueueMessage(Handler.java:631)
W/MessageQueue( 2061): 	at android.os.Handler.sendMessageAtTime(Handler.java:600)
W/MessageQueue( 2061): 	at android.os.Handler.sendMessageDelayed(Handler.java:570)
W/MessageQueue( 2061): 	at android.os.Handler.sendMessage(Handler.java:507)
W/MessageQueue( 2061): 	at android.media.MediaPlayer.postEventFromNative(MediaPlayer.java:2670)
D/NuPlayerDriver( 1508): reset(0xb40825e0)
D/NuPlayerDriver( 1508): notifyResetComplete(0xb40825e0)
I/NotifUtils(31340): sendSetNewEmailIndicator account: -162447056, folder: 81068824
I/NotifUtils(31340): Validating Notification, mapSize: 4 getAttention: true ignoreUnobtrusive: false
V/DataItems( 2447): updated local seqId: node=d588bc22-7039-4405-b7f6-f4652fc1e5fc, seqId=639911
I/NotifUtils(31340): validateNotifications - cancelling 1862124454 for -162447056 / 2506
I/art     ( 1871): Explicit concurrent mark sweep GC freed 5798(260KB) AllocSpace objects, 0(0B) LOS objects, 23% free, 52MB/68MB, paused 1.293ms total 82.153ms
I/NotifUtils(31340): sendSetNewEmailIndicator account: -162447056, folder: 2573240
I/NotifUtils(31340): Validating Notification, mapSize: 4 getAttention: true ignoreUnobtrusive: false
I/NotifUtils(31340): validateNotifications - cancelling 1862124448 for -162447056 / 2499
I/NotifUtils(31340): sendSetNewEmailIndicator account: -162447056, folder: 2055055122
I/NotifUtils(31340): Validating Notification, mapSize: 4 getAttention: true ignoreUnobtrusive: false
I/NotifUtils(31340): validateNotifications - cancelling 1862124449 for -162447056 / 2521
I/NotifUtils(31340): sendSetNewEmailIndicator account: -162447056, folder: -1921658915
D/CloudNode( 2447): handleSyncResponse: seqId 639911, syncTable={d588bc22-7039-4405-b7f6-f4652fc1e5fc=639911, cloud=21485}
D/CloudNode( 2447): setting mLastSentSeqId to 639911
I/NotifUtils(31340): Validating Notification, mapSize: 4 getAttention: true ignoreUnobtrusive: false
I/NotifUtils(31340): sendSetNewEmailIndicator account: 2045912130, folder: 70791782
I/art     (31340): Explicit concurrent mark sweep GC freed 20660(1883KB) AllocSpace objects, 1(16KB) LOS objects, 18% free, 36MB/44MB, paused 583us total 55.638ms
I/NotifUtils(31340): validateNotifications - cancelling 1862124442 for -162447056 / 
I/NotifUtils(31340): Validating Notification, mapSize: 4 getAttention: true ignoreUnobtrusive: false
I/NotifUtils(31340): Notifications are disabled for this folder; not notifying
I/NotifUtils(31340): sendSetNewEmailIndicator account: 2045912130, folder: 2055055122
I/NotifUtils(31340): Validating Notification, mapSize: 4 getAttention: true ignoreUnobtrusive: false
I/NotifUtils(31340): validateNotifications - cancelling 1601783227 for 2045912130 / -1651325008
I/NotifUtils(31340): sendSetNewEmailIndicator account: 2045912130, folder: 2320488
I/NotifUtils(31340): Validating Notification, mapSize: 4 getAttention: true ignoreUnobtrusive: false
I/art     ( 1871): Explicit concurrent mark sweep GC freed 3557(129KB) AllocSpace objects, 1(196KB) LOS objects, 23% free, 52MB/68MB, paused 2.496ms total 102.223ms
I/NotifUtils(31340): Notifications are disabled for this folder; not notifying
I/NotifUtils(31340): sendSetNewEmailIndicator account: 2045912130, folder: 81068824
I/NotifUtils(31340): Validating Notification, mapSize: 4 getAttention: true ignoreUnobtrusive: false
I/NotifUtils(31340): validateNotifications - cancelling 1601782362 for 2045912130 / -1651324935
I/NotifUtils(31340): sendSetNewEmailIndicator account: 2045912130, folder: 2573240
I/NotifUtils(31340): Validating Notification, mapSize: 4 getAttention: true ignoreUnobtrusive: false
I/NotifUtils(31340): validateNotifications - cancelling 1601782363 for 2045912130 / -1651324934
I/NotifUtils(31340): sendSetNewEmailIndicator account: 2045912130, folder: -1045251384
I/NotifUtils(31340): Validating Notification, mapSize: 4 getAttention: true ignoreUnobtrusive: false
I/NotifUtils(31340): validateNotifications - cancelling 1601782418 for 2045912130 / -363966625
E/NetlinkEvent( 1504): NetlinkEvent::FindParam(): Parameter 'INTERFACE' not found
E/NetlinkEvent( 1504): NetlinkEvent::FindParam(): Parameter 'TIME_NS' not found
E/NetdConnector( 1871): Error handling '613 IfaceClass idle (null)': java.lang.NumberFormatException: Invalid int: "(null)"
I/PowerManagerService( 1871): Going to sleep due to screen timeout (uid 1000)...
I/DisplayManagerService( 1871): Display device changed: DisplayDeviceInfo{"Built-in Screen": uniqueId="local:0", 1440 x 2560, 60.0 fps, supportedRefreshRates [60.0], density 560, 494.27 x 492.606 dpi, appVsyncOff 7500000, presDeadline 12666667, touch INTERNAL, rotation 0, type BUILT_IN, state OFF, FLAG_DEFAULT_DISPLAY, FLAG_ROTATES_WITH_CONTENT, FLAG_SECURE, FLAG_SUPPORTS_PROTECTED_BUFFERS}
V/ActivityManager( 1871): Display changed displayId=0
D/SurfaceFlinger(  258): Set power mode=0, type=0 flinger=0xb6082000
D/qdhwcomposer(  258): hwc_setPowerMode: Setting mode 0 on display: 0
I/qdhwcomposer(  258): handle_blank_event: dpy:0 panel power state: 0
D/qdhwcomposer(  258): hwc_setPowerMode: Done setting mode 0 on display 0
D/SurfaceControl( 1871): Excessive delay in setPowerMode(): 253ms
I/DreamManagerService( 1871): Entering dreamland.
I/PowerManagerService( 1871): Dozing...
I/DreamController( 1871): Starting dream: name=ComponentInfo{com.android.systemui/com.android.systemui.doze.DozeService}, isTest=false, canDoze=true, userId=0
I/Keyboard.Facilitator( 2340): onFinishInput()
E/WifiStateMachine( 1871): cancelDelayedScan -> 1427
D/audio_hw_primary( 1508): adev_set_parameters: enter: screen_state=off
D/mot_vr_audio_hw( 1508): adev_set_parameters: screen_state=off
E/native  ( 1871): do suspend true
I/entered bcast receiver( 3957): timpall
W/ActivityManager( 1871): getRecentTasks: caller 10115 does not hold GET_TASKS; limiting output
D/ScreenOnOffReceiver( 3062): Received intent: Intent { act=android.intent.action.SCREEN_OFF flg=0x50000010 }.
D/ScreenOnOffReceiver( 3062): Received intent: Intent { act=android.intent.action.SCREEN_OFF flg=0x50000010 }.
D/Coffee-PhonePositionTrustlet( 3062): screen from on to off, reset on-person state
I/Coffee-PhonePositionTracker( 3062): Reset phone on-person state
I/Coffee-PhonePositionTracker( 3062): Registering to activity recognition
D/Coffee-PhonePositionTracker( 3062): AR broadcast intent: com.google.android.gms.auth.trustagent.trustlet.ACTION_ACTIVITY_DETECTED, package: com.google.android.gms
D/Coffee-PhonePositionTrustlet( 3062): Phone position tracker is already enabled.
D/Coffee-Trustlet( 3062): PhonePosition set trust state: true mCanProvideTrust: true
D/Coffee-Trustlet( 3062): mDelegate.onTrustStateChanged
D/Coffee-TrustletManager( 3062): onTrustStateChanged: true
D/Coffee-TrustletManager( 3062): validateTrust, mDeviceIdle: false, mRequireUserAuthentication: false
D/Coffee-TrustletManager( 3062): notifyListenersTrustStateChanged, trusted: true, userInitiated: false, dismissKeyguard: false, reason: Phone position trustlet granted trust.
D/Coffee-TrustStateMonitor( 3062): Trusted state changed from false to true.
I/TrustAgentApi - GoogleTrustAgentServiceImpl( 3062): Trust state changed, trusted: true reason: Phone position trustlet granted trust.
D/TrustAgentApi - GoogleTrustAgentServiceImpl( 3062): Granting trust
D/Coffee-GoogleTrustAgent( 3062): grantTrust
D/Coffee-PhonePositionTracker( 3062): On-person reset at 163158908, received activity result at 163158943, ignore.
I/art     ( 3062): Explicit concurrent mark sweep GC freed 23199(1491KB) AllocSpace objects, 17(526KB) LOS objects, 35% free, 28MB/44MB, paused 2.803ms total 79.166ms
D/Coffee-PhonePositionTracker( 3062): On-person reset at 163158908, received activity result at 163159093, ignore.
D/Coffee-PhonePositionTracker( 3062): On-person reset at 163158908, received activity result at 163159105, ignore.
D/Coffee-PhonePositionTracker( 3062): On-person reset at 163158908, received activity result at 163159122, ignore.
