I/UsageStatsDatabase( 1871): Moving file /data/system/usagestats/0/weekly/1438214374459 to /data/system/usagestats/0/weekly/1438214371619
I/UsageStatsDatabase( 1871): Moving file /data/system/usagestats/0/weekly/1438214380584 to /data/system/usagestats/0/weekly/1438214377744
I/UsageStatsDatabase( 1871): Moving file /data/system/usagestats/0/weekly/1438214382759 to /data/system/usagestats/0/weekly/1438214379919
I/UsageStatsDatabase( 1871): Moving file /data/system/usagestats/0/weekly/1438214385188 to /data/system/usagestats/0/weekly/1438214382348
I/UsageStatsDatabase( 1871): Moving file /data/system/usagestats/0/weekly/1438214387318 to /data/system/usagestats/0/weekly/1438214384478
I/UsageStatsDatabase( 1871): Moving file /data/system/usagestats/0/weekly/1438214389712 to /data/system/usagestats/0/weekly/1438214386872
I/UsageStatsDatabase( 1871): Moving file /data/system/usagestats/0/weekly/1438214391787 to /data/system/usagestats/0/weekly/1438214388947
I/UsageStatsDatabase( 1871): Moving file /data/system/usagestats/0/weekly/1438214394625 to /data/system/usagestats/0/weekly/1438214391785
I/UsageStatsDatabase( 1871): Moving file /data/system/usagestats/0/weekly/1438214396655 to /data/system/usagestats/0/weekly/1438214393815
I/UsageStatsDatabase( 1871): Moving file /data/system/usagestats/0/weekly/1438214400000 to /data/system/usagestats/0/weekly/1438214397160
I/UsageStatsDatabase( 1871): Moving file /data/system/usagestats/0/monthly/1437965462396 to /data/system/usagestats/0/monthly/1437965459556
I/UsageStatsDatabase( 1871): Moving file /data/system/usagestats/0/yearly/1437965462396 to /data/system/usagestats/0/yearly/1437965459556
I/UsageStatsService( 1871): User[0] Rollover scheduled @ 2015-07-31 17:00:00(1438387200000)
E/NetlinkEvent( 1504): NetlinkEvent::FindParam(): Parameter 'INTERFACE' not found
E/NetlinkEvent( 1504): NetlinkEvent::FindParam(): Parameter 'TIME_NS' not found
E/NetdConnector( 1871): Error handling '613 IfaceClass active (null)': java.lang.NumberFormatException: Invalid int: "(null)"
E/NetlinkEvent( 1504): NetlinkEvent::FindParam(): Parameter 'INTERFACE' not found
E/NetlinkEvent( 1504): NetlinkEvent::FindParam(): Parameter 'TIME_NS' not found
E/NetdConnector( 1871): Error handling '613 IfaceClass idle (null)': java.lang.NumberFormatException: Invalid int: "(null)"
E/NetlinkEvent( 1504): NetlinkEvent::FindParam(): Parameter 'INTERFACE' not found
E/NetlinkEvent( 1504): NetlinkEvent::FindParam(): Parameter 'TIME_NS' not found
E/NetdConnector( 1871): Error handling '613 IfaceClass active (null)': java.lang.NumberFormatException: Invalid int: "(null)"
D/BtGatt.GattService(14552): stopScan() - queue size =1
D/BtGatt.GattService(14552): unregisterClient() - clientIf=5
D/BtGatt.GattService(14552): onScanFilterParamsConfigured() - clientIf=5, status=0, action=1, availableSpace=15
D/BtGatt.ScanManager(14552): callback done for clientIf - 5 status - 0
D/BtGatt.GattService(14552): registerClient() - UUID=9fac310a-d8af-410e-ac5f-033c65b88e7a
D/BtGatt.GattService(14552): onClientRegistered() - UUID=9fac310a-d8af-410e-ac5f-033c65b88e7a, clientIf=5
D/BluetoothLeScanner(23806): onClientRegistered() - status=0 clientIf=5
D/BtGatt.GattService(14552): start scan with filters
D/BtGatt.GattService(14552): onScanFilterParamsConfigured() - clientIf=5, status=0, action=1, availableSpace=16
D/BtGatt.ScanManager(14552): callback done for clientIf - 5 status - 0
D/BtGatt.ScanManager(14552): stop scan
D/BtGatt.ScanManager(14552): configureRegularScanParams() - queue=0
D/BtGatt.ScanManager(14552): configureRegularScanParams() - ScanSetting Scan mode=-2147483648 mLastConfiguredScanSetting=0
D/BtGatt.ScanManager(14552): configureRegularScanParams() - queue emtpy, scan stopped
D/BtGatt.ScanManager(14552): handling starting scan
D/BtGatt.GattService(14552): onScanFilterEnableDisabled() - clientIf=5, status=0, action=1
D/BtGatt.ScanManager(14552): callback done for clientIf - 5 status - 0
D/BtGatt.GattService(14552): onScanFilterParamsConfigured() - clientIf=5, status=0, action=0, availableSpace=15
D/BtGatt.ScanManager(14552): callback done for clientIf - 5 status - 0
D/BtGatt.ScanManager(14552): configureRegularScanParams() - queue=1
D/BtGatt.ScanManager(14552): configureRegularScanParams() - ScanSetting Scan mode=0 mLastConfiguredScanSetting=-2147483648
E/NetlinkEvent( 1504): NetlinkEvent::FindParam(): Parameter 'INTERFACE' not found
E/NetlinkEvent( 1504): NetlinkEvent::FindParam(): Parameter 'TIME_NS' not found
E/NetdConnector( 1871): Error handling '613 IfaceClass idle (null)': java.lang.NumberFormatException: Invalid int: "(null)"
D/HeadsetStateMachine(14552): Disconnected process message: 10, size: 0
D/BtGatt.GattService(14552): stopScan() - queue size =1
D/BtGatt.GattService(14552): unregisterClient() - clientIf=5
D/BtGatt.GattService(14552): onScanFilterParamsConfigured() - clientIf=5, status=0, action=1, availableSpace=16
D/BtGatt.ScanManager(14552): callback done for clientIf - 5 status - 0
D/BtGatt.ScanManager(14552): stop scan
D/BtGatt.ScanManager(14552): configureRegularScanParams() - queue=0
D/BtGatt.ScanManager(14552): configureRegularScanParams() - ScanSetting Scan mode=-2147483648 mLastConfiguredScanSetting=0
D/BtGatt.ScanManager(14552): configureRegularScanParams() - queue emtpy, scan stopped
D/BtGatt.GattService(14552): registerClient() - UUID=c4c368c2-596f-46bb-9d82-8f2c6f2fe31e
D/BtGatt.GattService(14552): onClientRegistered() - UUID=c4c368c2-596f-46bb-9d82-8f2c6f2fe31e, clientIf=5
D/BluetoothLeScanner(23806): onClientRegistered() - status=0 clientIf=5
D/BtGatt.GattService(14552): start scan with filters
D/BtGatt.ScanManager(14552): handling starting scan
D/BtGatt.GattService(14552): onScanFilterEnableDisabled() - clientIf=5, status=0, action=1
D/BtGatt.ScanManager(14552): callback done for clientIf - 5 status - 0
D/BtGatt.ScanManager(14552): addFilterToController: 5
D/BtGatt.GattService(14552): onScanFilterConfig() - clientIf=5, action = 0 status = 0, filterType=5, availableSpace=47
D/BtGatt.ScanManager(14552): callback done for clientIf - 5 status - 0
D/BtGatt.GattService(14552): onScanFilterParamsConfigured() - clientIf=5, status=0, action=0, availableSpace=15
D/BtGatt.ScanManager(14552): callback done for clientIf - 5 status - 0
D/BtGatt.ScanManager(14552): addFilterToController: 5
D/BtGatt.GattService(14552): onScanFilterConfig() - clientIf=5, action = 0 status = 0, filterType=5, availableSpace=46
D/BtGatt.ScanManager(14552): callback done for clientIf - 5 status - 0
D/BtGatt.GattService(14552): onScanFilterParamsConfigured() - clientIf=5, status=0, action=0, availableSpace=14
D/BtGatt.ScanManager(14552): callback done for clientIf - 5 status - 0
D/BtGatt.ScanManager(14552): configureRegularScanParams() - queue=1
D/BtGatt.ScanManager(14552): configureRegularScanParams() - ScanSetting Scan mode=0 mLastConfiguredScanSetting=-2147483648
D/HeadsetStateMachine(14552): Disconnected process message: 10, size: 0
W/BluetoothAdapter( 2447): getBluetoothService() called with no BluetoothManagerCallback
D/BTIF_SOCK(14552): service_uuid: 5e8945b0-9525-11e3-a5e2-0800200c9a66
I/Keyboard.Facilitator.LanguageModelFlusher( 2340): run()
I/Keyboard.Facilitator( 2340): flushDynamicLanguageModels()
I/ConfigService( 2479): onCreate
W/bt-sdp  (14552): SDP - Rcvd conn cnf with error: 0x4  CID 0x46
E/bt-btif (14552): DISCOVERY_COMP_EVT slot id:137, failed to find channle,                                       status:1, scn:0
W/bt-btif (14552): invalid rfc slot id: 137
D/WearableBluetooth( 2447): onSocketReady returned, closing socket
D/HeadsetStateMachine(14552): Disconnected process message: 10, size: 0
I/art     ( 3062): Explicit concurrent mark sweep GC freed 19067(1256KB) AllocSpace objects, 20(576KB) LOS objects, 35% free, 28MB/44MB, paused 931us total 126.740ms
D/Coffee-PhonePositionTracker( 3062): Received AR result: DetectedActivity [type=9, confidence=51] at 1438348848290
D/Coffee-PhonePositionTracker( 3062): Off body for 0 millis
D/Coffee-PhonePositionTracker( 3062): Update on person state based on new OFF_BODY result
D/Coffee-PhonePositionTracker( 3062): Switching to off person state
D/Coffee-PhonePositionTrustlet( 3062): onPhoneOffPerson, isTrusted:true
I/Coffee-PhonePositionTracker( 3062): Unregistering from activity recognition
D/Coffee-Trustlet( 3062): PhonePosition set trust state: false mCanProvideTrust: true
D/Coffee-Trustlet( 3062): mDelegate.onTrustStateChanged
D/Coffee-TrustletManager( 3062): onTrustStateChanged: false
D/Coffee-TrustletManager( 3062): validateTrust, mDeviceIdle: false, mRequireUserAuthentication: false
D/Coffee-TrustletManager( 3062): notifyListenersTrustStateChanged, trusted: false, userInitiated: false, dismissKeyguard: false, reason: null
D/Coffee-TrustStateMonitor( 3062): Trusted state changed from true to false.
I/TrustAgentApi - GoogleTrustAgentServiceImpl( 3062): Trust state changed, trusted: false reason: null
D/TrustAgentApi - GoogleTrustAgentServiceImpl( 3062): Revoking trust
D/Coffee-GoogleTrustAgent( 3062): revokeTrust
I/ConfigService( 2479): onDestroy
D/HeadsetStateMachine(14552): Disconnected process message: 10, size: 0
E/NetlinkEvent( 1504): NetlinkEvent::FindParam(): Parameter 'INTERFACE' not found
E/NetlinkEvent( 1504): NetlinkEvent::FindParam(): Parameter 'TIME_NS' not found
E/NetdConnector( 1871): Error handling '613 IfaceClass active (null)': java.lang.NumberFormatException: Invalid int: "(null)"
E/NetlinkEvent( 1504): NetlinkEvent::FindParam(): Parameter 'INTERFACE' not found
E/NetlinkEvent( 1504): NetlinkEvent::FindParam(): Parameter 'TIME_NS' not found
E/NetdConnector( 1871): Error handling '613 IfaceClass idle (null)': java.lang.NumberFormatException: Invalid int: "(null)"
D/HeadsetStateMachine(14552): Disconnected process message: 10, size: 0
E/qti_sensors_hal( 1871): waitForResponse: pthread_cond_timedwait() rc=110 (cond: 0)
E/qti_sensors_hal( 1871): deactivateDpc: ERROR: No response from the request
I/DisplayPowerController( 1871): Blocking screen on until initial contents have been drawn.
D/SurfaceFlinger(  258): Set power mode=1, type=0 flinger=0xb6082000
D/qdhwcomposer(  258): hwc_setPowerMode: Setting mode 1 on display: 0
I/DisplayManagerService( 1871): Display device changed: DisplayDeviceInfo{"Built-in Screen": uniqueId="local:0", 1440 x 2560, 60.0 fps, supportedRefreshRates [60.0], density 560, 494.27 x 492.606 dpi, appVsyncOff 7500000, presDeadline 12666667, touch INTERNAL, rotation 0, type BUILT_IN, state DOZE, FLAG_DEFAULT_DISPLAY, FLAG_ROTATES_WITH_CONTENT, FLAG_SECURE, FLAG_SUPPORTS_PROTECTED_BUFFERS}
V/ActivityManager( 1871): Display changed displayId=0
I/qdhwcomposer(  258): handle_blank_event: dpy:0 panel power state: 2
D/qdhwcomposer(  258): hwc_setPowerMode: Done setting mode 1 on display 0
D/SurfaceControl( 1871): Excessive delay in setPowerMode(): 250ms
I/DisplayPowerController( 1871): Unblocked screen on after 270 ms
I/PowerManagerService( 1871): Waking up from dozing (uid 1000)...
D/SurfaceFlinger(  258): Set power mode=2, type=0 flinger=0xb6082000
I/DisplayManagerService( 1871): Display device changed: DisplayDeviceInfo{"Built-in Screen": uniqueId="local:0", 1440 x 2560, 60.0 fps, supportedRefreshRates [60.0], density 560, 494.27 x 492.606 dpi, appVsyncOff 7500000, presDeadline 12666667, touch INTERNAL, rotation 0, type BUILT_IN, state ON, FLAG_DEFAULT_DISPLAY, FLAG_ROTATES_WITH_CONTENT, FLAG_SECURE, FLAG_SUPPORTS_PROTECTED_BUFFERS}
D/qdhwcomposer(  258): hwc_setPowerMode: Setting mode 2 on display: 0
D/qdhwcomposer(  258): hwc_setPowerMode: Done setting mode 2 on display 0
I/qdhwcomposer(  258): handle_blank_event: dpy:0 panel power state: 1
I/DreamManagerService( 1871): Gently waking up from dream.
V/KeyguardServiceDelegate( 1871): onScreenTurnedOn(showListener = com.android.internal.policy.impl.PhoneWindowManager$2@2ecbc354)
V/ActivityManager( 1871): Display changed displayId=0
D/audio_hw_primary( 1508): adev_set_parameters: enter: screen_state=on
D/mot_vr_audio_hw( 1508): adev_set_parameters: screen_state=on
E/WifiStateMachine( 1871): cancelDelayedScan -> 1426
E/native  ( 1871): do suspend false
I/DreamManagerService( 1871): Leaving dreamland.
I/DreamController( 1871): Stopping dream: name=ComponentInfo{com.android.systemui/com.android.systemui.doze.DozeService}, isTest=false, canDoze=true, userId=0
V/KeyguardServiceDelegate( 1871): **** SHOWN CALLED ****
D/BrcmNfcJni( 2395): RoutingManager::nfaEeCallback: NFA_EE_SET_PROTO_CFG_EVT; status=0x0
D/BrcmNfcJni( 2395): RoutingManager::commitRouting
I/entered bcast receiver( 3957): timpall
D/BrcmNfcJni( 2395): RoutingManager::nfaEeCallback: NFA_EE_UPDATED_EVT
D/ScreenOnOffReceiver( 3062): Received intent: Intent { act=android.intent.action.SCREEN_ON flg=0x50000010 }.
D/ScreenOnOffReceiver( 3062): Received intent: Intent { act=android.intent.action.SCREEN_ON flg=0x50000010 }.
D/PhoneStatusBar( 2061): disable: < expand ICONS alerts SYSTEM_INFO back HOME RECENT clock SEARCH >
D/PhoneStatusBar( 2061): disable: < expand ICONS alerts SYSTEM_INFO back HOME RECENT clock SEARCH >
D/Coffee-GoogleTrustAgent( 3062): onUnlockAttempt true
D/PhoneStatusBar( 2061): disable: < expand ICONS alerts SYSTEM_INFO back HOME RECENT clock SEARCH >
D/PhoneStatusBar( 2061): disable: < expand icons* alerts system_info* back HOME RECENT clock SEARCH >
E/NetlinkEvent( 1504): NetlinkEvent::FindParam(): Parameter 'INTERFACE' not found
E/NetlinkEvent( 1504): NetlinkEvent::FindParam(): Parameter 'TIME_NS' not found
E/NetdConnector( 1871): Error handling '613 IfaceClass active (null)': java.lang.NumberFormatException: Invalid int: "(null)"
D/Event   ( 2241): No subscribers registered for event class com.yahoo.sensors.android.music.MusicController$MusicClient
D/Event   ( 2241): No subscribers registered for event class de.greenrobot.event.h
D/Event   ( 2241): No subscribers registered for event class com.yahoo.sensors.android.music.MusicController$MusicClient
D/Event   ( 2241): No subscribers registered for event class de.greenrobot.event.h
D/Event   ( 2241): No subscribers registered for event class com.yahoo.sensors.android.music.MusicController$MusicControlFlag
D/Event   ( 2241): No subscribers registered for event class de.greenrobot.event.h
D/ScreenOnOffReceiver( 3062): Received intent: Intent { act=android.intent.action.USER_PRESENT flg=0x24000010 }.
I/Coffee-PlaceLure( 3062): User present
I/Coffee-PlaceTrustlet( 3062): User Present broadcast receiver action: android.intent.action.USER_PRESENT
I/Coffee-PlaceTrustlet( 3062): ready to fetch home
D/ScreenOnOffReceiver( 3062): Received intent: Intent { act=android.intent.action.USER_PRESENT flg=0x24000010 }.
D/Coffee-PhonePositionTrustlet( 3062): Screen is unlocked
D/Coffee-PhonePositionTracker( 3062): 1 PhonePositionInfo added to playlog
D/Coffee-PhonePositionTrustlet( 3062): Phone was locked, playlog sent
W/InputMethodManagerService( 1871): Window already focused, ignoring focus gain of: com.android.internal.view.IInputMethodClient$Stub$Proxy@119cde94 attribute=android.view.inputmethod.EditorInfo@6140d3d, token = android.os.BinderProxy@2b0cfa4d
I/Keyboard.Facilitator( 2340): onFinishInput()
W/UnitFeatureCalculator( 2241): Card 79252454-c9d7-3550-9e16-c6f97dad21bb is missing specified ranking argument USER_INTEREST:BASEBALL_TEAM
D/PhoneStatusBar( 2061): disable: < expand icons alerts system_info back home* recent* clock search* >
W/UnitFeatureCalculator( 2241): Card 79252454-c9d7-3550-9e16-c6f97dad21bb is missing specified ranking argument USER_INTEREST:BASEBALL_TEAM
W/UnitFeatureCalculator( 2241): Card 79252454-c9d7-3550-9e16-c6f97dad21bb is missing specified ranking argument USER_INTEREST:BASEBALL_TEAM
E/BrcmNfcJni( 2395): nfaConnectionCallback: unknown event ????
D/BrcmNfcJni( 2395): RoutingManager::nfaEeCallback: NFA_EE_SET_PROTO_CFG_EVT; status=0x0
D/BrcmNfcJni( 2395): RoutingManager::commitRouting
W/UnitFeatureCalculator( 2241): Card 84811159-30d4-33df-bf81-360899e45c1b is missing specified ranking argument USER_INTEREST:MOVIE
D/BrcmNfcJni( 2395): RoutingManager::nfaEeCallback: NFA_EE_UPDATED_EVT
W/ActivityManager( 1871): getRecentTasks: caller 10115 does not hold GET_TASKS; limiting output
V/UserPresentBroadcastReceiver( 3062): Received Intent { act=android.intent.action.USER_PRESENT flg=0x24000010 cmp=com.google.android.gms/.auth.trustagent.UserPresentBroadcastReceiver }.
W/UnitFeatureCalculator( 2241): Card 686bdf4b-345e-3703-9d42-529bbd9f6e2b is missing specified ranking argument USER_LOCATION:NONROUTINE
W/UnitFeatureCalculator( 2241): Card 686bdf4b-345e-3703-9d42-529bbd9f6e2b is missing specified ranking argument USER_LOCATION:NONROUTINE
I/ActivityManager( 1871): Start proc 9397:com.google.android.apps.fitness/u0a58 for broadcast com.google.android.apps.fitness/.widget.TodayStatusWidgetProvider
I/FitnessApp( 9397): Initializers took 2 milliseconds
I/ActivityManager( 1871): Start proc 9429:com.classdojo.android/u0a120 for broadcast com.classdojo.android/com.parse.ParseBroadcastReceiver
I/ActivityManager( 1871): Killing 7058:com.amc/u0a105 (adj 15): empty #17
W/View    ( 2241): requestLayout() improperly called by android.widget.ImageView{71a3abf V.ED.... ......I. 0,0-0,0 #7f0f00fe app:id/condition_icon} during layout: running second layout pass
W/View    ( 2241): requestLayout() improperly called by android.widget.TextView{32cb658c V.ED.... ......I. 0,0-0,0 #7f0f00fa app:id/location_image_credits} during layout: running second layout pass
I/Fabric  ( 9429): Initializing Crashlytics 2.3.3.61
W/BroadcastQueue( 1871): Permission Denial: broadcasting Intent { act=android.intent.action.USER_PRESENT flg=0x24000010 } from com.android.systemui (pid=2061, uid=10029) requires com.tul.aviate.permission.AVIATE_RECEIVE due to receiver com.tul.aviate/com.tul.aviator.cards.quickactions.DoNotDisturbQuickActionProvider
I/ActivityManager( 1871): Killing 6878:com.cleartrip.android/u0a159 (adj 15): empty #17
I/ActivityManager( 1871): Start proc 9474:com.estrongs.android.pop/u0a142 for broadcast com.estrongs.android.pop/.app.StartServiceReceiver
E/ObjectHelper( 9474): Can't find method:setCompatibilityInfo
I/art     ( 1871): Explicit concurrent mark sweep GC freed 41519(2MB) AllocSpace objects, 6(96KB) LOS objects, 23% free, 52MB/68MB, paused 1.519ms total 105.903ms
D/an      ( 9474): Refresh storage info done.24
W/ResourceType( 9474): No package identifier when getting value for resource number 0x00000000
I/ActivityManager( 1871): Start proc 9502:com.linkedin.android/u0a127 for broadcast com.linkedin.android/.appwidget.ResponsiveWidgetService$ActiveUserListener
I/ActivityManager( 1871): Killing 6943:com.google.samples.apps.cardboarddemo/u0a154 (adj 15): empty #17
I/LiConfigParser( 9502): Avail updated for feature [bluesteel_profile_background_animation] to:true
I/LiConfigParser( 9502): Avail updated for feature [bluesteel_profile_caching] to:true
I/LiConfigParser( 9502): Avail updated for feature [bluesteel_profile_easter] to:true
I/DefaultLiHttpClient( 9502): Current retry config is:UseLiExceptionRetry
I/PersistentCookieStore( 9502): Get Persistent Cookie Store
I/PersistentCookieStore( 9502): mInstance == null. init mInstance
I/PersistentCookieStore( 9502): no migration
I/MobileClient( 9502): Mobile server: https://touch.www.linkedin.com
I/WebViewFactory( 9502): Loading com.google.android.webview version 44.0.2403.90 (code 240309000)
I/LibraryLoader( 9502): Time to load native libraries: 1 ms (timestamps 5499-5500)
I/LibraryLoader( 9502): Expected native library version number "",actual native library version number ""
V/WebViewChromiumFactoryProvider( 9502): Binding Chromium to main looper Looper (main, tid 1) {26f81a}
I/LibraryLoader( 9502): Expected native library version number "",actual native library version number ""
I/chromium( 9502): [INFO:library_loader_hooks.cc(120)] Chromium logging enabled: level = 0, default verbosity = 0
I/BrowserStartupController( 9502): Initializing chromium process, singleProcess=true
W/art     ( 9502): Attempt to remove local handle scope entry from IRT, ignoring
E/SysUtils( 9502): ApplicationContext is null in ApplicationStatus
W/chromium( 9502): [WARNING:resource_bundle.cc(285)] locale_file_path.empty()
E/libEGL  ( 9502): validate_display:255 error 3008 (EGL_BAD_DISPLAY)
E/libEGL  ( 9502): validate_display:255 error 3008 (EGL_BAD_DISPLAY)
I/Adreno  ( 9502): EGLInit: QTI Build: 01/29/15, 1bccc5d, I0ba6dce82d
W/AudioManagerAndroid( 9502): Requires BLUETOOTH permission
W/art     ( 9502): Attempt to remove local handle scope entry from IRT, ignoring
W/AwContents( 9502): onDetachedFromWindow called when already detached. Ignoring
I/PersistentCookieStore( 9502): Get Persistent Cookie Store
W/art     ( 9502): Attempt to remove local handle scope entry from IRT, ignoring
I/PersistentCookieStore( 9502): Get Persistent Cookie Store
W/chromium( 9502): [WARNING:data_reduction_proxy_config.cc(423)] SPDY proxy OFF at startup
I/ActivityManager( 1871): Killing 7186:com.google.android.talk/u0a20 (adj 15): empty #17
I/RequestQueue( 9502): Init Network Client
I/RequestQueue( 9502): Network dispatcher has started
D/LI_AUTH_LIB( 9502): in init username=yogic@hotmail.com
I/PersistentCookieStore( 9502): All cookies cleared
D/com.linkedin.android.liauthlib.NetworkDispatcher( 9502): sending request https://www.linkedin.com/mob/sso/you
I/LiApplication( 9502): Locale found in prefs: 
I/LiApplication( 9502): Updated language/locale to: en_US
I/GCoreUlr( 3062): Successfully inserted location
I/GCoreUlr( 3062): Starting service, intent=Intent { act=com.google.android.location.reporting.UPLOAD cmp=com.google.android.gms/com.google.android.location.reporting.service.DispatchingService }, extras=null
W/BaseAppContext( 3062): Using Auth Proxy for data requests.
I/GCoreUlr( 3062): Batch Location Update succeeded for account account#2#
D/com.linkedin.android.liauthlib.NetworkDispatcher( 9502): got response from https://www.linkedin.com/mob/sso/you
E/NetlinkEvent( 1504): NetlinkEvent::FindParam(): Parameter 'INTERFACE' not found
E/NetlinkEvent( 1504): NetlinkEvent::FindParam(): Parameter 'TIME_NS' not found
E/NetdConnector( 1871): Error handling '613 IfaceClass idle (null)': java.lang.NumberFormatException: Invalid int: "(null)"
E/NetlinkEvent( 1504): NetlinkEvent::FindParam(): Parameter 'INTERFACE' not found
E/NetlinkEvent( 1504): NetlinkEvent::FindParam(): Parameter 'TIME_NS' not found
E/NetdConnector( 1871): Error handling '613 IfaceClass active (null)': java.lang.NumberFormatException: Invalid int: "(null)"
E/NetlinkEvent( 1504): NetlinkEvent::FindParam(): Parameter 'INTERFACE' not found
E/NetlinkEvent( 1504): NetlinkEvent::FindParam(): Parameter 'TIME_NS' not found
E/NetdConnector( 1871): Error handling '613 IfaceClass idle (null)': java.lang.NumberFormatException: Invalid int: "(null)"
I/EventLogService( 2193): Opted in for usage reporting
I/EventLogService( 2193): Aggregate from 1438347134262 (log), 1438347134262 (data)
I/ServiceDumpSys( 2193): dumping service [account]
I/ServiceDumpSys( 2193): dumping service [batterystats]
I/ServiceDumpSys( 2193): dumping service [package]
I/ServiceDumpSys( 2193): dumping service [procstats]
E/NetlinkEvent( 1504): NetlinkEvent::FindParam(): Parameter 'INTERFACE' not found
E/NetlinkEvent( 1504): NetlinkEvent::FindParam(): Parameter 'TIME_NS' not found
E/NetdConnector( 1871): Error handling '613 IfaceClass active (null)': java.lang.NumberFormatException: Invalid int: "(null)"
E/NetlinkEvent( 1504): NetlinkEvent::FindParam(): Parameter 'INTERFACE' not found
E/NetlinkEvent( 1504): NetlinkEvent::FindParam(): Parameter 'TIME_NS' not found
E/NetdConnector( 1871): Error handling '613 IfaceClass idle (null)': java.lang.NumberFormatException: Invalid int: "(null)"
E/NetlinkEvent( 1504): NetlinkEvent::FindParam(): Parameter 'INTERFACE' not found
E/NetlinkEvent( 1504): NetlinkEvent::FindParam(): Parameter 'TIME_NS' not found
E/NetdConnector( 1871): Error handling '613 IfaceClass active (null)': java.lang.NumberFormatException: Invalid int: "(null)"
D/AndroidRuntime( 9764): >>>>>> START com.android.internal.os.RuntimeInit uid 2000 <<<<<<
D/AndroidRuntime( 9764): CheckJNI is OFF
D/AndroidRuntime( 9764): Calling main entry com.android.commands.pm.Pm
I/ActivityManager( 1871): Start proc 9784:com.android.defcontainer/u0a9 for service com.android.defcontainer/.DefaultContainerService
D/Finsky  ( 3800): [1] PackageVerificationReceiver.onReceive: Verification requested, id = 9
D/Finsky  ( 3800): [1] WorkerTask.onPreExecute: Verification Requested for id = 9, data=file:///data/local/tmp/com.myapp.android.popularmovies flags=114 fromVerificationActivity=false
I/qtaguid ( 3800): Failed write_ctrl(u 38) res=-1 errno=22
I/qtaguid ( 3800): Untagging socket 38 failed errno=-22
W/NetworkManagementSocketTagger( 3800): untagSocket(38) failed with errno -22
D/Finsky  ( 3800): [1] 1.onResponse: Verification id=9 response=0
D/Finsky  ( 3800): [1] PackageVerificationReceiver.onReceive: Verification requested, id = 9
D/DefContainer( 9784): Copying /data/local/tmp/com.myapp.android.popularmovies to base.apk
D/BtGatt.GattService(14552): stopScan() - queue size =1
D/BtGatt.GattService(14552): unregisterClient() - clientIf=5
D/BtGatt.GattService(14552): registerClient() - UUID=ea55c4cb-5fb3-40e2-a686-bfebd05774f7
D/BtGatt.GattService(14552): onScanFilterParamsConfigured() - clientIf=5, status=0, action=1, availableSpace=15
D/BtGatt.ScanManager(14552): callback done for clientIf - 5 status - 0
D/BtGatt.GattService(14552): onClientRegistered() - UUID=ea55c4cb-5fb3-40e2-a686-bfebd05774f7, clientIf=5
D/BluetoothLeScanner(23806): onClientRegistered() - status=0 clientIf=5
D/BtGatt.GattService(14552): start scan with filters
D/BtGatt.GattService(14552): onScanFilterParamsConfigured() - clientIf=5, status=0, action=1, availableSpace=16
D/BtGatt.ScanManager(14552): callback done for clientIf - 5 status - 0
D/BtGatt.ScanManager(14552): stop scan
D/BtGatt.ScanManager(14552): configureRegularScanParams() - queue=0
D/BtGatt.ScanManager(14552): configureRegularScanParams() - ScanSetting Scan mode=-2147483648 mLastConfiguredScanSetting=0
D/BtGatt.ScanManager(14552): configureRegularScanParams() - queue emtpy, scan stopped
D/BtGatt.ScanManager(14552): handling starting scan
D/BtGatt.GattService(14552): onScanFilterEnableDisabled() - clientIf=5, status=0, action=1
D/BtGatt.ScanManager(14552): callback done for clientIf - 5 status - 0
D/BtGatt.GattService(14552): onScanFilterParamsConfigured() - clientIf=5, status=0, action=0, availableSpace=15
D/BtGatt.ScanManager(14552): callback done for clientIf - 5 status - 0
D/BtGatt.ScanManager(14552): configureRegularScanParams() - queue=1
D/BtGatt.ScanManager(14552): configureRegularScanParams() - ScanSetting Scan mode=0 mLastConfiguredScanSetting=-2147483648
D/PackageManager( 1871): Renaming /data/app/vmdl469525592.tmp to /data/app/com.myapp.android.popularmovies-2
I/ActivityManager( 1871): Force stopping com.myapp.android.popularmovies appid=10162 user=-1: uninstall pkg
I/PackageManager( 1871): Package com.myapp.android.popularmovies codePath changed from /data/app/com.myapp.android.popularmovies-1 to /data/app/com.myapp.android.popularmovies-2; Retaining data and using new
I/PackageManager( 1871): Running dexopt on: /data/app/com.myapp.android.popularmovies-2/base.apk pkg=com.myapp.android.popularmovies isa=arm vmSafeMode=false
I/dex2oat ( 9814): /system/bin/dex2oat --zip-fd=6 --zip-location=/data/app/com.myapp.android.popularmovies-2/base.apk --oat-fd=7 --oat-location=/data/dalvik-cache/arm/data@app@com.myapp.android.popularmovies-2@base.apk@classes.dex --instruction-set=arm --instruction-set-features=div --runtime-arg -Xms64m --runtime-arg -Xmx512m --swap-fd=8
I/dex2oat ( 9814): Decided to run without swap.
W/dex2oat ( 9814): Before Android 4.1, method int android.support.v7.internal.widget.ListViewCompat.lookForSelectablePosition(int, boolean) would have incorrectly overridden the package-private method in android.widget.ListView
I/dex2oat ( 9814): dex2oat took 1.111s (threads: 4) arena alloc=59KB java alloc=2MB native alloc=5MB free=2MB
W/PackageManager( 1871): Code path for pkg : com.myapp.android.popularmovies changing from /data/app/com.myapp.android.popularmovies-1 to /data/app/com.myapp.android.popularmovies-2
W/PackageManager( 1871): Resource path for pkg : com.myapp.android.popularmovies changing from /data/app/com.myapp.android.popularmovies-1 to /data/app/com.myapp.android.popularmovies-2
I/ActivityManager( 1871): Force stopping com.myapp.android.popularmovies appid=10162 user=-1: update pkg
I/ActivityManager( 1871): Force stopping com.myapp.android.popularmovies appid=10162 user=0: pkg removed
I/InputReader( 1871): Reconfiguring input devices.  changes=0x00000010
W/ResourcesManager( 2130): Asset path '/system/framework/com.google.android.media.effects.jar' does not exist or contains no resources.
I/InputReader( 1871): Reconfiguring input devices.  changes=0x00000010
I/InputReader( 1871): Reconfiguring input devices.  changes=0x00000010
I/ActivityManager( 1871): Killing 4074:com.google.android.googlequicksearchbox/u0a34 (adj 15): empty #17
D/BuaReceiver(30344): ====== got intent:Intent { act=android.intent.action.PACKAGE_REMOVED dat=package:com.myapp.android.popularmovies flg=0x4000010 cmp=com.motorola.android.buacontactadapter/.BuaReceiver (has extras) }
I/art     ( 3800): Explicit concurrent mark sweep GC freed 58290(3MB) AllocSpace objects, 35(884KB) LOS objects, 24% free, 24MB/32MB, paused 430us total 26.043ms
I/art     ( 2061): Explicit concurrent mark sweep GC freed 43621(1606KB) AllocSpace objects, 6(2006KB) LOS objects, 19% free, 66MB/82MB, paused 1.406ms total 49.807ms
I/art     ( 2241): Explicit concurrent mark sweep GC freed 121289(5MB) AllocSpace objects, 29(4MB) LOS objects, 9% free, 161MB/177MB, paused 1.360ms total 113.159ms
W/ResourceType( 2241): No package identifier when getting value for resource number 0x00000000
W/PackageManager( 2241): Failure retrieving resources for com.myapp.android.popularmovies: Resource ID #0x0
I/art     (23374): Explicit concurrent mark sweep GC freed 8402(563KB) AllocSpace objects, 0(0B) LOS objects, 20% free, 30MB/38MB, paused 404us total 117.555ms
D/Event   ( 2241): No subscribers registered for event class com.tul.aviator.a.z
D/Event   ( 2241): No subscribers registered for event class de.greenrobot.event.h
I/art     ( 1871): Explicit concurrent mark sweep GC freed 85668(5MB) AllocSpace objects, 33(852KB) LOS objects, 23% free, 52MB/68MB, paused 2.292ms total 101.647ms
D/JobSchedulerService( 1871): Receieved: android.intent.action.PACKAGE_REMOVED
D/BackupManagerService( 1871): Received broadcast Intent { act=android.intent.action.PACKAGE_REMOVED dat=package:com.myapp.android.popularmovies flg=0x4000010 (has extras) }
W/Settings( 1871): Setting install_non_market_apps has moved from android.provider.Settings.Global to android.provider.Settings.Secure, returning read-only value.
I/ActivityManager( 1871): Start proc 9831:com.android.musicfx/u0a23 for broadcast com.android.musicfx/.Compatibility$Receiver
D/BackupManagerService( 1871): Received broadcast Intent { act=android.intent.action.PACKAGE_ADDED dat=package:com.myapp.android.popularmovies flg=0x4000010 (has extras) }
W/BackupManagerService( 1871): Removing schedule queue dupe of com.myapp.android.popularmovies
I/ActivityManager( 1871): Start proc 9850:com.android.keychain/1000 for broadcast com.android.keychain/.KeyChainBroadcastReceiver
I/ActivityManager( 1871): Killing 7312:com.android.chrome:privileged_process1/u0a46 (adj 15): empty #17
I/art     ( 1871): Explicit concurrent mark sweep GC freed 10362(493KB) AllocSpace objects, 0(0B) LOS objects, 23% free, 52MB/68MB, paused 1.798ms total 129.363ms
I/art     ( 9764): System.exit called, status: 0
I/AndroidRuntime( 9764): VM exiting with result code 0.
W/ActivityManager( 1871): Scheduling restart of crashed service com.android.chrome/org.chromium.content.app.PrivilegedProcessService1 in 1000ms
W/ContextImpl( 9850): Calling a method in the system process without a qualified user: android.app.ContextImpl.startService:1692 android.content.ContextWrapper.startService:516 android.content.ContextWrapper.startService:516 com.android.keychain.KeyChainBroadcastReceiver.onReceive:12 android.app.ActivityThread.handleReceiver:2609 
E/NetworkScheduler.SchedulerReceiver( 2479): Invalid parameter app
E/NetworkScheduler.SchedulerReceiver( 2479): Invalid package name : Perhaps you didn't include a PendingIntent in the extras?
D/ChimeraCfgMgr( 2193): Loading module com.google.android.gms.games from APK com.google.android.play.games
D/ChimeraModuleLdr( 2193): Module APK com.google.android.play.games already loaded
I/ActivityManager( 1871): Killing 7081:com.ebay.mobile/u0a109 (adj 15): empty #17
D/PackageBroadcastService( 2193): Received broadcast action=android.intent.action.PACKAGE_REMOVED and uri=com.myapp.android.popularmovies
I/ConfigService( 2479): onCreate
I/ConfigFetchService( 2193): onStartCommand Intent { act=android.intent.action.PACKAGE_REMOVED dat=package:com.myapp.android.popularmovies cmp=com.google.android.gms/.config.ConfigFetchService (has extras) }
I/ActivityManager( 1871): Start proc 9876:com.google.android.apps.docs/u0a53 for broadcast com.google.android.apps.docs/.receivers.AppPackageAddRemoveReceiver
D/AndroidRuntime( 9874): >>>>>> START com.android.internal.os.RuntimeInit uid 2000 <<<<<<
D/AndroidRuntime( 9874): CheckJNI is OFF
E/PhotosPlugin( 9876): Loading PhotosPlugin
D/AndroidRuntime( 9874): Calling main entry com.android.commands.am.Am
I/ActivityManager( 1871): START u0 {act=android.intent.action.MAIN cat=[android.intent.category.LAUNCHER] flg=0x10000000 cmp=com.myapp.android.popularmovies/.MainActivity} from uid 2000 on display 0
V/WindowManager( 1871): addAppToken: AppWindowToken{18bfacc token=Token{3d56dcff ActivityRecord{32e1ec1e u0 com.myapp.android.popularmovies/.MainActivity t458}}} to stack=1 task=458 at 0
D/AndroidRuntime( 9874): Shutting down VM
V/WindowManager( 1871): Adding window Window{18f56cf7 u0 Starting com.myapp.android.popularmovies} at 8 of 14 (after Window{36c8a1de u0 com.whatsapp/com.whatsapp.HomeActivity})
I/art     ( 9874): Debugger is no longer active
I/art     ( 9914): Late-enabling -Xcheck:jni
I/ActivityManager( 1871): Start proc 9914:com.myapp.android.popularmovies/u0a162 for activity com.myapp.android.popularmovies/.MainActivity
D/AndroidRuntime( 9914): Shutting down VM
E/AndroidRuntime( 9914): FATAL EXCEPTION: main
E/AndroidRuntime( 9914): Process: com.myapp.android.popularmovies, PID: 9914
E/AndroidRuntime( 9914): java.lang.RuntimeException: Unable to start activity ComponentInfo{com.myapp.android.popularmovies/com.myapp.android.popularmovies.MainActivity}: android.view.InflateException: Binary XML file line #1: Error inflating class fragment
E/AndroidRuntime( 9914): 	at android.app.ActivityThread.performLaunchActivity(ActivityThread.java:2325)
E/AndroidRuntime( 9914): 	at android.app.ActivityThread.handleLaunchActivity(ActivityThread.java:2387)
E/AndroidRuntime( 9914): 	at android.app.ActivityThread.access$800(ActivityThread.java:151)
E/AndroidRuntime( 9914): 	at android.app.ActivityThread$H.handleMessage(ActivityThread.java:1303)
E/AndroidRuntime( 9914): 	at android.os.Handler.dispatchMessage(Handler.java:102)
E/AndroidRuntime( 9914): 	at android.os.Looper.loop(Looper.java:135)
E/AndroidRuntime( 9914): 	at android.app.ActivityThread.main(ActivityThread.java:5254)
E/AndroidRuntime( 9914): 	at java.lang.reflect.Method.invoke(Native Method)
E/AndroidRuntime( 9914): 	at java.lang.reflect.Method.invoke(Method.java:372)
E/AndroidRuntime( 9914): 	at com.android.internal.os.ZygoteInit$MethodAndArgsCaller.run(ZygoteInit.java:903)
E/AndroidRuntime( 9914): 	at com.android.internal.os.ZygoteInit.main(ZygoteInit.java:698)
E/AndroidRuntime( 9914): Caused by: android.view.InflateException: Binary XML file line #1: Error inflating class fragment
E/AndroidRuntime( 9914): 	at android.view.LayoutInflater.createViewFromTag(LayoutInflater.java:763)
E/AndroidRuntime( 9914): 	at android.view.LayoutInflater.inflate(LayoutInflater.java:482)
E/AndroidRuntime( 9914): 	at android.view.LayoutInflater.inflate(LayoutInflater.java:414)
E/AndroidRuntime( 9914): 	at android.view.LayoutInflater.inflate(LayoutInflater.java:365)
E/AndroidRuntime( 9914): 	at android.support.v7.app.AppCompatDelegateImplV7.setContentView(AppCompatDelegateImplV7.java:249)
E/AndroidRuntime( 9914): 	at android.support.v7.app.AppCompatActivity.setContentView(AppCompatActivity.java:106)
E/AndroidRuntime( 9914): 	at com.myapp.android.popularmovies.MainActivity.onCreate(MainActivity.java:16)
E/AndroidRuntime( 9914): 	at android.app.Activity.performCreate(Activity.java:5990)
E/AndroidRuntime( 9914): 	at android.app.Instrumentation.callActivityOnCreate(Instrumentation.java:1106)
E/AndroidRuntime( 9914): 	at android.app.ActivityThread.performLaunchActivity(ActivityThread.java:2278)
E/AndroidRuntime( 9914): 	... 10 more
E/AndroidRuntime( 9914): Caused by: android.app.Fragment$InstantiationException: Trying to instantiate a class com.myapp.android.popularmovies.MainActivity that is not a Fragment
E/AndroidRuntime( 9914): 	at android.app.Fragment.instantiate(Fragment.java:606)
E/AndroidRuntime( 9914): 	at android.app.Fragment.instantiate(Fragment.java:582)
E/AndroidRuntime( 9914): 	at android.app.FragmentManagerImpl.onCreateView(FragmentManager.java:2108)
E/AndroidRuntime( 9914): 	at android.app.Activity.onCreateView(Activity.java:5328)
E/AndroidRuntime( 9914): 	at android.support.v7.app.AppCompatDelegateImplV11.callActivityOnCreateView(AppCompatDelegateImplV11.java:41)
E/AndroidRuntime( 9914): 	at android.support.v7.app.AppCompatDelegateImplV7.onCreateView(AppCompatDelegateImplV7.java:826)
E/AndroidRuntime( 9914): 	at android.support.v4.view.LayoutInflaterCompatHC$FactoryWrapperHC.onCreateView(LayoutInflaterCompatHC.java:44)
E/AndroidRuntime( 9914): 	at android.view.LayoutInflater.createViewFromTag(LayoutInflater.java:725)
E/AndroidRuntime( 9914): 	... 19 more
E/AndroidRuntime( 9914): Caused by: java.lang.ClassCastException
E/AndroidRuntime( 9914): 	... 27 more
W/ActivityManager( 1871):   Force finishing activity 1 com.myapp.android.popularmovies/.MainActivity
I/GAv4    ( 9876): Google Analytics 7.5.71 is starting up. To enable debug logging on a device run:
I/GAv4    ( 9876):   adb shell setprop log.tag.GAv4 DEBUG
I/GAv4    ( 9876):   adb logcat -s GAv4
I/OpenGLRenderer( 1871): Initialized EGL, version 1.4
W/GAv4    ( 9876): AnalyticsReceiver is not registered or is disabled. Register the receiver for reliable dispatching on non-Google Play devices. See http://goo.gl/8Rd3yj for instructions.
W/GAv4    ( 9876): CampaignTrackingReceiver is not registered, not exported or is disabled. Installation campaign tracking is not possible. See http://goo.gl/8Rd3yj for instructions.
W/GAv4    ( 9876): AnalyticsService not registered in the app manifest. Hits might not be delivered reliably. See http://goo.gl/8Rd3yj for instructions.
I/ActivityManager( 1871): Killing 7600:com.qualcomm.timeservice/1000 (adj 15): empty #17
V/GLSActivity( 2479): AuthDelegateWrapperCreated with selected intent: Intent { cmp=com.google.android.gms/.auth.DefaultAuthDelegateService }
I/ActivityManager( 1871): Start proc 9955:com.google.android.googlequicksearchbox/u0a34 for broadcast com.google.android.googlequicksearchbox/com.android.launcher3.PackageChangedReceiver
V/GLSActivity( 2479): AuthDelegateWrapperCreated with selected intent: Intent { cmp=com.google.android.gms/.auth.DefaultAuthDelegateService }
I/art     ( 2479): Explicit concurrent mark sweep GC freed 30509(1415KB) AllocSpace objects, 2(32KB) LOS objects, 36% free, 27MB/43MB, paused 1.505ms total 44.106ms
V/WindowManager( 1871): Layouts looping: On entry to LockedInner, mPendingLayoutChanges = 0x4
V/WindowManager( 1871): Layouts looping: loop number 4, mPendingLayoutChanges = 0x0
V/WindowManager( 1871): Layouts looping: after finishPostLayoutPolicyLw, mPendingLayoutChanges = 0x0
V/WindowManager( 1871): Layouts looping: wallpaper and commitFinishDrawingLocked true, mPendingLayoutChanges = 0x4
V/WindowManager( 1871): Layouts looping: WallpaperMayChange, mPendingLayoutChanges = 0x4
V/WindowManager( 1871): Layouts looping: On entry to LockedInner, mPendingLayoutChanges = 0x4
V/WindowManager( 1871): Layouts looping: loop number 5, mPendingLayoutChanges = 0x0
V/WindowManager( 1871): Layouts looping: after finishPostLayoutPolicyLw, mPendingLayoutChanges = 0x0
V/WindowManager( 1871): Layouts looping: wallpaper and commitFinishDrawingLocked true, mPendingLayoutChanges = 0x4
V/WindowManager( 1871): Layouts looping: WallpaperMayChange, mPendingLayoutChanges = 0x4
E/WindowManager( 1871): Performed 6 layouts in a row. Skipping
D/Launcher.LauncherProvider( 9955): 11683562 - initializeMaxScreenId(): 2
V/WindowManager( 1871): Layouts looping: On entry to LockedInner, mPendingLayoutChanges = 0x4
I/ActivityManager( 1871): Start proc 9976:com.android.chrome:privileged_process1/u0a46 for service com.android.chrome/org.chromium.content.app.PrivilegedProcessService1
V/WindowManager( 1871): Layouts looping: loop number 4, mPendingLayoutChanges = 0x0
V/WindowManager( 1871): Layouts looping: after finishPostLayoutPolicyLw, mPendingLayoutChanges = 0x0
V/WindowManager( 1871): Layouts looping: wallpaper and commitFinishDrawingLocked true, mPendingLayoutChanges = 0x4
V/WindowManager( 1871): Layouts looping: WallpaperMayChange, mPendingLayoutChanges = 0x4
V/WindowManager( 1871): Layouts looping: On entry to LockedInner, mPendingLayoutChanges = 0x4
V/WindowManager( 1871): Layouts looping: loop number 5, mPendingLayoutChanges = 0x0
V/WindowManager( 1871): Layouts looping: after finishPostLayoutPolicyLw, mPendingLayoutChanges = 0x0
V/WindowManager( 1871): Layouts looping: wallpaper and commitFinishDrawingLocked true, mPendingLayoutChanges = 0x4
V/WindowManager( 1871): Layouts looping: WallpaperMayChange, mPendingLayoutChanges = 0x4
V/Launcher( 9955): LauncherAppState inited
E/WindowManager( 1871): Performed 6 layouts in a row. Skipping
V/WindowManager( 1871): Layouts looping: On entry to LockedInner, mPendingLayoutChanges = 0x4
V/WindowManager( 1871): Layouts looping: loop number 4, mPendingLayoutChanges = 0x0
V/WindowManager( 1871): Layouts looping: after finishPostLayoutPolicyLw, mPendingLayoutChanges = 0x0
V/WindowManager( 1871): Layouts looping: wallpaper and commitFinishDrawingLocked true, mPendingLayoutChanges = 0x4
V/WindowManager( 1871): Layouts looping: WallpaperMayChange, mPendingLayoutChanges = 0x4
V/WindowManager( 1871): Layouts looping: On entry to LockedInner, mPendingLayoutChanges = 0x4
V/WindowManager( 1871): Layouts looping: loop number 5, mPendingLayoutChanges = 0x0
V/WindowManager( 1871): Layouts looping: after finishPostLayoutPolicyLw, mPendingLayoutChanges = 0x0
V/WindowManager( 1871): Layouts looping: wallpaper and commitFinishDrawingLocked true, mPendingLayoutChanges = 0x4
V/WindowManager( 1871): Layouts looping: WallpaperMayChange, mPendingLayoutChanges = 0x4
E/WindowManager( 1871): Performed 6 layouts in a row. Skipping
I/art     ( 1516): Explicit concurrent mark sweep GC freed 709(30KB) AllocSpace objects, 0(0B) LOS objects, 40% free, 21MB/36MB, paused 409us total 13.733ms
V/WindowManager( 1871): Layouts looping: On entry to LockedInner, mPendingLayoutChanges = 0x4
V/WindowManager( 1871): Layouts looping: loop number 4, mPendingLayoutChanges = 0x0
V/WindowManager( 1871): Layouts looping: after finishPostLayoutPolicyLw, mPendingLayoutChanges = 0x0
V/WindowManager( 1871): Layouts looping: wallpaper and commitFinishDrawingLocked true, mPendingLayoutChanges = 0x4
V/WindowManager( 1871): Layouts looping: WallpaperMayChange, mPendingLayoutChanges = 0x4
V/WindowManager( 1871): Layouts looping: On entry to LockedInner, mPendingLayoutChanges = 0x4
V/WindowManager( 1871): Layouts looping: loop number 5, mPendingLayoutChanges = 0x0
V/WindowManager( 1871): Layouts looping: after finishPostLayoutPolicyLw, mPendingLayoutChanges = 0x0
V/WindowManager( 1871): Layouts looping: wallpaper and commitFinishDrawingLocked true, mPendingLayoutChanges = 0x4
V/WindowManager( 1871): Layouts looping: WallpaperMayChange, mPendingLayoutChanges = 0x4
E/WindowManager( 1871): Performed 6 layouts in a row. Skipping
D/Launcher.Model( 9955): Old launcher provider: content://com.google.android.launcher.oldhome.settings/favorites?notify=true
D/Launcher.Model( 9955): Old launcher provider does not exist.
I/art     ( 1516): Explicit concurrent mark sweep GC freed 5(160B) AllocSpace objects, 0(0B) LOS objects, 40% free, 21MB/36MB, paused 388us total 16.237ms
V/WindowManager( 1871): Layouts looping: On entry to LockedInner, mPendingLayoutChanges = 0x4
V/WindowManager( 1871): Layouts looping: loop number 4, mPendingLayoutChanges = 0x0
V/WindowManager( 1871): Layouts looping: after finishPostLayoutPolicyLw, mPendingLayoutChanges = 0x0
V/WindowManager( 1871): Layouts looping: wallpaper and commitFinishDrawingLocked true, mPendingLayoutChanges = 0x4
V/WindowManager( 1871): Layouts looping: WallpaperMayChange, mPendingLayoutChanges = 0x4
V/WindowManager( 1871): Layouts looping: On entry to LockedInner, mPendingLayoutChanges = 0x4
V/WindowManager( 1871): Layouts looping: loop number 5, mPendingLayoutChanges = 0x0
V/WindowManager( 1871): Layouts looping: after finishPostLayoutPolicyLw, mPendingLayoutChanges = 0x0
V/WindowManager( 1871): Layouts looping: wallpaper and commitFinishDrawingLocked true, mPendingLayoutChanges = 0x4
V/WindowManager( 1871): Layouts looping: WallpaperMayChange, mPendingLayoutChanges = 0x4
E/WindowManager( 1871): Performed 6 layouts in a row. Skipping
I/art     ( 1516): Explicit concurrent mark sweep GC freed 5(160B) AllocSpace objects, 0(0B) LOS objects, 40% free, 21MB/36MB, paused 245us total 15.079ms
I/ChildProcessService( 9976): Creating new ChildProcessService pid=9976
V/WindowManager( 1871): Layouts looping: On entry to LockedInner, mPendingLayoutChanges = 0x4
V/WindowManager( 1871): Layouts looping: loop number 4, mPendingLayoutChanges = 0x0
I/ActivityManager( 1871): Killing 7621:com.google.android.keep/u0a86 (adj 15): empty #17
V/WindowManager( 1871): Layouts looping: after finishPostLayoutPolicyLw, mPendingLayoutChanges = 0x0
V/WindowManager( 1871): Layouts looping: wallpaper and commitFinishDrawingLocked true, mPendingLayoutChanges = 0x4
V/WindowManager( 1871): Layouts looping: WallpaperMayChange, mPendingLayoutChanges = 0x4
V/WindowManager( 1871): Layouts looping: On entry to LockedInner, mPendingLayoutChanges = 0x4
V/WindowManager( 1871): Layouts looping: loop number 5, mPendingLayoutChanges = 0x0
V/WindowManager( 1871): Layouts looping: after finishPostLayoutPolicyLw, mPendingLayoutChanges = 0x0
V/WindowManager( 1871): Layouts looping: wallpaper and commitFinishDrawingLocked true, mPendingLayoutChanges = 0x4
V/WindowManager( 1871): Layouts looping: WallpaperMayChange, mPendingLayoutChanges = 0x4
E/WindowManager( 1871): Performed 6 layouts in a row. Skipping
V/WindowManager( 1871): Layouts looping: On entry to LockedInner, mPendingLayoutChanges = 0x4
V/WindowManager( 1871): Layouts looping: loop number 4, mPendingLayoutChanges = 0x0
V/WindowManager( 1871): Layouts looping: after finishPostLayoutPolicyLw, mPendingLayoutChanges = 0x0
V/WindowManager( 1871): Layouts looping: wallpaper and commitFinishDrawingLocked true, mPendingLayoutChanges = 0x4
V/WindowManager( 1871): Layouts looping: WallpaperMayChange, mPendingLayoutChanges = 0x4
V/WindowManager( 1871): Layouts looping: On entry to LockedInner, mPendingLayoutChanges = 0x4
V/WindowManager( 1871): Layouts looping: loop number 5, mPendingLayoutChanges = 0x0
V/WindowManager( 1871): Layouts looping: after finishPostLayoutPolicyLw, mPendingLayoutChanges = 0x0
V/WindowManager( 1871): Layouts looping: wallpaper and commitFinishDrawingLocked true, mPendingLayoutChanges = 0x4
V/WindowManager( 1871): Layouts looping: WallpaperMayChange, mPendingLayoutChanges = 0x4
E/WindowManager( 1871): Performed 6 layouts in a row. Skipping
V/WindowManager( 1871): Layouts looping: On entry to LockedInner, mPendingLayoutChanges = 0x4
V/WindowManager( 1871): Layouts looping: loop number 4, mPendingLayoutChanges = 0x0
V/WindowManager( 1871): Layouts looping: after finishPostLayoutPolicyLw, mPendingLayoutChanges = 0x0
V/WindowManager( 1871): Layouts looping: wallpaper and commitFinishDrawingLocked true, mPendingLayoutChanges = 0x4
V/WindowManager( 1871): Layouts looping: WallpaperMayChange, mPendingLayoutChanges = 0x4
V/WindowManager( 1871): Layouts looping: On entry to LockedInner, mPendingLayoutChanges = 0x4
V/WindowManager( 1871): Layouts looping: loop number 5, mPendingLayoutChanges = 0x0
V/WindowManager( 1871): Layouts looping: after finishPostLayoutPolicyLw, mPendingLayoutChanges = 0x0
V/WindowManager( 1871): Layouts looping: wallpaper and commitFinishDrawingLocked true, mPendingLayoutChanges = 0x4
V/WindowManager( 1871): Layouts looping: WallpaperMayChange, mPendingLayoutChanges = 0x4
E/WindowManager( 1871): Performed 6 layouts in a row. Skipping
V/WindowManager( 1871): Layouts looping: On entry to LockedInner, mPendingLayoutChanges = 0x4
V/WindowManager( 1871): Layouts looping: loop number 4, mPendingLayoutChanges = 0x0
V/WindowManager( 1871): Layouts looping: after finishPostLayoutPolicyLw, mPendingLayoutChanges = 0x0
V/WindowManager( 1871): Layouts looping: wallpaper and commitFinishDrawingLocked true, mPendingLayoutChanges = 0x4
V/WindowManager( 1871): Layouts looping: WallpaperMayChange, mPendingLayoutChanges = 0x4
V/WindowManager( 1871): Layouts looping: On entry to LockedInner, mPendingLayoutChanges = 0x4
V/WindowManager( 1871): Layouts looping: loop number 5, mPendingLayoutChanges = 0x0
V/WindowManager( 1871): Layouts looping: after finishPostLayoutPolicyLw, mPendingLayoutChanges = 0x0
V/WindowManager( 1871): Layouts looping: wallpaper and commitFinishDrawingLocked true, mPendingLayoutChanges = 0x4
